[0.007s] Invoking command in '/home/timi/ros2_ws/build/jetracer_description': CMAKE_PREFIX_PATH=/opt/ros/humble /usr/bin/cmake --build /home/timi/ros2_ws/build/jetracer_description -- -j20 -l20
[0.024s] -- Found ament_cmake: 1.3.11 (/opt/ros/humble/share/ament_cmake/cmake)
[0.135s] -- Configuring done
[0.136s] -- Generating done
[0.137s] -- Build files have been written to: /home/timi/ros2_ws/build/jetracer_description
[0.153s] Invoked command in '/home/timi/ros2_ws/build/jetracer_description' returned '0': CMAKE_PREFIX_PATH=/opt/ros/humble /usr/bin/cmake --build /home/timi/ros2_ws/build/jetracer_description -- -j20 -l20
[0.158s] Invoking command in '/home/timi/ros2_ws/build/jetracer_description': CMAKE_PREFIX_PATH=/opt/ros/humble /usr/bin/cmake --install /home/timi/ros2_ws/build/jetracer_description
[0.166s] -- Install configuration: ""
[0.167s] -- Up-to-date: /home/timi/ros2_ws/install/jetracer_description/share/jetracer_description/urdf
[0.167s] -- Up-to-date: /home/timi/ros2_ws/install/jetracer_description/share/jetracer_description/urdf/jetracer.urdf
[0.167s] -- Installing: /home/timi/ros2_ws/install/jetracer_description/share/jetracer_description/launch
[0.167s] -- Installing: /home/timi/ros2_ws/install/jetracer_description/share/jetracer_description/launch/display.launch.xml
[0.167s] -- Up-to-date: /home/timi/ros2_ws/install/jetracer_description/share/ament_index/resource_index/package_run_dependencies/jetracer_description
[0.167s] -- Up-to-date: /home/timi/ros2_ws/install/jetracer_description/share/ament_index/resource_index/parent_prefix_path/jetracer_description
[0.167s] -- Up-to-date: /home/timi/ros2_ws/install/jetracer_description/share/jetracer_description/environment/ament_prefix_path.sh
[0.167s] -- Installing: /home/timi/ros2_ws/install/jetracer_description/share/jetracer_description/environment/ament_prefix_path.dsv
[0.167s] -- Up-to-date: /home/timi/ros2_ws/install/jetracer_description/share/jetracer_description/environment/path.sh
[0.167s] -- Installing: /home/timi/ros2_ws/install/jetracer_description/share/jetracer_description/environment/path.dsv
[0.167s] -- Up-to-date: /home/timi/ros2_ws/install/jetracer_description/share/jetracer_description/local_setup.bash
[0.167s] -- Up-to-date: /home/timi/ros2_ws/install/jetracer_description/share/jetracer_description/local_setup.sh
[0.167s] -- Up-to-date: /home/timi/ros2_ws/install/jetracer_description/share/jetracer_description/local_setup.zsh
[0.167s] -- Installing: /home/timi/ros2_ws/install/jetracer_description/share/jetracer_description/local_setup.dsv
[0.167s] -- Installing: /home/timi/ros2_ws/install/jetracer_description/share/jetracer_description/package.dsv
[0.167s] -- Up-to-date: /home/timi/ros2_ws/install/jetracer_description/share/ament_index/resource_index/packages/jetracer_description
[0.167s] -- Up-to-date: /home/timi/ros2_ws/install/jetracer_description/share/jetracer_description/cmake/jetracer_descriptionConfig.cmake
[0.167s] -- Up-to-date: /home/timi/ros2_ws/install/jetracer_description/share/jetracer_description/cmake/jetracer_descriptionConfig-version.cmake
[0.167s] -- Up-to-date: /home/timi/ros2_ws/install/jetracer_description/share/jetracer_description/package.xml
[0.169s] Invoked command in '/home/timi/ros2_ws/build/jetracer_description' returned '0': CMAKE_PREFIX_PATH=/opt/ros/humble /usr/bin/cmake --install /home/timi/ros2_ws/build/jetracer_description
