[0.010s] Invoking command in '/home/timi/ros2_ws/build/my_robot_bringup': CMAKE_PREFIX_PATH=${CMAKE_PREFIX_PATH}:/opt/ros/humble /usr/bin/cmake /home/timi/ros2_ws/src/my_robot_bringup -DAMENT_CMAKE_SYMLINK_INSTALL=1 -DCMAKE_INSTALL_PREFIX=/home/timi/ros2_ws/install/my_robot_bringup
[0.019s] -- Found ament_cmake: 1.3.11 (/opt/ros/humble/share/ament_cmake/cmake)
[0.094s] -- Override CMake install command with custom implementation using symlinks instead of copying resources
[0.139s] -- Configuring done
[0.142s] -- Generating done
[0.143s] -- Build files have been written to: /home/timi/ros2_ws/build/my_robot_bringup
[0.146s] Invoked command in '/home/timi/ros2_ws/build/my_robot_bringup' returned '0': CMAKE_PREFIX_PATH=${CMAKE_PREFIX_PATH}:/opt/ros/humble /usr/bin/cmake /home/timi/ros2_ws/src/my_robot_bringup -DAMENT_CMAKE_SYMLINK_INSTALL=1 -DCMAKE_INSTALL_PREFIX=/home/timi/ros2_ws/install/my_robot_bringup
[0.147s] Invoking command in '/home/timi/ros2_ws/build/my_robot_bringup': CMAKE_PREFIX_PATH=${CMAKE_PREFIX_PATH}:/opt/ros/humble /usr/bin/cmake --build /home/timi/ros2_ws/build/my_robot_bringup -- -j20 -l20
[0.173s] Invoked command in '/home/timi/ros2_ws/build/my_robot_bringup' returned '0': CMAKE_PREFIX_PATH=${CMAKE_PREFIX_PATH}:/opt/ros/humble /usr/bin/cmake --build /home/timi/ros2_ws/build/my_robot_bringup -- -j20 -l20
[0.181s] Invoking command in '/home/timi/ros2_ws/build/my_robot_bringup': CMAKE_PREFIX_PATH=${CMAKE_PREFIX_PATH}:/opt/ros/humble /usr/bin/cmake --install /home/timi/ros2_ws/build/my_robot_bringup
[0.186s] -- Install configuration: ""
[0.187s] -- Execute custom install script
[0.187s] -- Up-to-date symlink: /home/timi/ros2_ws/install/my_robot_bringup/share/my_robot_bringup//launch/my_robot_gazebo.launch.xml
[0.187s] -- Up-to-date symlink: /home/timi/ros2_ws/install/my_robot_bringup/share/my_robot_bringup//config/gazebo_bridge.yaml
[0.187s] -- Up-to-date symlink: /home/timi/ros2_ws/install/my_robot_bringup/share/my_robot_bringup//worlds/test_world.sdf
[0.187s] -- Up-to-date symlink: /home/timi/ros2_ws/install/my_robot_bringup/share/ament_index/resource_index/package_run_dependencies/my_robot_bringup
[0.187s] -- Up-to-date symlink: /home/timi/ros2_ws/install/my_robot_bringup/share/ament_index/resource_index/parent_prefix_path/my_robot_bringup
[0.187s] -- Up-to-date symlink: /home/timi/ros2_ws/install/my_robot_bringup/share/my_robot_bringup/environment/ament_prefix_path.sh
[0.187s] -- Up-to-date symlink: /home/timi/ros2_ws/install/my_robot_bringup/share/my_robot_bringup/environment/ament_prefix_path.dsv
[0.187s] -- Up-to-date symlink: /home/timi/ros2_ws/install/my_robot_bringup/share/my_robot_bringup/environment/path.sh
[0.187s] -- Up-to-date symlink: /home/timi/ros2_ws/install/my_robot_bringup/share/my_robot_bringup/environment/path.dsv
[0.187s] -- Up-to-date symlink: /home/timi/ros2_ws/install/my_robot_bringup/share/my_robot_bringup/local_setup.bash
[0.187s] -- Up-to-date symlink: /home/timi/ros2_ws/install/my_robot_bringup/share/my_robot_bringup/local_setup.sh
[0.187s] -- Up-to-date symlink: /home/timi/ros2_ws/install/my_robot_bringup/share/my_robot_bringup/local_setup.zsh
[0.187s] -- Up-to-date symlink: /home/timi/ros2_ws/install/my_robot_bringup/share/my_robot_bringup/local_setup.dsv
[0.187s] -- Symlinking: /home/timi/ros2_ws/install/my_robot_bringup/share/my_robot_bringup/package.dsv
[0.194s] -- Up-to-date symlink: /home/timi/ros2_ws/install/my_robot_bringup/share/ament_index/resource_index/packages/my_robot_bringup
[0.194s] -- Up-to-date symlink: /home/timi/ros2_ws/install/my_robot_bringup/share/my_robot_bringup/cmake/my_robot_bringupConfig.cmake
[0.194s] -- Up-to-date symlink: /home/timi/ros2_ws/install/my_robot_bringup/share/my_robot_bringup/cmake/my_robot_bringupConfig-version.cmake
[0.194s] -- Up-to-date symlink: /home/timi/ros2_ws/install/my_robot_bringup/share/my_robot_bringup/package.xml
[0.195s] Invoked command in '/home/timi/ros2_ws/build/my_robot_bringup' returned '0': CMAKE_PREFIX_PATH=${CMAKE_PREFIX_PATH}:/opt/ros/humble /usr/bin/cmake --install /home/timi/ros2_ws/build/my_robot_bringup
