[0.009s] Invoking command in '/home/timi/ros2_ws/build/jetracer_bringup': CMAKE_PREFIX_PATH=${CMAKE_PREFIX_PATH}:/opt/ros/humble /usr/bin/cmake /home/timi/ros2_ws/src/jetracer_bringup -DCMAKE_INSTALL_PREFIX=/home/timi/ros2_ws/install/jetracer_bringup
[0.035s] -- Found ament_cmake: 1.3.11 (/opt/ros/humble/share/ament_cmake/cmake)
[0.127s] -- Override CMake install command with custom implementation using symlinks instead of copying resources
[0.187s] -- Configuring done
[0.191s] -- Generating done
[0.193s] -- Build files have been written to: /home/timi/ros2_ws/build/jetracer_bringup
[0.195s] Invoked command in '/home/timi/ros2_ws/build/jetracer_bringup' returned '0': CMAKE_PREFIX_PATH=${CMAKE_PREFIX_PATH}:/opt/ros/humble /usr/bin/cmake /home/timi/ros2_ws/src/jetracer_bringup -DCMAKE_INSTALL_PREFIX=/home/timi/ros2_ws/install/jetracer_bringup
[0.196s] Invoking command in '/home/timi/ros2_ws/build/jetracer_bringup': CMAKE_PREFIX_PATH=${CMAKE_PREFIX_PATH}:/opt/ros/humble /usr/bin/cmake --build /home/timi/ros2_ws/build/jetracer_bringup -- -j20 -l20
[0.231s] Invoked command in '/home/timi/ros2_ws/build/jetracer_bringup' returned '0': CMAKE_PREFIX_PATH=${CMAKE_PREFIX_PATH}:/opt/ros/humble /usr/bin/cmake --build /home/timi/ros2_ws/build/jetracer_bringup -- -j20 -l20
[0.232s] Invoking command in '/home/timi/ros2_ws/build/jetracer_bringup': CMAKE_PREFIX_PATH=${CMAKE_PREFIX_PATH}:/opt/ros/humble /usr/bin/cmake --install /home/timi/ros2_ws/build/jetracer_bringup
[0.237s] -- Install configuration: ""
[0.238s] -- Execute custom install script
[0.238s] -- Up-to-date symlink: /home/timi/ros2_ws/install/jetracer_bringup/share/jetracer_bringup//launch/jetracer_gazebo.launch.xml
[0.238s] -- Up-to-date symlink: /home/timi/ros2_ws/install/jetracer_bringup/share/jetracer_bringup//config/gazebo_bridge.yaml
[0.239s] -- Up-to-date symlink: /home/timi/ros2_ws/install/jetracer_bringup/share/ament_index/resource_index/package_run_dependencies/jetracer_bringup
[0.239s] -- Up-to-date symlink: /home/timi/ros2_ws/install/jetracer_bringup/share/ament_index/resource_index/parent_prefix_path/jetracer_bringup
[0.239s] -- Up-to-date symlink: /home/timi/ros2_ws/install/jetracer_bringup/share/jetracer_bringup/environment/ament_prefix_path.sh
[0.240s] -- Up-to-date symlink: /home/timi/ros2_ws/install/jetracer_bringup/share/jetracer_bringup/environment/ament_prefix_path.dsv
[0.240s] -- Up-to-date symlink: /home/timi/ros2_ws/install/jetracer_bringup/share/jetracer_bringup/environment/path.sh
[0.240s] -- Up-to-date symlink: /home/timi/ros2_ws/install/jetracer_bringup/share/jetracer_bringup/environment/path.dsv
[0.241s] -- Up-to-date symlink: /home/timi/ros2_ws/install/jetracer_bringup/share/jetracer_bringup/local_setup.bash
[0.241s] -- Up-to-date symlink: /home/timi/ros2_ws/install/jetracer_bringup/share/jetracer_bringup/local_setup.sh
[0.241s] -- Up-to-date symlink: /home/timi/ros2_ws/install/jetracer_bringup/share/jetracer_bringup/local_setup.zsh
[0.242s] -- Up-to-date symlink: /home/timi/ros2_ws/install/jetracer_bringup/share/jetracer_bringup/local_setup.dsv
[0.242s] -- Symlinking: /home/timi/ros2_ws/install/jetracer_bringup/share/jetracer_bringup/package.dsv
[0.248s] -- Up-to-date symlink: /home/timi/ros2_ws/install/jetracer_bringup/share/ament_index/resource_index/packages/jetracer_bringup
[0.248s] -- Up-to-date symlink: /home/timi/ros2_ws/install/jetracer_bringup/share/jetracer_bringup/cmake/jetracer_bringupConfig.cmake
[0.249s] -- Up-to-date symlink: /home/timi/ros2_ws/install/jetracer_bringup/share/jetracer_bringup/cmake/jetracer_bringupConfig-version.cmake
[0.249s] -- Up-to-date symlink: /home/timi/ros2_ws/install/jetracer_bringup/share/jetracer_bringup/package.xml
[0.266s] Invoked command in '/home/timi/ros2_ws/build/jetracer_bringup' returned '0': CMAKE_PREFIX_PATH=${CMAKE_PREFIX_PATH}:/opt/ros/humble /usr/bin/cmake --install /home/timi/ros2_ws/build/jetracer_bringup
