[0.011s] Invoking command in '/home/timi/ros2_ws/build/jetracer_bringup': CMAKE_PREFIX_PATH=${CMAKE_PREFIX_PATH}:/opt/ros/humble /usr/bin/cmake --build /home/timi/ros2_ws/build/jetracer_bringup -- -j20 -l20
[0.025s] -- Found ament_cmake: 1.3.11 (/opt/ros/humble/share/ament_cmake/cmake)
[0.098s] -- Override CMake install command with custom implementation using symlinks instead of copying resources
[0.138s] -- Configuring done
[0.139s] -- Generating done
[0.140s] -- Build files have been written to: /home/timi/ros2_ws/build/jetracer_bringup
[0.155s] Invoked command in '/home/timi/ros2_ws/build/jetracer_bringup' returned '0': CMAKE_PREFIX_PATH=${CMAKE_PREFIX_PATH}:/opt/ros/humble /usr/bin/cmake --build /home/timi/ros2_ws/build/jetracer_bringup -- -j20 -l20
[0.156s] Invoking command in '/home/timi/ros2_ws/build/jetracer_bringup': CMAKE_PREFIX_PATH=${CMAKE_PREFIX_PATH}:/opt/ros/humble /usr/bin/cmake --install /home/timi/ros2_ws/build/jetracer_bringup
[0.159s] -- Install configuration: ""
[0.159s] -- Execute custom install script
[0.160s] -- Up-to-date symlink: /home/timi/ros2_ws/install/jetracer_bringup/share/jetracer_bringup//launch/jetracer_gazebo.launch.xml
[0.160s] -- Up-to-date symlink: /home/timi/ros2_ws/install/jetracer_bringup/share/jetracer_bringup//config/gazebo_bridge.yaml
[0.160s] -- Up-to-date symlink: /home/timi/ros2_ws/install/jetracer_bringup/share/ament_index/resource_index/package_run_dependencies/jetracer_bringup
[0.160s] -- Up-to-date symlink: /home/timi/ros2_ws/install/jetracer_bringup/share/ament_index/resource_index/parent_prefix_path/jetracer_bringup
[0.160s] -- Up-to-date symlink: /home/timi/ros2_ws/install/jetracer_bringup/share/jetracer_bringup/environment/ament_prefix_path.sh
[0.160s] -- Up-to-date symlink: /home/timi/ros2_ws/install/jetracer_bringup/share/jetracer_bringup/environment/ament_prefix_path.dsv
[0.160s] -- Up-to-date symlink: /home/timi/ros2_ws/install/jetracer_bringup/share/jetracer_bringup/environment/path.sh
[0.160s] -- Up-to-date symlink: /home/timi/ros2_ws/install/jetracer_bringup/share/jetracer_bringup/environment/path.dsv
[0.160s] -- Up-to-date symlink: /home/timi/ros2_ws/install/jetracer_bringup/share/jetracer_bringup/local_setup.bash
[0.160s] -- Up-to-date symlink: /home/timi/ros2_ws/install/jetracer_bringup/share/jetracer_bringup/local_setup.sh
[0.160s] -- Up-to-date symlink: /home/timi/ros2_ws/install/jetracer_bringup/share/jetracer_bringup/local_setup.zsh
[0.160s] -- Up-to-date symlink: /home/timi/ros2_ws/install/jetracer_bringup/share/jetracer_bringup/local_setup.dsv
[0.160s] -- Symlinking: /home/timi/ros2_ws/install/jetracer_bringup/share/jetracer_bringup/package.dsv
[0.165s] -- Up-to-date symlink: /home/timi/ros2_ws/install/jetracer_bringup/share/ament_index/resource_index/packages/jetracer_bringup
[0.165s] -- Up-to-date symlink: /home/timi/ros2_ws/install/jetracer_bringup/share/jetracer_bringup/cmake/jetracer_bringupConfig.cmake
[0.165s] -- Up-to-date symlink: /home/timi/ros2_ws/install/jetracer_bringup/share/jetracer_bringup/cmake/jetracer_bringupConfig-version.cmake
[0.166s] -- Up-to-date symlink: /home/timi/ros2_ws/install/jetracer_bringup/share/jetracer_bringup/package.xml
[0.167s] Invoked command in '/home/timi/ros2_ws/build/jetracer_bringup' returned '0': CMAKE_PREFIX_PATH=${CMAKE_PREFIX_PATH}:/opt/ros/humble /usr/bin/cmake --install /home/timi/ros2_ws/build/jetracer_bringup
