-- Found ament_cmake: 1.3.11 (/opt/ros/humble/share/ament_cmake/cmake)
-- Override CMake install command with custom implementation using symlinks instead of copying resources
-- Configuring done
-- Generating done
-- Build files have been written to: /home/timi/ros2_ws/build/jetracer_bringup
-- Install configuration: ""
-- Execute custom install script
-- Symlinking: /home/timi/ros2_ws/install/jetracer_bringup/share/jetracer_bringup//launch/jetracer_gazebo.launch.xml
-- Symlinking: /home/timi/ros2_ws/install/jetracer_bringup/share/ament_index/resource_index/package_run_dependencies/jetracer_bringup
-- Symlinking: /home/timi/ros2_ws/install/jetracer_bringup/share/ament_index/resource_index/parent_prefix_path/jetracer_bringup
-- Symlinking: /home/timi/ros2_ws/install/jetracer_bringup/share/jetracer_bringup/environment/ament_prefix_path.sh
-- Symlinking: /home/timi/ros2_ws/install/jetracer_bringup/share/jetracer_bringup/environment/ament_prefix_path.dsv
-- Symlinking: /home/timi/ros2_ws/install/jetracer_bringup/share/jetracer_bringup/environment/path.sh
-- Symlinking: /home/timi/ros2_ws/install/jetracer_bringup/share/jetracer_bringup/environment/path.dsv
-- Symlinking: /home/timi/ros2_ws/install/jetracer_bringup/share/jetracer_bringup/local_setup.bash
-- Symlinking: /home/timi/ros2_ws/install/jetracer_bringup/share/jetracer_bringup/local_setup.sh
-- Symlinking: /home/timi/ros2_ws/install/jetracer_bringup/share/jetracer_bringup/local_setup.zsh
-- Symlinking: /home/timi/ros2_ws/install/jetracer_bringup/share/jetracer_bringup/local_setup.dsv
-- Symlinking: /home/timi/ros2_ws/install/jetracer_bringup/share/jetracer_bringup/package.dsv
-- Symlinking: /home/timi/ros2_ws/install/jetracer_bringup/share/ament_index/resource_index/packages/jetracer_bringup
-- Symlinking: /home/timi/ros2_ws/install/jetracer_bringup/share/jetracer_bringup/cmake/jetracer_bringupConfig.cmake
-- Symlinking: /home/timi/ros2_ws/install/jetracer_bringup/share/jetracer_bringup/cmake/jetracer_bringupConfig-version.cmake
-- Symlinking: /home/timi/ros2_ws/install/jetracer_bringup/share/jetracer_bringup/package.xml
