[0.011s] Invoking command in '/home/timi/ros2_ws/build/jetracer_bringup': CMAKE_PREFIX_PATH=${CMAKE_PREFIX_PATH}:/opt/ros/humble /usr/bin/cmake /home/timi/ros2_ws/src/jetracer_bringup -DAMENT_CMAKE_SYMLINK_INSTALL=1 -DCMAKE_INSTALL_PREFIX=/home/timi/ros2_ws/install/jetracer_bringup
[0.019s] -- Found ament_cmake: 1.3.11 (/opt/ros/humble/share/ament_cmake/cmake)
[0.091s] -- Override CMake install command with custom implementation using symlinks instead of copying resources
[0.140s] -- Configuring done
[0.142s] -- Generating done
[0.142s] -- Build files have been written to: /home/timi/ros2_ws/build/jetracer_bringup
[0.144s] Invoked command in '/home/timi/ros2_ws/build/jetracer_bringup' returned '0': CMAKE_PREFIX_PATH=${CMAKE_PREFIX_PATH}:/opt/ros/humble /usr/bin/cmake /home/timi/ros2_ws/src/jetracer_bringup -DAMENT_CMAKE_SYMLINK_INSTALL=1 -DCMAKE_INSTALL_PREFIX=/home/timi/ros2_ws/install/jetracer_bringup
[0.145s] Invoking command in '/home/timi/ros2_ws/build/jetracer_bringup': CMAKE_PREFIX_PATH=${CMAKE_PREFIX_PATH}:/opt/ros/humble /usr/bin/cmake --build /home/timi/ros2_ws/build/jetracer_bringup -- -j20 -l20
[0.167s] Invoked command in '/home/timi/ros2_ws/build/jetracer_bringup' returned '0': CMAKE_PREFIX_PATH=${CMAKE_PREFIX_PATH}:/opt/ros/humble /usr/bin/cmake --build /home/timi/ros2_ws/build/jetracer_bringup -- -j20 -l20
[0.173s] Invoking command in '/home/timi/ros2_ws/build/jetracer_bringup': CMAKE_PREFIX_PATH=${CMAKE_PREFIX_PATH}:/opt/ros/humble /usr/bin/cmake --install /home/timi/ros2_ws/build/jetracer_bringup
[0.177s] -- Install configuration: ""
[0.177s] -- Execute custom install script
[0.177s] -- Symlinking: /home/timi/ros2_ws/install/jetracer_bringup/share/jetracer_bringup//launch/jetracer_gazebo.launch.xml
[0.183s] -- Symlinking: /home/timi/ros2_ws/install/jetracer_bringup/share/ament_index/resource_index/package_run_dependencies/jetracer_bringup
[0.188s] -- Symlinking: /home/timi/ros2_ws/install/jetracer_bringup/share/ament_index/resource_index/parent_prefix_path/jetracer_bringup
[0.194s] -- Symlinking: /home/timi/ros2_ws/install/jetracer_bringup/share/jetracer_bringup/environment/ament_prefix_path.sh
[0.199s] -- Symlinking: /home/timi/ros2_ws/install/jetracer_bringup/share/jetracer_bringup/environment/ament_prefix_path.dsv
[0.205s] -- Symlinking: /home/timi/ros2_ws/install/jetracer_bringup/share/jetracer_bringup/environment/path.sh
[0.213s] -- Symlinking: /home/timi/ros2_ws/install/jetracer_bringup/share/jetracer_bringup/environment/path.dsv
[0.219s] -- Symlinking: /home/timi/ros2_ws/install/jetracer_bringup/share/jetracer_bringup/local_setup.bash
[0.226s] -- Symlinking: /home/timi/ros2_ws/install/jetracer_bringup/share/jetracer_bringup/local_setup.sh
[0.231s] -- Symlinking: /home/timi/ros2_ws/install/jetracer_bringup/share/jetracer_bringup/local_setup.zsh
[0.238s] -- Symlinking: /home/timi/ros2_ws/install/jetracer_bringup/share/jetracer_bringup/local_setup.dsv
[0.243s] -- Symlinking: /home/timi/ros2_ws/install/jetracer_bringup/share/jetracer_bringup/package.dsv
[0.250s] -- Symlinking: /home/timi/ros2_ws/install/jetracer_bringup/share/ament_index/resource_index/packages/jetracer_bringup
[0.256s] -- Symlinking: /home/timi/ros2_ws/install/jetracer_bringup/share/jetracer_bringup/cmake/jetracer_bringupConfig.cmake
[0.262s] -- Symlinking: /home/timi/ros2_ws/install/jetracer_bringup/share/jetracer_bringup/cmake/jetracer_bringupConfig-version.cmake
[0.267s] -- Symlinking: /home/timi/ros2_ws/install/jetracer_bringup/share/jetracer_bringup/package.xml
[0.274s] Invoked command in '/home/timi/ros2_ws/build/jetracer_bringup' returned '0': CMAKE_PREFIX_PATH=${CMAKE_PREFIX_PATH}:/opt/ros/humble /usr/bin/cmake --install /home/timi/ros2_ws/build/jetracer_bringup
