[0.055s] DEBUG:colcon:Command line arguments: ['/usr/bin/colcon', 'build', '--symlink-install']
[0.055s] DEBUG:colcon:Parsed command line arguments: Namespace(log_base=None, log_level=None, verb_name='build', build_base='build', install_base='install', merge_install=False, symlink_install=True, test_result_base=None, continue_on_error=False, executor='parallel', parallel_workers=20, event_handlers=None, ignore_user_meta=False, metas=['./colcon.meta'], base_paths=['.'], packages_ignore=None, packages_ignore_regex=None, paths=None, packages_up_to=None, packages_up_to_regex=None, packages_above=None, packages_above_and_dependencies=None, packages_above_depth=None, packages_select_by_dep=None, packages_skip_by_dep=None, packages_skip_up_to=None, packages_select_build_failed=False, packages_skip_build_finished=False, packages_select_test_failures=False, packages_skip_test_passed=False, packages_select=None, packages_skip=None, packages_select_regex=None, packages_skip_regex=None, packages_start=None, packages_end=None, allow_overriding=[], cmake_args=None, cmake_target=None, cmake_target_skip_unavailable=False, cmake_clean_cache=False, cmake_clean_first=False, cmake_force_configure=False, ament_cmake_args=None, catkin_cmake_args=None, catkin_skip_building_tests=False, mixin_files=None, mixin=None, verb_parser=<colcon_mixin.mixin.mixin_argument.MixinArgumentDecorator object at 0x708ac6d5e9b0>, verb_extension=<colcon_core.verb.build.BuildVerb object at 0x708ac6d5e4a0>, main=<bound method BuildVerb.main of <colcon_core.verb.build.BuildVerb object at 0x708ac6d5e4a0>>, mixin_verb=('build',))
[0.153s] Level 1:colcon.colcon_core.package_discovery:discover_packages(colcon_meta) check parameters
[0.153s] Level 1:colcon.colcon_core.package_discovery:discover_packages(recursive) check parameters
[0.153s] Level 1:colcon.colcon_core.package_discovery:discover_packages(ignore) check parameters
[0.153s] Level 1:colcon.colcon_core.package_discovery:discover_packages(path) check parameters
[0.153s] Level 1:colcon.colcon_core.package_discovery:discover_packages(colcon_meta) discover
[0.153s] Level 1:colcon.colcon_core.package_discovery:discover_packages(recursive) discover
[0.153s] INFO:colcon.colcon_core.package_discovery:Crawling recursively for packages in '/home/timi/ros2_ws'
[0.153s] Level 1:colcon.colcon_core.package_identification:_identify(.) by extensions ['ignore', 'ignore_ament_install']
[0.153s] Level 1:colcon.colcon_core.package_identification:_identify(.) by extension 'ignore'
[0.153s] Level 1:colcon.colcon_core.package_identification:_identify(.) by extension 'ignore_ament_install'
[0.153s] Level 1:colcon.colcon_core.package_identification:_identify(.) by extensions ['colcon_pkg']
[0.153s] Level 1:colcon.colcon_core.package_identification:_identify(.) by extension 'colcon_pkg'
[0.153s] Level 1:colcon.colcon_core.package_identification:_identify(.) by extensions ['colcon_meta']
[0.153s] Level 1:colcon.colcon_core.package_identification:_identify(.) by extension 'colcon_meta'
[0.153s] Level 1:colcon.colcon_core.package_identification:_identify(.) by extensions ['ros']
[0.153s] Level 1:colcon.colcon_core.package_identification:_identify(.) by extension 'ros'
[0.163s] Level 1:colcon.colcon_core.package_identification:_identify(.) by extensions ['cmake', 'python']
[0.163s] Level 1:colcon.colcon_core.package_identification:_identify(.) by extension 'cmake'
[0.163s] Level 1:colcon.colcon_core.package_identification:_identify(.) by extension 'python'
[0.164s] Level 1:colcon.colcon_core.package_identification:_identify(.) by extensions ['python_setup_py']
[0.164s] Level 1:colcon.colcon_core.package_identification:_identify(.) by extension 'python_setup_py'
[0.164s] Level 1:colcon.colcon_core.package_identification:_identify(build) by extensions ['ignore', 'ignore_ament_install']
[0.164s] Level 1:colcon.colcon_core.package_identification:_identify(build) by extension 'ignore'
[0.164s] Level 1:colcon.colcon_core.package_identification:_identify(build) ignored
[0.164s] Level 1:colcon.colcon_core.package_identification:_identify(install) by extensions ['ignore', 'ignore_ament_install']
[0.164s] Level 1:colcon.colcon_core.package_identification:_identify(install) by extension 'ignore'
[0.164s] Level 1:colcon.colcon_core.package_identification:_identify(install) ignored
[0.164s] Level 1:colcon.colcon_core.package_identification:_identify(log) by extensions ['ignore', 'ignore_ament_install']
[0.164s] Level 1:colcon.colcon_core.package_identification:_identify(log) by extension 'ignore'
[0.164s] Level 1:colcon.colcon_core.package_identification:_identify(log) ignored
[0.164s] Level 1:colcon.colcon_core.package_identification:_identify(src) by extensions ['ignore', 'ignore_ament_install']
[0.164s] Level 1:colcon.colcon_core.package_identification:_identify(src) by extension 'ignore'
[0.164s] Level 1:colcon.colcon_core.package_identification:_identify(src) by extension 'ignore_ament_install'
[0.164s] Level 1:colcon.colcon_core.package_identification:_identify(src) by extensions ['colcon_pkg']
[0.164s] Level 1:colcon.colcon_core.package_identification:_identify(src) by extension 'colcon_pkg'
[0.164s] Level 1:colcon.colcon_core.package_identification:_identify(src) by extensions ['colcon_meta']
[0.164s] Level 1:colcon.colcon_core.package_identification:_identify(src) by extension 'colcon_meta'
[0.164s] Level 1:colcon.colcon_core.package_identification:_identify(src) by extensions ['ros']
[0.164s] Level 1:colcon.colcon_core.package_identification:_identify(src) by extension 'ros'
[0.164s] Level 1:colcon.colcon_core.package_identification:_identify(src) by extensions ['cmake', 'python']
[0.164s] Level 1:colcon.colcon_core.package_identification:_identify(src) by extension 'cmake'
[0.164s] Level 1:colcon.colcon_core.package_identification:_identify(src) by extension 'python'
[0.164s] Level 1:colcon.colcon_core.package_identification:_identify(src) by extensions ['python_setup_py']
[0.164s] Level 1:colcon.colcon_core.package_identification:_identify(src) by extension 'python_setup_py'
[0.164s] Level 1:colcon.colcon_core.package_identification:_identify(src/jetracer_bringup) by extensions ['ignore', 'ignore_ament_install']
[0.164s] Level 1:colcon.colcon_core.package_identification:_identify(src/jetracer_bringup) by extension 'ignore'
[0.164s] Level 1:colcon.colcon_core.package_identification:_identify(src/jetracer_bringup) by extension 'ignore_ament_install'
[0.164s] Level 1:colcon.colcon_core.package_identification:_identify(src/jetracer_bringup) by extensions ['colcon_pkg']
[0.164s] Level 1:colcon.colcon_core.package_identification:_identify(src/jetracer_bringup) by extension 'colcon_pkg'
[0.164s] Level 1:colcon.colcon_core.package_identification:_identify(src/jetracer_bringup) by extensions ['colcon_meta']
[0.164s] Level 1:colcon.colcon_core.package_identification:_identify(src/jetracer_bringup) by extension 'colcon_meta'
[0.164s] Level 1:colcon.colcon_core.package_identification:_identify(src/jetracer_bringup) by extensions ['ros']
[0.164s] Level 1:colcon.colcon_core.package_identification:_identify(src/jetracer_bringup) by extension 'ros'
[0.166s] DEBUG:colcon.colcon_core.package_identification:Package 'src/jetracer_bringup' with type 'ros.ament_cmake' and name 'jetracer_bringup'
[0.166s] Level 1:colcon.colcon_core.package_identification:_identify(src/jetracer_description) by extensions ['ignore', 'ignore_ament_install']
[0.166s] Level 1:colcon.colcon_core.package_identification:_identify(src/jetracer_description) by extension 'ignore'
[0.166s] Level 1:colcon.colcon_core.package_identification:_identify(src/jetracer_description) by extension 'ignore_ament_install'
[0.166s] Level 1:colcon.colcon_core.package_identification:_identify(src/jetracer_description) by extensions ['colcon_pkg']
[0.166s] Level 1:colcon.colcon_core.package_identification:_identify(src/jetracer_description) by extension 'colcon_pkg'
[0.166s] Level 1:colcon.colcon_core.package_identification:_identify(src/jetracer_description) by extensions ['colcon_meta']
[0.166s] Level 1:colcon.colcon_core.package_identification:_identify(src/jetracer_description) by extension 'colcon_meta'
[0.166s] Level 1:colcon.colcon_core.package_identification:_identify(src/jetracer_description) by extensions ['ros']
[0.166s] Level 1:colcon.colcon_core.package_identification:_identify(src/jetracer_description) by extension 'ros'
[0.166s] DEBUG:colcon.colcon_core.package_identification:Package 'src/jetracer_description' with type 'ros.ament_cmake' and name 'jetracer_description'
[0.166s] Level 1:colcon.colcon_core.package_identification:_identify(src/my_robot_bringup) by extensions ['ignore', 'ignore_ament_install']
[0.166s] Level 1:colcon.colcon_core.package_identification:_identify(src/my_robot_bringup) by extension 'ignore'
[0.166s] Level 1:colcon.colcon_core.package_identification:_identify(src/my_robot_bringup) by extension 'ignore_ament_install'
[0.166s] Level 1:colcon.colcon_core.package_identification:_identify(src/my_robot_bringup) by extensions ['colcon_pkg']
[0.166s] Level 1:colcon.colcon_core.package_identification:_identify(src/my_robot_bringup) by extension 'colcon_pkg'
[0.166s] Level 1:colcon.colcon_core.package_identification:_identify(src/my_robot_bringup) by extensions ['colcon_meta']
[0.166s] Level 1:colcon.colcon_core.package_identification:_identify(src/my_robot_bringup) by extension 'colcon_meta'
[0.166s] Level 1:colcon.colcon_core.package_identification:_identify(src/my_robot_bringup) by extensions ['ros']
[0.166s] Level 1:colcon.colcon_core.package_identification:_identify(src/my_robot_bringup) by extension 'ros'
[0.167s] DEBUG:colcon.colcon_core.package_identification:Package 'src/my_robot_bringup' with type 'ros.ament_cmake' and name 'my_robot_bringup'
[0.167s] Level 1:colcon.colcon_core.package_identification:_identify(src/my_robot_description) by extensions ['ignore', 'ignore_ament_install']
[0.167s] Level 1:colcon.colcon_core.package_identification:_identify(src/my_robot_description) by extension 'ignore'
[0.167s] Level 1:colcon.colcon_core.package_identification:_identify(src/my_robot_description) by extension 'ignore_ament_install'
[0.167s] Level 1:colcon.colcon_core.package_identification:_identify(src/my_robot_description) by extensions ['colcon_pkg']
[0.167s] Level 1:colcon.colcon_core.package_identification:_identify(src/my_robot_description) by extension 'colcon_pkg'
[0.167s] Level 1:colcon.colcon_core.package_identification:_identify(src/my_robot_description) by extensions ['colcon_meta']
[0.167s] Level 1:colcon.colcon_core.package_identification:_identify(src/my_robot_description) by extension 'colcon_meta'
[0.167s] Level 1:colcon.colcon_core.package_identification:_identify(src/my_robot_description) by extensions ['ros']
[0.167s] Level 1:colcon.colcon_core.package_identification:_identify(src/my_robot_description) by extension 'ros'
[0.167s] DEBUG:colcon.colcon_core.package_identification:Package 'src/my_robot_description' with type 'ros.ament_cmake' and name 'my_robot_description'
[0.167s] Level 1:colcon.colcon_core.package_discovery:discover_packages(recursive) using defaults
[0.167s] Level 1:colcon.colcon_core.package_discovery:discover_packages(ignore) discover
[0.167s] Level 1:colcon.colcon_core.package_discovery:discover_packages(ignore) using defaults
[0.167s] Level 1:colcon.colcon_core.package_discovery:discover_packages(path) discover
[0.167s] Level 1:colcon.colcon_core.package_discovery:discover_packages(path) using defaults
[0.178s] Level 1:colcon.colcon_core.package_discovery:discover_packages(prefix_path) check parameters
[0.178s] Level 1:colcon.colcon_core.package_discovery:discover_packages(prefix_path) discover
[0.179s] DEBUG:colcon.colcon_installed_package_information.package_discovery:Found 4 installed packages in /home/timi/ros2_ws/install
[0.180s] DEBUG:colcon.colcon_installed_package_information.package_discovery:Found 415 installed packages in /opt/ros/humble
[0.181s] Level 1:colcon.colcon_core.package_discovery:discover_packages(prefix_path) using defaults
[0.206s] Level 5:colcon.colcon_core.verb:set package 'jetracer_bringup' build argument 'cmake_args' from command line to 'None'
[0.206s] Level 5:colcon.colcon_core.verb:set package 'jetracer_bringup' build argument 'cmake_target' from command line to 'None'
[0.206s] Level 5:colcon.colcon_core.verb:set package 'jetracer_bringup' build argument 'cmake_target_skip_unavailable' from command line to 'False'
[0.206s] Level 5:colcon.colcon_core.verb:set package 'jetracer_bringup' build argument 'cmake_clean_cache' from command line to 'False'
[0.206s] Level 5:colcon.colcon_core.verb:set package 'jetracer_bringup' build argument 'cmake_clean_first' from command line to 'False'
[0.206s] Level 5:colcon.colcon_core.verb:set package 'jetracer_bringup' build argument 'cmake_force_configure' from command line to 'False'
[0.206s] Level 5:colcon.colcon_core.verb:set package 'jetracer_bringup' build argument 'ament_cmake_args' from command line to 'None'
[0.206s] Level 5:colcon.colcon_core.verb:set package 'jetracer_bringup' build argument 'catkin_cmake_args' from command line to 'None'
[0.206s] Level 5:colcon.colcon_core.verb:set package 'jetracer_bringup' build argument 'catkin_skip_building_tests' from command line to 'False'
[0.206s] DEBUG:colcon.colcon_core.verb:Building package 'jetracer_bringup' with the following arguments: {'ament_cmake_args': None, 'build_base': '/home/timi/ros2_ws/build/jetracer_bringup', 'catkin_cmake_args': None, 'catkin_skip_building_tests': False, 'cmake_args': None, 'cmake_clean_cache': False, 'cmake_clean_first': False, 'cmake_force_configure': False, 'cmake_target': None, 'cmake_target_skip_unavailable': False, 'install_base': '/home/timi/ros2_ws/install/jetracer_bringup', 'merge_install': False, 'path': '/home/timi/ros2_ws/src/jetracer_bringup', 'symlink_install': True, 'test_result_base': None}
[0.207s] Level 5:colcon.colcon_core.verb:set package 'jetracer_description' build argument 'cmake_args' from command line to 'None'
[0.207s] Level 5:colcon.colcon_core.verb:set package 'jetracer_description' build argument 'cmake_target' from command line to 'None'
[0.207s] Level 5:colcon.colcon_core.verb:set package 'jetracer_description' build argument 'cmake_target_skip_unavailable' from command line to 'False'
[0.207s] Level 5:colcon.colcon_core.verb:set package 'jetracer_description' build argument 'cmake_clean_cache' from command line to 'False'
[0.207s] Level 5:colcon.colcon_core.verb:set package 'jetracer_description' build argument 'cmake_clean_first' from command line to 'False'
[0.207s] Level 5:colcon.colcon_core.verb:set package 'jetracer_description' build argument 'cmake_force_configure' from command line to 'False'
[0.207s] Level 5:colcon.colcon_core.verb:set package 'jetracer_description' build argument 'ament_cmake_args' from command line to 'None'
[0.207s] Level 5:colcon.colcon_core.verb:set package 'jetracer_description' build argument 'catkin_cmake_args' from command line to 'None'
[0.207s] Level 5:colcon.colcon_core.verb:set package 'jetracer_description' build argument 'catkin_skip_building_tests' from command line to 'False'
[0.207s] DEBUG:colcon.colcon_core.verb:Building package 'jetracer_description' with the following arguments: {'ament_cmake_args': None, 'build_base': '/home/timi/ros2_ws/build/jetracer_description', 'catkin_cmake_args': None, 'catkin_skip_building_tests': False, 'cmake_args': None, 'cmake_clean_cache': False, 'cmake_clean_first': False, 'cmake_force_configure': False, 'cmake_target': None, 'cmake_target_skip_unavailable': False, 'install_base': '/home/timi/ros2_ws/install/jetracer_description', 'merge_install': False, 'path': '/home/timi/ros2_ws/src/jetracer_description', 'symlink_install': True, 'test_result_base': None}
[0.207s] Level 5:colcon.colcon_core.verb:set package 'my_robot_bringup' build argument 'cmake_args' from command line to 'None'
[0.207s] Level 5:colcon.colcon_core.verb:set package 'my_robot_bringup' build argument 'cmake_target' from command line to 'None'
[0.207s] Level 5:colcon.colcon_core.verb:set package 'my_robot_bringup' build argument 'cmake_target_skip_unavailable' from command line to 'False'
[0.207s] Level 5:colcon.colcon_core.verb:set package 'my_robot_bringup' build argument 'cmake_clean_cache' from command line to 'False'
[0.207s] Level 5:colcon.colcon_core.verb:set package 'my_robot_bringup' build argument 'cmake_clean_first' from command line to 'False'
[0.207s] Level 5:colcon.colcon_core.verb:set package 'my_robot_bringup' build argument 'cmake_force_configure' from command line to 'False'
[0.207s] Level 5:colcon.colcon_core.verb:set package 'my_robot_bringup' build argument 'ament_cmake_args' from command line to 'None'
[0.207s] Level 5:colcon.colcon_core.verb:set package 'my_robot_bringup' build argument 'catkin_cmake_args' from command line to 'None'
[0.207s] Level 5:colcon.colcon_core.verb:set package 'my_robot_bringup' build argument 'catkin_skip_building_tests' from command line to 'False'
[0.207s] DEBUG:colcon.colcon_core.verb:Building package 'my_robot_bringup' with the following arguments: {'ament_cmake_args': None, 'build_base': '/home/timi/ros2_ws/build/my_robot_bringup', 'catkin_cmake_args': None, 'catkin_skip_building_tests': False, 'cmake_args': None, 'cmake_clean_cache': False, 'cmake_clean_first': False, 'cmake_force_configure': False, 'cmake_target': None, 'cmake_target_skip_unavailable': False, 'install_base': '/home/timi/ros2_ws/install/my_robot_bringup', 'merge_install': False, 'path': '/home/timi/ros2_ws/src/my_robot_bringup', 'symlink_install': True, 'test_result_base': None}
[0.207s] Level 5:colcon.colcon_core.verb:set package 'my_robot_description' build argument 'cmake_args' from command line to 'None'
[0.207s] Level 5:colcon.colcon_core.verb:set package 'my_robot_description' build argument 'cmake_target' from command line to 'None'
[0.207s] Level 5:colcon.colcon_core.verb:set package 'my_robot_description' build argument 'cmake_target_skip_unavailable' from command line to 'False'
[0.207s] Level 5:colcon.colcon_core.verb:set package 'my_robot_description' build argument 'cmake_clean_cache' from command line to 'False'
[0.207s] Level 5:colcon.colcon_core.verb:set package 'my_robot_description' build argument 'cmake_clean_first' from command line to 'False'
[0.207s] Level 5:colcon.colcon_core.verb:set package 'my_robot_description' build argument 'cmake_force_configure' from command line to 'False'
[0.207s] Level 5:colcon.colcon_core.verb:set package 'my_robot_description' build argument 'ament_cmake_args' from command line to 'None'
[0.207s] Level 5:colcon.colcon_core.verb:set package 'my_robot_description' build argument 'catkin_cmake_args' from command line to 'None'
[0.207s] Level 5:colcon.colcon_core.verb:set package 'my_robot_description' build argument 'catkin_skip_building_tests' from command line to 'False'
[0.207s] DEBUG:colcon.colcon_core.verb:Building package 'my_robot_description' with the following arguments: {'ament_cmake_args': None, 'build_base': '/home/timi/ros2_ws/build/my_robot_description', 'catkin_cmake_args': None, 'catkin_skip_building_tests': False, 'cmake_args': None, 'cmake_clean_cache': False, 'cmake_clean_first': False, 'cmake_force_configure': False, 'cmake_target': None, 'cmake_target_skip_unavailable': False, 'install_base': '/home/timi/ros2_ws/install/my_robot_description', 'merge_install': False, 'path': '/home/timi/ros2_ws/src/my_robot_description', 'symlink_install': True, 'test_result_base': None}
[0.207s] INFO:colcon.colcon_core.executor:Executing jobs using 'parallel' executor
[0.208s] DEBUG:colcon.colcon_parallel_executor.executor.parallel:run_until_complete
[0.208s] INFO:colcon.colcon_ros.task.ament_cmake.build:Building ROS package in '/home/timi/ros2_ws/src/jetracer_bringup' with build type 'ament_cmake'
[0.208s] INFO:colcon.colcon_cmake.task.cmake.build:Building CMake package in '/home/timi/ros2_ws/src/jetracer_bringup'
[0.209s] INFO:colcon.colcon_core.plugin_system:Skipping extension 'colcon_core.shell.bat': Not used on non-Windows systems
[0.209s] INFO:colcon.colcon_core.shell:Skip shell extension 'powershell' for command environment: Not usable outside of PowerShell
[0.209s] DEBUG:colcon.colcon_core.shell:Skip shell extension 'dsv' for command environment
[0.212s] INFO:colcon.colcon_ros.task.ament_cmake.build:Building ROS package in '/home/timi/ros2_ws/src/jetracer_description' with build type 'ament_cmake'
[0.212s] INFO:colcon.colcon_cmake.task.cmake.build:Building CMake package in '/home/timi/ros2_ws/src/jetracer_description'
[0.212s] INFO:colcon.colcon_core.shell:Skip shell extension 'powershell' for command environment: Not usable outside of PowerShell
[0.212s] DEBUG:colcon.colcon_core.shell:Skip shell extension 'dsv' for command environment
[0.214s] INFO:colcon.colcon_ros.task.ament_cmake.build:Building ROS package in '/home/timi/ros2_ws/src/my_robot_bringup' with build type 'ament_cmake'
[0.214s] INFO:colcon.colcon_cmake.task.cmake.build:Building CMake package in '/home/timi/ros2_ws/src/my_robot_bringup'
[0.214s] INFO:colcon.colcon_core.shell:Skip shell extension 'powershell' for command environment: Not usable outside of PowerShell
[0.214s] DEBUG:colcon.colcon_core.shell:Skip shell extension 'dsv' for command environment
[0.216s] INFO:colcon.colcon_ros.task.ament_cmake.build:Building ROS package in '/home/timi/ros2_ws/src/my_robot_description' with build type 'ament_cmake'
[0.216s] INFO:colcon.colcon_cmake.task.cmake.build:Building CMake package in '/home/timi/ros2_ws/src/my_robot_description'
[0.216s] INFO:colcon.colcon_core.shell:Skip shell extension 'powershell' for command environment: Not usable outside of PowerShell
[0.216s] DEBUG:colcon.colcon_core.shell:Skip shell extension 'dsv' for command environment
[0.220s] DEBUG:colcon.colcon_core.event_handler.log_command:Invoking command in '/home/timi/ros2_ws/build/jetracer_bringup': CMAKE_PREFIX_PATH=${CMAKE_PREFIX_PATH}:/opt/ros/humble /usr/bin/cmake /home/timi/ros2_ws/src/jetracer_bringup -DAMENT_CMAKE_SYMLINK_INSTALL=1 -DCMAKE_INSTALL_PREFIX=/home/timi/ros2_ws/install/jetracer_bringup
[0.222s] DEBUG:colcon.colcon_core.event_handler.log_command:Invoking command in '/home/timi/ros2_ws/build/jetracer_description': CMAKE_PREFIX_PATH=${CMAKE_PREFIX_PATH}:/opt/ros/humble /usr/bin/cmake /home/timi/ros2_ws/src/jetracer_description -DAMENT_CMAKE_SYMLINK_INSTALL=1 -DCMAKE_INSTALL_PREFIX=/home/timi/ros2_ws/install/jetracer_description
[0.224s] DEBUG:colcon.colcon_core.event_handler.log_command:Invoking command in '/home/timi/ros2_ws/build/my_robot_bringup': CMAKE_PREFIX_PATH=${CMAKE_PREFIX_PATH}:/opt/ros/humble /usr/bin/cmake /home/timi/ros2_ws/src/my_robot_bringup -DAMENT_CMAKE_SYMLINK_INSTALL=1 -DCMAKE_INSTALL_PREFIX=/home/timi/ros2_ws/install/my_robot_bringup
[0.228s] DEBUG:colcon.colcon_core.event_handler.log_command:Invoking command in '/home/timi/ros2_ws/build/my_robot_description': CMAKE_PREFIX_PATH=${CMAKE_PREFIX_PATH}:/opt/ros/humble /usr/bin/cmake /home/timi/ros2_ws/src/my_robot_description -DAMENT_CMAKE_SYMLINK_INSTALL=1 -DCMAKE_INSTALL_PREFIX=/home/timi/ros2_ws/install/my_robot_description
[0.360s] DEBUG:colcon.colcon_core.event_handler.log_command:Invoked command in '/home/timi/ros2_ws/build/my_robot_bringup' returned '0': CMAKE_PREFIX_PATH=${CMAKE_PREFIX_PATH}:/opt/ros/humble /usr/bin/cmake /home/timi/ros2_ws/src/my_robot_bringup -DAMENT_CMAKE_SYMLINK_INSTALL=1 -DCMAKE_INSTALL_PREFIX=/home/timi/ros2_ws/install/my_robot_bringup
[0.361s] DEBUG:colcon.colcon_core.event_handler.log_command:Invoking command in '/home/timi/ros2_ws/build/my_robot_bringup': CMAKE_PREFIX_PATH=${CMAKE_PREFIX_PATH}:/opt/ros/humble /usr/bin/cmake --build /home/timi/ros2_ws/build/my_robot_bringup -- -j20 -l20
[0.362s] DEBUG:colcon.colcon_core.event_handler.log_command:Invoked command in '/home/timi/ros2_ws/build/jetracer_bringup' returned '0': CMAKE_PREFIX_PATH=${CMAKE_PREFIX_PATH}:/opt/ros/humble /usr/bin/cmake /home/timi/ros2_ws/src/jetracer_bringup -DAMENT_CMAKE_SYMLINK_INSTALL=1 -DCMAKE_INSTALL_PREFIX=/home/timi/ros2_ws/install/jetracer_bringup
[0.363s] DEBUG:colcon.colcon_core.event_handler.log_command:Invoking command in '/home/timi/ros2_ws/build/jetracer_bringup': CMAKE_PREFIX_PATH=${CMAKE_PREFIX_PATH}:/opt/ros/humble /usr/bin/cmake --build /home/timi/ros2_ws/build/jetracer_bringup -- -j20 -l20
[0.368s] DEBUG:colcon.colcon_core.event_handler.log_command:Invoked command in '/home/timi/ros2_ws/build/jetracer_description' returned '0': CMAKE_PREFIX_PATH=${CMAKE_PREFIX_PATH}:/opt/ros/humble /usr/bin/cmake /home/timi/ros2_ws/src/jetracer_description -DAMENT_CMAKE_SYMLINK_INSTALL=1 -DCMAKE_INSTALL_PREFIX=/home/timi/ros2_ws/install/jetracer_description
[0.369s] DEBUG:colcon.colcon_core.event_handler.log_command:Invoking command in '/home/timi/ros2_ws/build/jetracer_description': CMAKE_PREFIX_PATH=${CMAKE_PREFIX_PATH}:/opt/ros/humble /usr/bin/cmake --build /home/timi/ros2_ws/build/jetracer_description -- -j20 -l20
[0.372s] DEBUG:colcon.colcon_core.event_handler.log_command:Invoked command in '/home/timi/ros2_ws/build/my_robot_description' returned '0': CMAKE_PREFIX_PATH=${CMAKE_PREFIX_PATH}:/opt/ros/humble /usr/bin/cmake /home/timi/ros2_ws/src/my_robot_description -DAMENT_CMAKE_SYMLINK_INSTALL=1 -DCMAKE_INSTALL_PREFIX=/home/timi/ros2_ws/install/my_robot_description
[0.373s] DEBUG:colcon.colcon_core.event_handler.log_command:Invoking command in '/home/timi/ros2_ws/build/my_robot_description': CMAKE_PREFIX_PATH=${CMAKE_PREFIX_PATH}:/opt/ros/humble /usr/bin/cmake --build /home/timi/ros2_ws/build/my_robot_description -- -j20 -l20
[0.387s] DEBUG:colcon.colcon_core.event_handler.log_command:Invoked command in '/home/timi/ros2_ws/build/my_robot_bringup' returned '0': CMAKE_PREFIX_PATH=${CMAKE_PREFIX_PATH}:/opt/ros/humble /usr/bin/cmake --build /home/timi/ros2_ws/build/my_robot_bringup -- -j20 -l20
[0.395s] DEBUG:colcon.colcon_core.event_handler.log_command:Invoking command in '/home/timi/ros2_ws/build/my_robot_bringup': CMAKE_PREFIX_PATH=${CMAKE_PREFIX_PATH}:/opt/ros/humble /usr/bin/cmake --install /home/timi/ros2_ws/build/my_robot_bringup
[0.397s] DEBUG:colcon.colcon_core.event_handler.log_command:Invoked command in '/home/timi/ros2_ws/build/jetracer_bringup' returned '0': CMAKE_PREFIX_PATH=${CMAKE_PREFIX_PATH}:/opt/ros/humble /usr/bin/cmake --build /home/timi/ros2_ws/build/jetracer_bringup -- -j20 -l20
[0.398s] DEBUG:colcon.colcon_core.event_handler.log_command:Invoking command in '/home/timi/ros2_ws/build/jetracer_bringup': CMAKE_PREFIX_PATH=${CMAKE_PREFIX_PATH}:/opt/ros/humble /usr/bin/cmake --install /home/timi/ros2_ws/build/jetracer_bringup
[0.398s] DEBUG:colcon.colcon_core.event_handler.log_command:Invoked command in '/home/timi/ros2_ws/build/my_robot_description' returned '0': CMAKE_PREFIX_PATH=${CMAKE_PREFIX_PATH}:/opt/ros/humble /usr/bin/cmake --build /home/timi/ros2_ws/build/my_robot_description -- -j20 -l20
[0.399s] DEBUG:colcon.colcon_core.event_handler.log_command:Invoking command in '/home/timi/ros2_ws/build/my_robot_description': CMAKE_PREFIX_PATH=${CMAKE_PREFIX_PATH}:/opt/ros/humble /usr/bin/cmake --install /home/timi/ros2_ws/build/my_robot_description
[0.399s] DEBUG:colcon.colcon_core.event_handler.log_command:Invoked command in '/home/timi/ros2_ws/build/jetracer_description' returned '0': CMAKE_PREFIX_PATH=${CMAKE_PREFIX_PATH}:/opt/ros/humble /usr/bin/cmake --build /home/timi/ros2_ws/build/jetracer_description -- -j20 -l20
[0.400s] DEBUG:colcon.colcon_core.event_handler.log_command:Invoking command in '/home/timi/ros2_ws/build/jetracer_description': CMAKE_PREFIX_PATH=${CMAKE_PREFIX_PATH}:/opt/ros/humble /usr/bin/cmake --install /home/timi/ros2_ws/build/jetracer_description
[0.409s] Level 1:colcon.colcon_core.environment:create_environment_scripts_only(my_robot_bringup)
[0.409s] DEBUG:colcon.colcon_core.event_handler.log_command:Invoked command in '/home/timi/ros2_ws/build/my_robot_bringup' returned '0': CMAKE_PREFIX_PATH=${CMAKE_PREFIX_PATH}:/opt/ros/humble /usr/bin/cmake --install /home/timi/ros2_ws/build/my_robot_bringup
[0.411s] Level 1:colcon.colcon_core.environment:checking '/home/timi/ros2_ws/install/my_robot_bringup' for CMake module files
[0.411s] Level 1:colcon.colcon_core.environment:checking '/home/timi/ros2_ws/install/my_robot_bringup' for CMake config files
[0.412s] Level 1:colcon.colcon_core.shell:create_environment_hook('my_robot_bringup', 'cmake_prefix_path')
[0.412s] INFO:colcon.colcon_core.shell:Creating environment hook '/home/timi/ros2_ws/install/my_robot_bringup/share/my_robot_bringup/hook/cmake_prefix_path.ps1'
[0.412s] INFO:colcon.colcon_core.shell:Creating environment descriptor '/home/timi/ros2_ws/install/my_robot_bringup/share/my_robot_bringup/hook/cmake_prefix_path.dsv'
[0.412s] INFO:colcon.colcon_core.shell:Creating environment hook '/home/timi/ros2_ws/install/my_robot_bringup/share/my_robot_bringup/hook/cmake_prefix_path.sh'
[0.413s] Level 1:colcon.colcon_core.environment:checking '/home/timi/ros2_ws/install/my_robot_bringup/bin'
[0.413s] Level 1:colcon.colcon_core.environment:checking '/home/timi/ros2_ws/install/my_robot_bringup/lib/pkgconfig/my_robot_bringup.pc'
[0.413s] Level 1:colcon.colcon_core.environment:checking '/home/timi/ros2_ws/install/my_robot_bringup/lib/python3.10/site-packages'
[0.414s] Level 1:colcon.colcon_core.environment:checking '/home/timi/ros2_ws/install/my_robot_bringup/bin'
[0.414s] INFO:colcon.colcon_core.shell:Creating package script '/home/timi/ros2_ws/install/my_robot_bringup/share/my_robot_bringup/package.ps1'
[0.414s] INFO:colcon.colcon_core.shell:Creating package descriptor '/home/timi/ros2_ws/install/my_robot_bringup/share/my_robot_bringup/package.dsv'
[0.414s] INFO:colcon.colcon_core.shell:Creating package script '/home/timi/ros2_ws/install/my_robot_bringup/share/my_robot_bringup/package.sh'
[0.415s] INFO:colcon.colcon_core.shell:Creating package script '/home/timi/ros2_ws/install/my_robot_bringup/share/my_robot_bringup/package.bash'
[0.415s] INFO:colcon.colcon_core.shell:Creating package script '/home/timi/ros2_ws/install/my_robot_bringup/share/my_robot_bringup/package.zsh'
[0.416s] Level 1:colcon.colcon_core.environment:create_file_with_runtime_dependencies(/home/timi/ros2_ws/install/my_robot_bringup/share/colcon-core/packages/my_robot_bringup)
[0.416s] Level 1:colcon.colcon_core.environment:create_environment_scripts_only(my_robot_bringup)
[0.416s] Level 1:colcon.colcon_core.environment:checking '/home/timi/ros2_ws/install/my_robot_bringup' for CMake module files
[0.416s] Level 1:colcon.colcon_core.environment:checking '/home/timi/ros2_ws/install/my_robot_bringup' for CMake config files
[0.417s] Level 1:colcon.colcon_core.shell:create_environment_hook('my_robot_bringup', 'cmake_prefix_path')
[0.417s] INFO:colcon.colcon_core.shell:Creating environment hook '/home/timi/ros2_ws/install/my_robot_bringup/share/my_robot_bringup/hook/cmake_prefix_path.ps1'
[0.417s] INFO:colcon.colcon_core.shell:Creating environment descriptor '/home/timi/ros2_ws/install/my_robot_bringup/share/my_robot_bringup/hook/cmake_prefix_path.dsv'
[0.417s] INFO:colcon.colcon_core.shell:Creating environment hook '/home/timi/ros2_ws/install/my_robot_bringup/share/my_robot_bringup/hook/cmake_prefix_path.sh'
[0.417s] Level 1:colcon.colcon_core.environment:checking '/home/timi/ros2_ws/install/my_robot_bringup/bin'
[0.417s] Level 1:colcon.colcon_core.environment:checking '/home/timi/ros2_ws/install/my_robot_bringup/lib/pkgconfig/my_robot_bringup.pc'
[0.418s] Level 1:colcon.colcon_core.environment:checking '/home/timi/ros2_ws/install/my_robot_bringup/lib/python3.10/site-packages'
[0.418s] Level 1:colcon.colcon_core.environment:checking '/home/timi/ros2_ws/install/my_robot_bringup/bin'
[0.418s] INFO:colcon.colcon_core.shell:Creating package script '/home/timi/ros2_ws/install/my_robot_bringup/share/my_robot_bringup/package.ps1'
[0.418s] INFO:colcon.colcon_core.shell:Creating package descriptor '/home/timi/ros2_ws/install/my_robot_bringup/share/my_robot_bringup/package.dsv'
[0.418s] INFO:colcon.colcon_core.shell:Creating package script '/home/timi/ros2_ws/install/my_robot_bringup/share/my_robot_bringup/package.sh'
[0.418s] INFO:colcon.colcon_core.shell:Creating package script '/home/timi/ros2_ws/install/my_robot_bringup/share/my_robot_bringup/package.bash'
[0.419s] INFO:colcon.colcon_core.shell:Creating package script '/home/timi/ros2_ws/install/my_robot_bringup/share/my_robot_bringup/package.zsh'
[0.419s] Level 1:colcon.colcon_core.environment:create_file_with_runtime_dependencies(/home/timi/ros2_ws/install/my_robot_bringup/share/colcon-core/packages/my_robot_bringup)
[0.420s] Level 1:colcon.colcon_core.environment:create_environment_scripts_only(jetracer_description)
[0.420s] Level 1:colcon.colcon_core.environment:checking '/home/timi/ros2_ws/install/jetracer_description' for CMake module files
[0.420s] DEBUG:colcon.colcon_core.event_handler.log_command:Invoked command in '/home/timi/ros2_ws/build/jetracer_description' returned '0': CMAKE_PREFIX_PATH=${CMAKE_PREFIX_PATH}:/opt/ros/humble /usr/bin/cmake --install /home/timi/ros2_ws/build/jetracer_description
[0.420s] Level 1:colcon.colcon_core.environment:checking '/home/timi/ros2_ws/install/jetracer_description' for CMake config files
[0.421s] Level 1:colcon.colcon_core.shell:create_environment_hook('jetracer_description', 'cmake_prefix_path')
[0.421s] INFO:colcon.colcon_core.shell:Creating environment hook '/home/timi/ros2_ws/install/jetracer_description/share/jetracer_description/hook/cmake_prefix_path.ps1'
[0.421s] INFO:colcon.colcon_core.shell:Creating environment descriptor '/home/timi/ros2_ws/install/jetracer_description/share/jetracer_description/hook/cmake_prefix_path.dsv'
[0.421s] INFO:colcon.colcon_core.shell:Creating environment hook '/home/timi/ros2_ws/install/jetracer_description/share/jetracer_description/hook/cmake_prefix_path.sh'
[0.421s] Level 1:colcon.colcon_core.environment:checking '/home/timi/ros2_ws/install/jetracer_description/bin'
[0.422s] Level 1:colcon.colcon_core.environment:checking '/home/timi/ros2_ws/install/jetracer_description/lib/pkgconfig/jetracer_description.pc'
[0.422s] Level 1:colcon.colcon_core.environment:checking '/home/timi/ros2_ws/install/jetracer_description/lib/python3.10/site-packages'
[0.422s] Level 1:colcon.colcon_core.environment:checking '/home/timi/ros2_ws/install/jetracer_description/bin'
[0.422s] INFO:colcon.colcon_core.shell:Creating package script '/home/timi/ros2_ws/install/jetracer_description/share/jetracer_description/package.ps1'
[0.422s] INFO:colcon.colcon_core.shell:Creating package descriptor '/home/timi/ros2_ws/install/jetracer_description/share/jetracer_description/package.dsv'
[0.422s] INFO:colcon.colcon_core.shell:Creating package script '/home/timi/ros2_ws/install/jetracer_description/share/jetracer_description/package.sh'
[0.422s] INFO:colcon.colcon_core.shell:Creating package script '/home/timi/ros2_ws/install/jetracer_description/share/jetracer_description/package.bash'
[0.423s] INFO:colcon.colcon_core.shell:Creating package script '/home/timi/ros2_ws/install/jetracer_description/share/jetracer_description/package.zsh'
[0.423s] Level 1:colcon.colcon_core.environment:create_file_with_runtime_dependencies(/home/timi/ros2_ws/install/jetracer_description/share/colcon-core/packages/jetracer_description)
[0.423s] Level 1:colcon.colcon_core.environment:create_environment_scripts_only(jetracer_description)
[0.423s] Level 1:colcon.colcon_core.environment:checking '/home/timi/ros2_ws/install/jetracer_description' for CMake module files
[0.423s] Level 1:colcon.colcon_core.environment:checking '/home/timi/ros2_ws/install/jetracer_description' for CMake config files
[0.423s] Level 1:colcon.colcon_core.shell:create_environment_hook('jetracer_description', 'cmake_prefix_path')
[0.424s] INFO:colcon.colcon_core.shell:Creating environment hook '/home/timi/ros2_ws/install/jetracer_description/share/jetracer_description/hook/cmake_prefix_path.ps1'
[0.424s] INFO:colcon.colcon_core.shell:Creating environment descriptor '/home/timi/ros2_ws/install/jetracer_description/share/jetracer_description/hook/cmake_prefix_path.dsv'
[0.424s] INFO:colcon.colcon_core.shell:Creating environment hook '/home/timi/ros2_ws/install/jetracer_description/share/jetracer_description/hook/cmake_prefix_path.sh'
[0.424s] Level 1:colcon.colcon_core.environment:checking '/home/timi/ros2_ws/install/jetracer_description/bin'
[0.424s] Level 1:colcon.colcon_core.environment:checking '/home/timi/ros2_ws/install/jetracer_description/lib/pkgconfig/jetracer_description.pc'
[0.424s] Level 1:colcon.colcon_core.environment:checking '/home/timi/ros2_ws/install/jetracer_description/lib/python3.10/site-packages'
[0.424s] Level 1:colcon.colcon_core.environment:checking '/home/timi/ros2_ws/install/jetracer_description/bin'
[0.425s] INFO:colcon.colcon_core.shell:Creating package script '/home/timi/ros2_ws/install/jetracer_description/share/jetracer_description/package.ps1'
[0.425s] INFO:colcon.colcon_core.shell:Creating package descriptor '/home/timi/ros2_ws/install/jetracer_description/share/jetracer_description/package.dsv'
[0.425s] INFO:colcon.colcon_core.shell:Creating package script '/home/timi/ros2_ws/install/jetracer_description/share/jetracer_description/package.sh'
[0.425s] INFO:colcon.colcon_core.shell:Creating package script '/home/timi/ros2_ws/install/jetracer_description/share/jetracer_description/package.bash'
[0.426s] INFO:colcon.colcon_core.shell:Creating package script '/home/timi/ros2_ws/install/jetracer_description/share/jetracer_description/package.zsh'
[0.426s] Level 1:colcon.colcon_core.environment:create_file_with_runtime_dependencies(/home/timi/ros2_ws/install/jetracer_description/share/colcon-core/packages/jetracer_description)
[0.426s] Level 1:colcon.colcon_core.environment:create_environment_scripts_only(jetracer_bringup)
[0.426s] Level 1:colcon.colcon_core.environment:checking '/home/timi/ros2_ws/install/jetracer_bringup' for CMake module files
[0.426s] Level 1:colcon.colcon_core.environment:checking '/home/timi/ros2_ws/install/jetracer_bringup' for CMake config files
[0.427s] DEBUG:colcon.colcon_core.event_handler.log_command:Invoked command in '/home/timi/ros2_ws/build/jetracer_bringup' returned '0': CMAKE_PREFIX_PATH=${CMAKE_PREFIX_PATH}:/opt/ros/humble /usr/bin/cmake --install /home/timi/ros2_ws/build/jetracer_bringup
[0.427s] Level 1:colcon.colcon_core.shell:create_environment_hook('jetracer_bringup', 'cmake_prefix_path')
[0.427s] INFO:colcon.colcon_core.shell:Creating environment hook '/home/timi/ros2_ws/install/jetracer_bringup/share/jetracer_bringup/hook/cmake_prefix_path.ps1'
[0.427s] INFO:colcon.colcon_core.shell:Creating environment descriptor '/home/timi/ros2_ws/install/jetracer_bringup/share/jetracer_bringup/hook/cmake_prefix_path.dsv'
[0.427s] INFO:colcon.colcon_core.shell:Creating environment hook '/home/timi/ros2_ws/install/jetracer_bringup/share/jetracer_bringup/hook/cmake_prefix_path.sh'
[0.428s] Level 1:colcon.colcon_core.environment:checking '/home/timi/ros2_ws/install/jetracer_bringup/bin'
[0.428s] Level 1:colcon.colcon_core.environment:checking '/home/timi/ros2_ws/install/jetracer_bringup/lib/pkgconfig/jetracer_bringup.pc'
[0.428s] Level 1:colcon.colcon_core.environment:checking '/home/timi/ros2_ws/install/jetracer_bringup/lib/python3.10/site-packages'
[0.428s] Level 1:colcon.colcon_core.environment:checking '/home/timi/ros2_ws/install/jetracer_bringup/bin'
[0.428s] INFO:colcon.colcon_core.shell:Creating package script '/home/timi/ros2_ws/install/jetracer_bringup/share/jetracer_bringup/package.ps1'
[0.428s] INFO:colcon.colcon_core.shell:Creating package descriptor '/home/timi/ros2_ws/install/jetracer_bringup/share/jetracer_bringup/package.dsv'
[0.428s] INFO:colcon.colcon_core.shell:Creating package script '/home/timi/ros2_ws/install/jetracer_bringup/share/jetracer_bringup/package.sh'
[0.429s] INFO:colcon.colcon_core.shell:Creating package script '/home/timi/ros2_ws/install/jetracer_bringup/share/jetracer_bringup/package.bash'
[0.429s] INFO:colcon.colcon_core.shell:Creating package script '/home/timi/ros2_ws/install/jetracer_bringup/share/jetracer_bringup/package.zsh'
[0.429s] Level 1:colcon.colcon_core.environment:create_file_with_runtime_dependencies(/home/timi/ros2_ws/install/jetracer_bringup/share/colcon-core/packages/jetracer_bringup)
[0.429s] Level 1:colcon.colcon_core.environment:create_environment_scripts_only(jetracer_bringup)
[0.429s] Level 1:colcon.colcon_core.environment:checking '/home/timi/ros2_ws/install/jetracer_bringup' for CMake module files
[0.430s] Level 1:colcon.colcon_core.environment:checking '/home/timi/ros2_ws/install/jetracer_bringup' for CMake config files
[0.430s] Level 1:colcon.colcon_core.shell:create_environment_hook('jetracer_bringup', 'cmake_prefix_path')
[0.430s] INFO:colcon.colcon_core.shell:Creating environment hook '/home/timi/ros2_ws/install/jetracer_bringup/share/jetracer_bringup/hook/cmake_prefix_path.ps1'
[0.430s] INFO:colcon.colcon_core.shell:Creating environment descriptor '/home/timi/ros2_ws/install/jetracer_bringup/share/jetracer_bringup/hook/cmake_prefix_path.dsv'
[0.430s] INFO:colcon.colcon_core.shell:Creating environment hook '/home/timi/ros2_ws/install/jetracer_bringup/share/jetracer_bringup/hook/cmake_prefix_path.sh'
[0.430s] Level 1:colcon.colcon_core.environment:checking '/home/timi/ros2_ws/install/jetracer_bringup/bin'
[0.431s] Level 1:colcon.colcon_core.environment:checking '/home/timi/ros2_ws/install/jetracer_bringup/lib/pkgconfig/jetracer_bringup.pc'
[0.431s] Level 1:colcon.colcon_core.environment:checking '/home/timi/ros2_ws/install/jetracer_bringup/lib/python3.10/site-packages'
[0.431s] Level 1:colcon.colcon_core.environment:checking '/home/timi/ros2_ws/install/jetracer_bringup/bin'
[0.431s] INFO:colcon.colcon_core.shell:Creating package script '/home/timi/ros2_ws/install/jetracer_bringup/share/jetracer_bringup/package.ps1'
[0.431s] INFO:colcon.colcon_core.shell:Creating package descriptor '/home/timi/ros2_ws/install/jetracer_bringup/share/jetracer_bringup/package.dsv'
[0.431s] INFO:colcon.colcon_core.shell:Creating package script '/home/timi/ros2_ws/install/jetracer_bringup/share/jetracer_bringup/package.sh'
[0.432s] INFO:colcon.colcon_core.shell:Creating package script '/home/timi/ros2_ws/install/jetracer_bringup/share/jetracer_bringup/package.bash'
[0.432s] INFO:colcon.colcon_core.shell:Creating package script '/home/timi/ros2_ws/install/jetracer_bringup/share/jetracer_bringup/package.zsh'
[0.432s] Level 1:colcon.colcon_core.environment:create_file_with_runtime_dependencies(/home/timi/ros2_ws/install/jetracer_bringup/share/colcon-core/packages/jetracer_bringup)
[0.432s] Level 1:colcon.colcon_core.environment:create_environment_scripts_only(my_robot_description)
[0.432s] Level 1:colcon.colcon_core.environment:checking '/home/timi/ros2_ws/install/my_robot_description' for CMake module files
[0.433s] DEBUG:colcon.colcon_core.event_handler.log_command:Invoked command in '/home/timi/ros2_ws/build/my_robot_description' returned '0': CMAKE_PREFIX_PATH=${CMAKE_PREFIX_PATH}:/opt/ros/humble /usr/bin/cmake --install /home/timi/ros2_ws/build/my_robot_description
[0.433s] Level 1:colcon.colcon_core.environment:checking '/home/timi/ros2_ws/install/my_robot_description' for CMake config files
[0.433s] Level 1:colcon.colcon_core.shell:create_environment_hook('my_robot_description', 'cmake_prefix_path')
[0.433s] INFO:colcon.colcon_core.shell:Creating environment hook '/home/timi/ros2_ws/install/my_robot_description/share/my_robot_description/hook/cmake_prefix_path.ps1'
[0.433s] INFO:colcon.colcon_core.shell:Creating environment descriptor '/home/timi/ros2_ws/install/my_robot_description/share/my_robot_description/hook/cmake_prefix_path.dsv'
[0.434s] INFO:colcon.colcon_core.shell:Creating environment hook '/home/timi/ros2_ws/install/my_robot_description/share/my_robot_description/hook/cmake_prefix_path.sh'
[0.434s] Level 1:colcon.colcon_core.environment:checking '/home/timi/ros2_ws/install/my_robot_description/bin'
[0.434s] Level 1:colcon.colcon_core.environment:checking '/home/timi/ros2_ws/install/my_robot_description/lib/pkgconfig/my_robot_description.pc'
[0.434s] Level 1:colcon.colcon_core.environment:checking '/home/timi/ros2_ws/install/my_robot_description/lib/python3.10/site-packages'
[0.434s] Level 1:colcon.colcon_core.environment:checking '/home/timi/ros2_ws/install/my_robot_description/bin'
[0.434s] INFO:colcon.colcon_core.shell:Creating package script '/home/timi/ros2_ws/install/my_robot_description/share/my_robot_description/package.ps1'
[0.434s] INFO:colcon.colcon_core.shell:Creating package descriptor '/home/timi/ros2_ws/install/my_robot_description/share/my_robot_description/package.dsv'
[0.435s] INFO:colcon.colcon_core.shell:Creating package script '/home/timi/ros2_ws/install/my_robot_description/share/my_robot_description/package.sh'
[0.435s] INFO:colcon.colcon_core.shell:Creating package script '/home/timi/ros2_ws/install/my_robot_description/share/my_robot_description/package.bash'
[0.435s] INFO:colcon.colcon_core.shell:Creating package script '/home/timi/ros2_ws/install/my_robot_description/share/my_robot_description/package.zsh'
[0.435s] Level 1:colcon.colcon_core.environment:create_file_with_runtime_dependencies(/home/timi/ros2_ws/install/my_robot_description/share/colcon-core/packages/my_robot_description)
[0.435s] Level 1:colcon.colcon_core.environment:create_environment_scripts_only(my_robot_description)
[0.435s] Level 1:colcon.colcon_core.environment:checking '/home/timi/ros2_ws/install/my_robot_description' for CMake module files
[0.436s] Level 1:colcon.colcon_core.environment:checking '/home/timi/ros2_ws/install/my_robot_description' for CMake config files
[0.436s] Level 1:colcon.colcon_core.shell:create_environment_hook('my_robot_description', 'cmake_prefix_path')
[0.436s] INFO:colcon.colcon_core.shell:Creating environment hook '/home/timi/ros2_ws/install/my_robot_description/share/my_robot_description/hook/cmake_prefix_path.ps1'
[0.436s] INFO:colcon.colcon_core.shell:Creating environment descriptor '/home/timi/ros2_ws/install/my_robot_description/share/my_robot_description/hook/cmake_prefix_path.dsv'
[0.436s] INFO:colcon.colcon_core.shell:Creating environment hook '/home/timi/ros2_ws/install/my_robot_description/share/my_robot_description/hook/cmake_prefix_path.sh'
[0.437s] Level 1:colcon.colcon_core.environment:checking '/home/timi/ros2_ws/install/my_robot_description/bin'
[0.437s] Level 1:colcon.colcon_core.environment:checking '/home/timi/ros2_ws/install/my_robot_description/lib/pkgconfig/my_robot_description.pc'
[0.437s] Level 1:colcon.colcon_core.environment:checking '/home/timi/ros2_ws/install/my_robot_description/lib/python3.10/site-packages'
[0.437s] Level 1:colcon.colcon_core.environment:checking '/home/timi/ros2_ws/install/my_robot_description/bin'
[0.437s] INFO:colcon.colcon_core.shell:Creating package script '/home/timi/ros2_ws/install/my_robot_description/share/my_robot_description/package.ps1'
[0.437s] INFO:colcon.colcon_core.shell:Creating package descriptor '/home/timi/ros2_ws/install/my_robot_description/share/my_robot_description/package.dsv'
[0.437s] INFO:colcon.colcon_core.shell:Creating package script '/home/timi/ros2_ws/install/my_robot_description/share/my_robot_description/package.sh'
[0.438s] INFO:colcon.colcon_core.shell:Creating package script '/home/timi/ros2_ws/install/my_robot_description/share/my_robot_description/package.bash'
[0.438s] INFO:colcon.colcon_core.shell:Creating package script '/home/timi/ros2_ws/install/my_robot_description/share/my_robot_description/package.zsh'
[0.438s] Level 1:colcon.colcon_core.environment:create_file_with_runtime_dependencies(/home/timi/ros2_ws/install/my_robot_description/share/colcon-core/packages/my_robot_description)
[0.438s] DEBUG:colcon.colcon_parallel_executor.executor.parallel:closing loop
[0.438s] DEBUG:colcon.colcon_parallel_executor.executor.parallel:loop closed
[0.438s] DEBUG:colcon.colcon_parallel_executor.executor.parallel:run_until_complete finished with '0'
[0.438s] DEBUG:colcon.colcon_core.event_reactor:joining thread
[0.443s] INFO:colcon.colcon_core.plugin_system:Skipping extension 'colcon_notification.desktop_notification.terminal_notifier': Not used on non-Darwin systems
[0.443s] INFO:colcon.colcon_core.plugin_system:Skipping extension 'colcon_notification.desktop_notification.win32': Not used on non-Windows systems
[0.443s] INFO:colcon.colcon_notification.desktop_notification:Sending desktop notification using 'notify2'
[0.449s] DEBUG:colcon.colcon_core.event_reactor:joined thread
[0.449s] INFO:colcon.colcon_core.shell:Creating prefix script '/home/timi/ros2_ws/install/local_setup.ps1'
[0.450s] INFO:colcon.colcon_core.shell:Creating prefix util module '/home/timi/ros2_ws/install/_local_setup_util_ps1.py'
[0.450s] INFO:colcon.colcon_core.shell:Creating prefix chain script '/home/timi/ros2_ws/install/setup.ps1'
[0.451s] INFO:colcon.colcon_core.shell:Creating prefix script '/home/timi/ros2_ws/install/local_setup.sh'
[0.451s] INFO:colcon.colcon_core.shell:Creating prefix util module '/home/timi/ros2_ws/install/_local_setup_util_sh.py'
[0.451s] INFO:colcon.colcon_core.shell:Creating prefix chain script '/home/timi/ros2_ws/install/setup.sh'
[0.452s] INFO:colcon.colcon_core.shell:Creating prefix script '/home/timi/ros2_ws/install/local_setup.bash'
[0.452s] INFO:colcon.colcon_core.shell:Creating prefix chain script '/home/timi/ros2_ws/install/setup.bash'
[0.453s] INFO:colcon.colcon_core.shell:Creating prefix script '/home/timi/ros2_ws/install/local_setup.zsh'
[0.453s] INFO:colcon.colcon_core.shell:Creating prefix chain script '/home/timi/ros2_ws/install/setup.zsh'
