-- Install configuration: ""
-- Execute custom install script
-- Up-to-date symlink: /home/timi/ros2_ws/install/jetracer_bringup/share/jetracer_bringup//launch/jetracer_gazebo.launch.xml
-- Up-to-date symlink: /home/timi/ros2_ws/install/jetracer_bringup/share/jetracer_bringup//config/gazebo_bridge.yaml
-- Up-to-date symlink: /home/timi/ros2_ws/install/jetracer_bringup/share/jetracer_bringup//worlds/jetracer_world.sdf
-- Up-to-date symlink: /home/timi/ros2_ws/install/jetracer_bringup/share/ament_index/resource_index/package_run_dependencies/jetracer_bringup
-- Up-to-date symlink: /home/timi/ros2_ws/install/jetracer_bringup/share/ament_index/resource_index/parent_prefix_path/jetracer_bringup
-- Up-to-date symlink: /home/timi/ros2_ws/install/jetracer_bringup/share/jetracer_bringup/environment/ament_prefix_path.sh
-- Up-to-date symlink: /home/timi/ros2_ws/install/jetracer_bringup/share/jetracer_bringup/environment/ament_prefix_path.dsv
-- Up-to-date symlink: /home/timi/ros2_ws/install/jetracer_bringup/share/jetracer_bringup/environment/path.sh
-- Up-to-date symlink: /home/timi/ros2_ws/install/jetracer_bringup/share/jetracer_bringup/environment/path.dsv
-- Up-to-date symlink: /home/timi/ros2_ws/install/jetracer_bringup/share/jetracer_bringup/local_setup.bash
-- Up-to-date symlink: /home/timi/ros2_ws/install/jetracer_bringup/share/jetracer_bringup/local_setup.sh
-- Up-to-date symlink: /home/timi/ros2_ws/install/jetracer_bringup/share/jetracer_bringup/local_setup.zsh
-- Up-to-date symlink: /home/timi/ros2_ws/install/jetracer_bringup/share/jetracer_bringup/local_setup.dsv
-- Symlinking: /home/timi/ros2_ws/install/jetracer_bringup/share/jetracer_bringup/package.dsv
-- Up-to-date symlink: /home/timi/ros2_ws/install/jetracer_bringup/share/ament_index/resource_index/packages/jetracer_bringup
-- Up-to-date symlink: /home/timi/ros2_ws/install/jetracer_bringup/share/jetracer_bringup/cmake/jetracer_bringupConfig.cmake
-- Up-to-date symlink: /home/timi/ros2_ws/install/jetracer_bringup/share/jetracer_bringup/cmake/jetracer_bringupConfig-version.cmake
-- Up-to-date symlink: /home/timi/ros2_ws/install/jetracer_bringup/share/jetracer_bringup/package.xml
