[0.019s] Invoking command in '/home/timi/ros2_ws/build/jetracer_bringup': CMAKE_PREFIX_PATH=${CMAKE_PREFIX_PATH}:/opt/ros/humble /usr/bin/cmake --build /home/timi/ros2_ws/build/jetracer_bringup -- -j20 -l20
[0.082s] Invoked command in '/home/timi/ros2_ws/build/jetracer_bringup' returned '0': CMAKE_PREFIX_PATH=${CMAKE_PREFIX_PATH}:/opt/ros/humble /usr/bin/cmake --build /home/timi/ros2_ws/build/jetracer_bringup -- -j20 -l20
[0.134s] Invoking command in '/home/timi/ros2_ws/build/jetracer_bringup': CMAKE_PREFIX_PATH=${CMAKE_PREFIX_PATH}:/opt/ros/humble /usr/bin/cmake --install /home/timi/ros2_ws/build/jetracer_bringup
[0.140s] -- Install configuration: ""
[0.141s] -- Execute custom install script
[0.142s] -- Up-to-date symlink: /home/timi/ros2_ws/install/jetracer_bringup/share/jetracer_bringup//launch/jetracer_gazebo.launch.xml
[0.142s] -- Up-to-date symlink: /home/timi/ros2_ws/install/jetracer_bringup/share/jetracer_bringup//config/gazebo_bridge.yaml
[0.142s] -- Up-to-date symlink: /home/timi/ros2_ws/install/jetracer_bringup/share/ament_index/resource_index/package_run_dependencies/jetracer_bringup
[0.142s] -- Up-to-date symlink: /home/timi/ros2_ws/install/jetracer_bringup/share/ament_index/resource_index/parent_prefix_path/jetracer_bringup
[0.142s] -- Up-to-date symlink: /home/timi/ros2_ws/install/jetracer_bringup/share/jetracer_bringup/environment/ament_prefix_path.sh
[0.143s] -- Up-to-date symlink: /home/timi/ros2_ws/install/jetracer_bringup/share/jetracer_bringup/environment/ament_prefix_path.dsv
[0.143s] -- Up-to-date symlink: /home/timi/ros2_ws/install/jetracer_bringup/share/jetracer_bringup/environment/path.sh
[0.144s] -- Up-to-date symlink: /home/timi/ros2_ws/install/jetracer_bringup/share/jetracer_bringup/environment/path.dsv
[0.145s] -- Up-to-date symlink: /home/timi/ros2_ws/install/jetracer_bringup/share/jetracer_bringup/local_setup.bash
[0.145s] -- Up-to-date symlink: /home/timi/ros2_ws/install/jetracer_bringup/share/jetracer_bringup/local_setup.sh
[0.146s] -- Up-to-date symlink: /home/timi/ros2_ws/install/jetracer_bringup/share/jetracer_bringup/local_setup.zsh
[0.146s] -- Up-to-date symlink: /home/timi/ros2_ws/install/jetracer_bringup/share/jetracer_bringup/local_setup.dsv
[0.147s] -- Symlinking: /home/timi/ros2_ws/install/jetracer_bringup/share/jetracer_bringup/package.dsv
[0.157s] -- Up-to-date symlink: /home/timi/ros2_ws/install/jetracer_bringup/share/ament_index/resource_index/packages/jetracer_bringup
[0.158s] -- Up-to-date symlink: /home/timi/ros2_ws/install/jetracer_bringup/share/jetracer_bringup/cmake/jetracer_bringupConfig.cmake
[0.158s] -- Up-to-date symlink: /home/timi/ros2_ws/install/jetracer_bringup/share/jetracer_bringup/cmake/jetracer_bringupConfig-version.cmake
[0.158s] -- Up-to-date symlink: /home/timi/ros2_ws/install/jetracer_bringup/share/jetracer_bringup/package.xml
[0.160s] Invoked command in '/home/timi/ros2_ws/build/jetracer_bringup' returned '0': CMAKE_PREFIX_PATH=${CMAKE_PREFIX_PATH}:/opt/ros/humble /usr/bin/cmake --install /home/timi/ros2_ws/build/jetracer_bringup
