[0.236s] DEBUG:colcon:Command line arguments: ['/usr/bin/colcon', 'build']
[0.236s] DEBUG:colcon:Parsed command line arguments: Namespace(log_base=None, log_level=None, verb_name='build', build_base='build', install_base='install', merge_install=False, symlink_install=False, test_result_base=None, continue_on_error=False, executor='parallel', parallel_workers=20, event_handlers=None, ignore_user_meta=False, metas=['./colcon.meta'], base_paths=['.'], packages_ignore=None, packages_ignore_regex=None, paths=None, packages_up_to=None, packages_up_to_regex=None, packages_above=None, packages_above_and_dependencies=None, packages_above_depth=None, packages_select_by_dep=None, packages_skip_by_dep=None, packages_skip_up_to=None, packages_select_build_failed=False, packages_skip_build_finished=False, packages_select_test_failures=False, packages_skip_test_passed=False, packages_select=None, packages_skip=None, packages_select_regex=None, packages_skip_regex=None, packages_start=None, packages_end=None, allow_overriding=[], cmake_args=None, cmake_target=None, cmake_target_skip_unavailable=False, cmake_clean_cache=False, cmake_clean_first=False, cmake_force_configure=False, ament_cmake_args=None, catkin_cmake_args=None, catkin_skip_building_tests=False, mixin_files=None, mixin=None, verb_parser=<colcon_mixin.mixin.mixin_argument.MixinArgumentDecorator object at 0x7355fe256830>, verb_extension=<colcon_core.verb.build.BuildVerb object at 0x7355fe256320>, main=<bound method BuildVerb.main of <colcon_core.verb.build.BuildVerb object at 0x7355fe256320>>, mixin_verb=('build',))
[0.533s] Level 1:colcon.colcon_core.package_discovery:discover_packages(colcon_meta) check parameters
[0.533s] Level 1:colcon.colcon_core.package_discovery:discover_packages(recursive) check parameters
[0.533s] Level 1:colcon.colcon_core.package_discovery:discover_packages(ignore) check parameters
[0.533s] Level 1:colcon.colcon_core.package_discovery:discover_packages(path) check parameters
[0.533s] Level 1:colcon.colcon_core.package_discovery:discover_packages(colcon_meta) discover
[0.534s] Level 1:colcon.colcon_core.package_discovery:discover_packages(recursive) discover
[0.534s] INFO:colcon.colcon_core.package_discovery:Crawling recursively for packages in '/home/timi/ros2_ws'
[0.534s] Level 1:colcon.colcon_core.package_identification:_identify(.) by extensions ['ignore', 'ignore_ament_install']
[0.534s] Level 1:colcon.colcon_core.package_identification:_identify(.) by extension 'ignore'
[0.534s] Level 1:colcon.colcon_core.package_identification:_identify(.) by extension 'ignore_ament_install'
[0.534s] Level 1:colcon.colcon_core.package_identification:_identify(.) by extensions ['colcon_pkg']
[0.534s] Level 1:colcon.colcon_core.package_identification:_identify(.) by extension 'colcon_pkg'
[0.534s] Level 1:colcon.colcon_core.package_identification:_identify(.) by extensions ['colcon_meta']
[0.534s] Level 1:colcon.colcon_core.package_identification:_identify(.) by extension 'colcon_meta'
[0.534s] Level 1:colcon.colcon_core.package_identification:_identify(.) by extensions ['ros']
[0.534s] Level 1:colcon.colcon_core.package_identification:_identify(.) by extension 'ros'
[0.551s] Level 1:colcon.colcon_core.package_identification:_identify(.) by extensions ['cmake', 'python']
[0.551s] Level 1:colcon.colcon_core.package_identification:_identify(.) by extension 'cmake'
[0.551s] Level 1:colcon.colcon_core.package_identification:_identify(.) by extension 'python'
[0.551s] Level 1:colcon.colcon_core.package_identification:_identify(.) by extensions ['python_setup_py']
[0.551s] Level 1:colcon.colcon_core.package_identification:_identify(.) by extension 'python_setup_py'
[0.551s] Level 1:colcon.colcon_core.package_identification:_identify(build) by extensions ['ignore', 'ignore_ament_install']
[0.551s] Level 1:colcon.colcon_core.package_identification:_identify(build) by extension 'ignore'
[0.551s] Level 1:colcon.colcon_core.package_identification:_identify(build) ignored
[0.551s] Level 1:colcon.colcon_core.package_identification:_identify(install) by extensions ['ignore', 'ignore_ament_install']
[0.551s] Level 1:colcon.colcon_core.package_identification:_identify(install) by extension 'ignore'
[0.551s] Level 1:colcon.colcon_core.package_identification:_identify(install) ignored
[0.551s] Level 1:colcon.colcon_core.package_identification:_identify(log) by extensions ['ignore', 'ignore_ament_install']
[0.551s] Level 1:colcon.colcon_core.package_identification:_identify(log) by extension 'ignore'
[0.551s] Level 1:colcon.colcon_core.package_identification:_identify(log) ignored
[0.551s] Level 1:colcon.colcon_core.package_identification:_identify(src) by extensions ['ignore', 'ignore_ament_install']
[0.551s] Level 1:colcon.colcon_core.package_identification:_identify(src) by extension 'ignore'
[0.551s] Level 1:colcon.colcon_core.package_identification:_identify(src) by extension 'ignore_ament_install'
[0.551s] Level 1:colcon.colcon_core.package_identification:_identify(src) by extensions ['colcon_pkg']
[0.551s] Level 1:colcon.colcon_core.package_identification:_identify(src) by extension 'colcon_pkg'
[0.551s] Level 1:colcon.colcon_core.package_identification:_identify(src) by extensions ['colcon_meta']
[0.551s] Level 1:colcon.colcon_core.package_identification:_identify(src) by extension 'colcon_meta'
[0.552s] Level 1:colcon.colcon_core.package_identification:_identify(src) by extensions ['ros']
[0.552s] Level 1:colcon.colcon_core.package_identification:_identify(src) by extension 'ros'
[0.552s] Level 1:colcon.colcon_core.package_identification:_identify(src) by extensions ['cmake', 'python']
[0.552s] Level 1:colcon.colcon_core.package_identification:_identify(src) by extension 'cmake'
[0.552s] Level 1:colcon.colcon_core.package_identification:_identify(src) by extension 'python'
[0.552s] Level 1:colcon.colcon_core.package_identification:_identify(src) by extensions ['python_setup_py']
[0.552s] Level 1:colcon.colcon_core.package_identification:_identify(src) by extension 'python_setup_py'
[0.552s] Level 1:colcon.colcon_core.package_identification:_identify(src/jetracer_bringup) by extensions ['ignore', 'ignore_ament_install']
[0.552s] Level 1:colcon.colcon_core.package_identification:_identify(src/jetracer_bringup) by extension 'ignore'
[0.552s] Level 1:colcon.colcon_core.package_identification:_identify(src/jetracer_bringup) by extension 'ignore_ament_install'
[0.552s] Level 1:colcon.colcon_core.package_identification:_identify(src/jetracer_bringup) by extensions ['colcon_pkg']
[0.552s] Level 1:colcon.colcon_core.package_identification:_identify(src/jetracer_bringup) by extension 'colcon_pkg'
[0.552s] Level 1:colcon.colcon_core.package_identification:_identify(src/jetracer_bringup) by extensions ['colcon_meta']
[0.552s] Level 1:colcon.colcon_core.package_identification:_identify(src/jetracer_bringup) by extension 'colcon_meta'
[0.552s] Level 1:colcon.colcon_core.package_identification:_identify(src/jetracer_bringup) by extensions ['ros']
[0.552s] Level 1:colcon.colcon_core.package_identification:_identify(src/jetracer_bringup) by extension 'ros'
[0.554s] DEBUG:colcon.colcon_core.package_identification:Package 'src/jetracer_bringup' with type 'ros.ament_cmake' and name 'jetracer_bringup'
[0.554s] Level 1:colcon.colcon_core.package_identification:_identify(src/jetracer_description) by extensions ['ignore', 'ignore_ament_install']
[0.554s] Level 1:colcon.colcon_core.package_identification:_identify(src/jetracer_description) by extension 'ignore'
[0.554s] Level 1:colcon.colcon_core.package_identification:_identify(src/jetracer_description) by extension 'ignore_ament_install'
[0.555s] Level 1:colcon.colcon_core.package_identification:_identify(src/jetracer_description) by extensions ['colcon_pkg']
[0.555s] Level 1:colcon.colcon_core.package_identification:_identify(src/jetracer_description) by extension 'colcon_pkg'
[0.555s] Level 1:colcon.colcon_core.package_identification:_identify(src/jetracer_description) by extensions ['colcon_meta']
[0.555s] Level 1:colcon.colcon_core.package_identification:_identify(src/jetracer_description) by extension 'colcon_meta'
[0.555s] Level 1:colcon.colcon_core.package_identification:_identify(src/jetracer_description) by extensions ['ros']
[0.555s] Level 1:colcon.colcon_core.package_identification:_identify(src/jetracer_description) by extension 'ros'
[0.555s] DEBUG:colcon.colcon_core.package_identification:Package 'src/jetracer_description' with type 'ros.ament_cmake' and name 'jetracer_description'
[0.555s] Level 1:colcon.colcon_core.package_discovery:discover_packages(recursive) using defaults
[0.555s] Level 1:colcon.colcon_core.package_discovery:discover_packages(ignore) discover
[0.555s] Level 1:colcon.colcon_core.package_discovery:discover_packages(ignore) using defaults
[0.555s] Level 1:colcon.colcon_core.package_discovery:discover_packages(path) discover
[0.555s] Level 1:colcon.colcon_core.package_discovery:discover_packages(path) using defaults
[0.579s] Level 1:colcon.colcon_core.package_discovery:discover_packages(prefix_path) check parameters
[0.580s] Level 1:colcon.colcon_core.package_discovery:discover_packages(prefix_path) discover
[0.585s] DEBUG:colcon.colcon_installed_package_information.package_discovery:Found 2 installed packages in /home/timi/ros2_ws/install
[0.587s] DEBUG:colcon.colcon_installed_package_information.package_discovery:Found 399 installed packages in /opt/ros/humble
[0.589s] Level 1:colcon.colcon_core.package_discovery:discover_packages(prefix_path) using defaults
[0.696s] Level 5:colcon.colcon_core.verb:set package 'jetracer_bringup' build argument 'cmake_args' from command line to 'None'
[0.696s] Level 5:colcon.colcon_core.verb:set package 'jetracer_bringup' build argument 'cmake_target' from command line to 'None'
[0.696s] Level 5:colcon.colcon_core.verb:set package 'jetracer_bringup' build argument 'cmake_target_skip_unavailable' from command line to 'False'
[0.696s] Level 5:colcon.colcon_core.verb:set package 'jetracer_bringup' build argument 'cmake_clean_cache' from command line to 'False'
[0.697s] Level 5:colcon.colcon_core.verb:set package 'jetracer_bringup' build argument 'cmake_clean_first' from command line to 'False'
[0.697s] Level 5:colcon.colcon_core.verb:set package 'jetracer_bringup' build argument 'cmake_force_configure' from command line to 'False'
[0.697s] Level 5:colcon.colcon_core.verb:set package 'jetracer_bringup' build argument 'ament_cmake_args' from command line to 'None'
[0.697s] Level 5:colcon.colcon_core.verb:set package 'jetracer_bringup' build argument 'catkin_cmake_args' from command line to 'None'
[0.697s] Level 5:colcon.colcon_core.verb:set package 'jetracer_bringup' build argument 'catkin_skip_building_tests' from command line to 'False'
[0.697s] DEBUG:colcon.colcon_core.verb:Building package 'jetracer_bringup' with the following arguments: {'ament_cmake_args': None, 'build_base': '/home/timi/ros2_ws/build/jetracer_bringup', 'catkin_cmake_args': None, 'catkin_skip_building_tests': False, 'cmake_args': None, 'cmake_clean_cache': False, 'cmake_clean_first': False, 'cmake_force_configure': False, 'cmake_target': None, 'cmake_target_skip_unavailable': False, 'install_base': '/home/timi/ros2_ws/install/jetracer_bringup', 'merge_install': False, 'path': '/home/timi/ros2_ws/src/jetracer_bringup', 'symlink_install': False, 'test_result_base': None}
[0.697s] Level 5:colcon.colcon_core.verb:set package 'jetracer_description' build argument 'cmake_args' from command line to 'None'
[0.697s] Level 5:colcon.colcon_core.verb:set package 'jetracer_description' build argument 'cmake_target' from command line to 'None'
[0.697s] Level 5:colcon.colcon_core.verb:set package 'jetracer_description' build argument 'cmake_target_skip_unavailable' from command line to 'False'
[0.697s] Level 5:colcon.colcon_core.verb:set package 'jetracer_description' build argument 'cmake_clean_cache' from command line to 'False'
[0.697s] Level 5:colcon.colcon_core.verb:set package 'jetracer_description' build argument 'cmake_clean_first' from command line to 'False'
[0.697s] Level 5:colcon.colcon_core.verb:set package 'jetracer_description' build argument 'cmake_force_configure' from command line to 'False'
[0.697s] Level 5:colcon.colcon_core.verb:set package 'jetracer_description' build argument 'ament_cmake_args' from command line to 'None'
[0.697s] Level 5:colcon.colcon_core.verb:set package 'jetracer_description' build argument 'catkin_cmake_args' from command line to 'None'
[0.697s] Level 5:colcon.colcon_core.verb:set package 'jetracer_description' build argument 'catkin_skip_building_tests' from command line to 'False'
[0.697s] DEBUG:colcon.colcon_core.verb:Building package 'jetracer_description' with the following arguments: {'ament_cmake_args': None, 'build_base': '/home/timi/ros2_ws/build/jetracer_description', 'catkin_cmake_args': None, 'catkin_skip_building_tests': False, 'cmake_args': None, 'cmake_clean_cache': False, 'cmake_clean_first': False, 'cmake_force_configure': False, 'cmake_target': None, 'cmake_target_skip_unavailable': False, 'install_base': '/home/timi/ros2_ws/install/jetracer_description', 'merge_install': False, 'path': '/home/timi/ros2_ws/src/jetracer_description', 'symlink_install': False, 'test_result_base': None}
[0.697s] INFO:colcon.colcon_core.executor:Executing jobs using 'parallel' executor
[0.698s] DEBUG:colcon.colcon_parallel_executor.executor.parallel:run_until_complete
[0.698s] INFO:colcon.colcon_ros.task.ament_cmake.build:Building ROS package in '/home/timi/ros2_ws/src/jetracer_bringup' with build type 'ament_cmake'
[0.698s] INFO:colcon.colcon_cmake.task.cmake.build:Building CMake package in '/home/timi/ros2_ws/src/jetracer_bringup'
[0.703s] INFO:colcon.colcon_core.plugin_system:Skipping extension 'colcon_core.shell.bat': Not used on non-Windows systems
[0.703s] INFO:colcon.colcon_core.shell:Skip shell extension 'powershell' for command environment: Not usable outside of PowerShell
[0.703s] DEBUG:colcon.colcon_core.shell:Skip shell extension 'dsv' for command environment
[0.705s] INFO:colcon.colcon_ros.task.ament_cmake.build:Building ROS package in '/home/timi/ros2_ws/src/jetracer_description' with build type 'ament_cmake'
[0.705s] INFO:colcon.colcon_cmake.task.cmake.build:Building CMake package in '/home/timi/ros2_ws/src/jetracer_description'
[0.705s] INFO:colcon.colcon_core.shell:Skip shell extension 'powershell' for command environment: Not usable outside of PowerShell
[0.705s] DEBUG:colcon.colcon_core.shell:Skip shell extension 'dsv' for command environment
[0.709s] DEBUG:colcon.colcon_core.event_handler.log_command:Invoking command in '/home/timi/ros2_ws/build/jetracer_bringup': CMAKE_PREFIX_PATH=${CMAKE_PREFIX_PATH}:/opt/ros/humble /usr/bin/cmake --build /home/timi/ros2_ws/build/jetracer_bringup -- -j20 -l20
[0.713s] DEBUG:colcon.colcon_core.event_handler.log_command:Invoking command in '/home/timi/ros2_ws/build/jetracer_description': CMAKE_PREFIX_PATH=${CMAKE_PREFIX_PATH}:/opt/ros/humble /usr/bin/cmake --build /home/timi/ros2_ws/build/jetracer_description -- -j20 -l20
[0.986s] DEBUG:colcon.colcon_core.event_handler.log_command:Invoked command in '/home/timi/ros2_ws/build/jetracer_bringup' returned '0': CMAKE_PREFIX_PATH=${CMAKE_PREFIX_PATH}:/opt/ros/humble /usr/bin/cmake --build /home/timi/ros2_ws/build/jetracer_bringup -- -j20 -l20
[0.995s] DEBUG:colcon.colcon_core.event_handler.log_command:Invoking command in '/home/timi/ros2_ws/build/jetracer_bringup': CMAKE_PREFIX_PATH=${CMAKE_PREFIX_PATH}:/opt/ros/humble /usr/bin/cmake --install /home/timi/ros2_ws/build/jetracer_bringup
[0.995s] DEBUG:colcon.colcon_core.event_handler.log_command:Invoked command in '/home/timi/ros2_ws/build/jetracer_description' returned '0': CMAKE_PREFIX_PATH=${CMAKE_PREFIX_PATH}:/opt/ros/humble /usr/bin/cmake --build /home/timi/ros2_ws/build/jetracer_description -- -j20 -l20
[0.997s] DEBUG:colcon.colcon_core.event_handler.log_command:Invoking command in '/home/timi/ros2_ws/build/jetracer_description': CMAKE_PREFIX_PATH=${CMAKE_PREFIX_PATH}:/opt/ros/humble /usr/bin/cmake --install /home/timi/ros2_ws/build/jetracer_description
[1.012s] Level 1:colcon.colcon_core.environment:create_environment_scripts_only(jetracer_bringup)
[1.012s] DEBUG:colcon.colcon_core.event_handler.log_command:Invoked command in '/home/timi/ros2_ws/build/jetracer_bringup' returned '0': CMAKE_PREFIX_PATH=${CMAKE_PREFIX_PATH}:/opt/ros/humble /usr/bin/cmake --install /home/timi/ros2_ws/build/jetracer_bringup
[1.019s] Level 1:colcon.colcon_core.environment:checking '/home/timi/ros2_ws/install/jetracer_bringup' for CMake module files
[1.020s] Level 1:colcon.colcon_core.environment:checking '/home/timi/ros2_ws/install/jetracer_bringup' for CMake config files
[1.021s] Level 1:colcon.colcon_core.shell:create_environment_hook('jetracer_bringup', 'cmake_prefix_path')
[1.021s] INFO:colcon.colcon_core.shell:Creating environment hook '/home/timi/ros2_ws/install/jetracer_bringup/share/jetracer_bringup/hook/cmake_prefix_path.ps1'
[1.022s] INFO:colcon.colcon_core.shell:Creating environment descriptor '/home/timi/ros2_ws/install/jetracer_bringup/share/jetracer_bringup/hook/cmake_prefix_path.dsv'
[1.022s] INFO:colcon.colcon_core.shell:Creating environment hook '/home/timi/ros2_ws/install/jetracer_bringup/share/jetracer_bringup/hook/cmake_prefix_path.sh'
[1.023s] Level 1:colcon.colcon_core.environment:checking '/home/timi/ros2_ws/install/jetracer_bringup/bin'
[1.023s] Level 1:colcon.colcon_core.environment:checking '/home/timi/ros2_ws/install/jetracer_bringup/lib/pkgconfig/jetracer_bringup.pc'
[1.023s] Level 1:colcon.colcon_core.environment:checking '/home/timi/ros2_ws/install/jetracer_bringup/lib/python3.10/site-packages'
[1.023s] Level 1:colcon.colcon_core.environment:checking '/home/timi/ros2_ws/install/jetracer_bringup/bin'
[1.023s] INFO:colcon.colcon_core.shell:Creating package script '/home/timi/ros2_ws/install/jetracer_bringup/share/jetracer_bringup/package.ps1'
[1.024s] INFO:colcon.colcon_core.shell:Creating package descriptor '/home/timi/ros2_ws/install/jetracer_bringup/share/jetracer_bringup/package.dsv'
[1.025s] INFO:colcon.colcon_core.shell:Creating package script '/home/timi/ros2_ws/install/jetracer_bringup/share/jetracer_bringup/package.sh'
[1.026s] INFO:colcon.colcon_core.shell:Creating package script '/home/timi/ros2_ws/install/jetracer_bringup/share/jetracer_bringup/package.bash'
[1.027s] INFO:colcon.colcon_core.shell:Creating package script '/home/timi/ros2_ws/install/jetracer_bringup/share/jetracer_bringup/package.zsh'
[1.028s] Level 1:colcon.colcon_core.environment:create_file_with_runtime_dependencies(/home/timi/ros2_ws/install/jetracer_bringup/share/colcon-core/packages/jetracer_bringup)
[1.028s] Level 1:colcon.colcon_core.environment:create_environment_scripts_only(jetracer_bringup)
[1.029s] Level 1:colcon.colcon_core.environment:checking '/home/timi/ros2_ws/install/jetracer_bringup' for CMake module files
[1.029s] Level 1:colcon.colcon_core.environment:checking '/home/timi/ros2_ws/install/jetracer_bringup' for CMake config files
[1.029s] Level 1:colcon.colcon_core.shell:create_environment_hook('jetracer_bringup', 'cmake_prefix_path')
[1.029s] INFO:colcon.colcon_core.shell:Creating environment hook '/home/timi/ros2_ws/install/jetracer_bringup/share/jetracer_bringup/hook/cmake_prefix_path.ps1'
[1.029s] INFO:colcon.colcon_core.shell:Creating environment descriptor '/home/timi/ros2_ws/install/jetracer_bringup/share/jetracer_bringup/hook/cmake_prefix_path.dsv'
[1.030s] INFO:colcon.colcon_core.shell:Creating environment hook '/home/timi/ros2_ws/install/jetracer_bringup/share/jetracer_bringup/hook/cmake_prefix_path.sh'
[1.030s] Level 1:colcon.colcon_core.environment:checking '/home/timi/ros2_ws/install/jetracer_bringup/bin'
[1.030s] Level 1:colcon.colcon_core.environment:checking '/home/timi/ros2_ws/install/jetracer_bringup/lib/pkgconfig/jetracer_bringup.pc'
[1.030s] Level 1:colcon.colcon_core.environment:checking '/home/timi/ros2_ws/install/jetracer_bringup/lib/python3.10/site-packages'
[1.030s] Level 1:colcon.colcon_core.environment:checking '/home/timi/ros2_ws/install/jetracer_bringup/bin'
[1.030s] INFO:colcon.colcon_core.shell:Creating package script '/home/timi/ros2_ws/install/jetracer_bringup/share/jetracer_bringup/package.ps1'
[1.031s] INFO:colcon.colcon_core.shell:Creating package descriptor '/home/timi/ros2_ws/install/jetracer_bringup/share/jetracer_bringup/package.dsv'
[1.031s] INFO:colcon.colcon_core.shell:Creating package script '/home/timi/ros2_ws/install/jetracer_bringup/share/jetracer_bringup/package.sh'
[1.031s] INFO:colcon.colcon_core.shell:Creating package script '/home/timi/ros2_ws/install/jetracer_bringup/share/jetracer_bringup/package.bash'
[1.031s] INFO:colcon.colcon_core.shell:Creating package script '/home/timi/ros2_ws/install/jetracer_bringup/share/jetracer_bringup/package.zsh'
[1.031s] Level 1:colcon.colcon_core.environment:create_file_with_runtime_dependencies(/home/timi/ros2_ws/install/jetracer_bringup/share/colcon-core/packages/jetracer_bringup)
[1.032s] Level 1:colcon.colcon_core.environment:create_environment_scripts_only(jetracer_description)
[1.032s] Level 1:colcon.colcon_core.environment:checking '/home/timi/ros2_ws/install/jetracer_description' for CMake module files
[1.033s] DEBUG:colcon.colcon_core.event_handler.log_command:Invoked command in '/home/timi/ros2_ws/build/jetracer_description' returned '0': CMAKE_PREFIX_PATH=${CMAKE_PREFIX_PATH}:/opt/ros/humble /usr/bin/cmake --install /home/timi/ros2_ws/build/jetracer_description
[1.033s] Level 1:colcon.colcon_core.environment:checking '/home/timi/ros2_ws/install/jetracer_description' for CMake config files
[1.034s] Level 1:colcon.colcon_core.shell:create_environment_hook('jetracer_description', 'cmake_prefix_path')
[1.034s] INFO:colcon.colcon_core.shell:Creating environment hook '/home/timi/ros2_ws/install/jetracer_description/share/jetracer_description/hook/cmake_prefix_path.ps1'
[1.034s] INFO:colcon.colcon_core.shell:Creating environment descriptor '/home/timi/ros2_ws/install/jetracer_description/share/jetracer_description/hook/cmake_prefix_path.dsv'
[1.034s] INFO:colcon.colcon_core.shell:Creating environment hook '/home/timi/ros2_ws/install/jetracer_description/share/jetracer_description/hook/cmake_prefix_path.sh'
[1.035s] Level 1:colcon.colcon_core.environment:checking '/home/timi/ros2_ws/install/jetracer_description/bin'
[1.035s] Level 1:colcon.colcon_core.environment:checking '/home/timi/ros2_ws/install/jetracer_description/lib/pkgconfig/jetracer_description.pc'
[1.035s] Level 1:colcon.colcon_core.environment:checking '/home/timi/ros2_ws/install/jetracer_description/lib/python3.10/site-packages'
[1.035s] Level 1:colcon.colcon_core.environment:checking '/home/timi/ros2_ws/install/jetracer_description/bin'
[1.035s] INFO:colcon.colcon_core.shell:Creating package script '/home/timi/ros2_ws/install/jetracer_description/share/jetracer_description/package.ps1'
[1.035s] INFO:colcon.colcon_core.shell:Creating package descriptor '/home/timi/ros2_ws/install/jetracer_description/share/jetracer_description/package.dsv'
[1.036s] INFO:colcon.colcon_core.shell:Creating package script '/home/timi/ros2_ws/install/jetracer_description/share/jetracer_description/package.sh'
[1.036s] INFO:colcon.colcon_core.shell:Creating package script '/home/timi/ros2_ws/install/jetracer_description/share/jetracer_description/package.bash'
[1.036s] INFO:colcon.colcon_core.shell:Creating package script '/home/timi/ros2_ws/install/jetracer_description/share/jetracer_description/package.zsh'
[1.036s] Level 1:colcon.colcon_core.environment:create_file_with_runtime_dependencies(/home/timi/ros2_ws/install/jetracer_description/share/colcon-core/packages/jetracer_description)
[1.036s] Level 1:colcon.colcon_core.environment:create_environment_scripts_only(jetracer_description)
[1.036s] Level 1:colcon.colcon_core.environment:checking '/home/timi/ros2_ws/install/jetracer_description' for CMake module files
[1.037s] Level 1:colcon.colcon_core.environment:checking '/home/timi/ros2_ws/install/jetracer_description' for CMake config files
[1.037s] Level 1:colcon.colcon_core.shell:create_environment_hook('jetracer_description', 'cmake_prefix_path')
[1.037s] INFO:colcon.colcon_core.shell:Creating environment hook '/home/timi/ros2_ws/install/jetracer_description/share/jetracer_description/hook/cmake_prefix_path.ps1'
[1.037s] INFO:colcon.colcon_core.shell:Creating environment descriptor '/home/timi/ros2_ws/install/jetracer_description/share/jetracer_description/hook/cmake_prefix_path.dsv'
[1.037s] INFO:colcon.colcon_core.shell:Creating environment hook '/home/timi/ros2_ws/install/jetracer_description/share/jetracer_description/hook/cmake_prefix_path.sh'
[1.037s] Level 1:colcon.colcon_core.environment:checking '/home/timi/ros2_ws/install/jetracer_description/bin'
[1.037s] Level 1:colcon.colcon_core.environment:checking '/home/timi/ros2_ws/install/jetracer_description/lib/pkgconfig/jetracer_description.pc'
[1.038s] Level 1:colcon.colcon_core.environment:checking '/home/timi/ros2_ws/install/jetracer_description/lib/python3.10/site-packages'
[1.038s] Level 1:colcon.colcon_core.environment:checking '/home/timi/ros2_ws/install/jetracer_description/bin'
[1.038s] INFO:colcon.colcon_core.shell:Creating package script '/home/timi/ros2_ws/install/jetracer_description/share/jetracer_description/package.ps1'
[1.038s] INFO:colcon.colcon_core.shell:Creating package descriptor '/home/timi/ros2_ws/install/jetracer_description/share/jetracer_description/package.dsv'
[1.038s] INFO:colcon.colcon_core.shell:Creating package script '/home/timi/ros2_ws/install/jetracer_description/share/jetracer_description/package.sh'
[1.039s] INFO:colcon.colcon_core.shell:Creating package script '/home/timi/ros2_ws/install/jetracer_description/share/jetracer_description/package.bash'
[1.039s] INFO:colcon.colcon_core.shell:Creating package script '/home/timi/ros2_ws/install/jetracer_description/share/jetracer_description/package.zsh'
[1.039s] Level 1:colcon.colcon_core.environment:create_file_with_runtime_dependencies(/home/timi/ros2_ws/install/jetracer_description/share/colcon-core/packages/jetracer_description)
[1.039s] DEBUG:colcon.colcon_parallel_executor.executor.parallel:closing loop
[1.039s] DEBUG:colcon.colcon_parallel_executor.executor.parallel:loop closed
[1.039s] DEBUG:colcon.colcon_parallel_executor.executor.parallel:run_until_complete finished with '0'
[1.039s] DEBUG:colcon.colcon_core.event_reactor:joining thread
[1.049s] INFO:colcon.colcon_core.plugin_system:Skipping extension 'colcon_notification.desktop_notification.terminal_notifier': Not used on non-Darwin systems
[1.049s] INFO:colcon.colcon_core.plugin_system:Skipping extension 'colcon_notification.desktop_notification.win32': Not used on non-Windows systems
[1.049s] INFO:colcon.colcon_notification.desktop_notification:Sending desktop notification using 'notify2'
[1.069s] DEBUG:colcon.colcon_core.event_reactor:joined thread
[1.069s] INFO:colcon.colcon_core.shell:Creating prefix script '/home/timi/ros2_ws/install/local_setup.ps1'
[1.071s] INFO:colcon.colcon_core.shell:Creating prefix util module '/home/timi/ros2_ws/install/_local_setup_util_ps1.py'
[1.072s] INFO:colcon.colcon_core.shell:Creating prefix chain script '/home/timi/ros2_ws/install/setup.ps1'
[1.073s] INFO:colcon.colcon_core.shell:Creating prefix script '/home/timi/ros2_ws/install/local_setup.sh'
[1.074s] INFO:colcon.colcon_core.shell:Creating prefix util module '/home/timi/ros2_ws/install/_local_setup_util_sh.py'
[1.074s] INFO:colcon.colcon_core.shell:Creating prefix chain script '/home/timi/ros2_ws/install/setup.sh'
[1.075s] INFO:colcon.colcon_core.shell:Creating prefix script '/home/timi/ros2_ws/install/local_setup.bash'
[1.075s] INFO:colcon.colcon_core.shell:Creating prefix chain script '/home/timi/ros2_ws/install/setup.bash'
[1.076s] INFO:colcon.colcon_core.shell:Creating prefix script '/home/timi/ros2_ws/install/local_setup.zsh'
[1.077s] INFO:colcon.colcon_core.shell:Creating prefix chain script '/home/timi/ros2_ws/install/setup.zsh'
