[0.022s] Invoking command in '/home/timi/ros2_ws/build/jetracer_description': CMAKE_PREFIX_PATH=${CMAKE_PREFIX_PATH}:/opt/ros/humble /usr/bin/cmake /home/timi/ros2_ws/src/jetracer_description -DCMAKE_INSTALL_PREFIX=/home/timi/ros2_ws/install/jetracer_description
[0.048s] -- Found ament_cmake: 1.3.11 (/opt/ros/humble/share/ament_cmake/cmake)
[0.144s] -- Override CMake install command with custom implementation using symlinks instead of copying resources
[0.211s] -- Configuring done
[0.215s] -- Generating done
[0.216s] -- Build files have been written to: /home/timi/ros2_ws/build/jetracer_description
[0.218s] Invoked command in '/home/timi/ros2_ws/build/jetracer_description' returned '0': CMAKE_PREFIX_PATH=${CMAKE_PREFIX_PATH}:/opt/ros/humble /usr/bin/cmake /home/timi/ros2_ws/src/jetracer_description -DCMAKE_INSTALL_PREFIX=/home/timi/ros2_ws/install/jetracer_description
[0.219s] Invoking command in '/home/timi/ros2_ws/build/jetracer_description': CMAKE_PREFIX_PATH=${CMAKE_PREFIX_PATH}:/opt/ros/humble /usr/bin/cmake --build /home/timi/ros2_ws/build/jetracer_description -- -j20 -l20
[0.245s] Invoked command in '/home/timi/ros2_ws/build/jetracer_description' returned '0': CMAKE_PREFIX_PATH=${CMAKE_PREFIX_PATH}:/opt/ros/humble /usr/bin/cmake --build /home/timi/ros2_ws/build/jetracer_description -- -j20 -l20
[0.252s] Invoking command in '/home/timi/ros2_ws/build/jetracer_description': CMAKE_PREFIX_PATH=${CMAKE_PREFIX_PATH}:/opt/ros/humble /usr/bin/cmake --install /home/timi/ros2_ws/build/jetracer_description
[0.256s] -- Install configuration: ""
[0.256s] -- Execute custom install script
[0.257s] -- Up-to-date symlink: /home/timi/ros2_ws/install/jetracer_description/share/jetracer_description/urdf/common_properties.xacro
[0.257s] -- Up-to-date symlink: /home/timi/ros2_ws/install/jetracer_description/share/jetracer_description/urdf/jetracer.xacro
[0.258s] -- Up-to-date symlink: /home/timi/ros2_ws/install/jetracer_description/share/jetracer_description/urdf/jetracer_gazebo.xacro
[0.259s] -- Up-to-date symlink: /home/timi/ros2_ws/install/jetracer_description/share/jetracer_description/launch/display.launch.py
[0.259s] -- Up-to-date symlink: /home/timi/ros2_ws/install/jetracer_description/share/jetracer_description/launch/display.launch.xml
[0.259s] -- Up-to-date symlink: /home/timi/ros2_ws/install/jetracer_description/share/jetracer_description/rviz/jetracer.rviz
[0.259s] -- Up-to-date symlink: /home/timi/ros2_ws/install/jetracer_description/share/ament_index/resource_index/package_run_dependencies/jetracer_description
[0.260s] -- Up-to-date symlink: /home/timi/ros2_ws/install/jetracer_description/share/ament_index/resource_index/parent_prefix_path/jetracer_description
[0.260s] -- Up-to-date symlink: /home/timi/ros2_ws/install/jetracer_description/share/jetracer_description/environment/ament_prefix_path.sh
[0.261s] -- Up-to-date symlink: /home/timi/ros2_ws/install/jetracer_description/share/jetracer_description/environment/ament_prefix_path.dsv
[0.261s] -- Up-to-date symlink: /home/timi/ros2_ws/install/jetracer_description/share/jetracer_description/environment/path.sh
[0.261s] -- Up-to-date symlink: /home/timi/ros2_ws/install/jetracer_description/share/jetracer_description/environment/path.dsv
[0.262s] -- Up-to-date symlink: /home/timi/ros2_ws/install/jetracer_description/share/jetracer_description/local_setup.bash
[0.262s] -- Up-to-date symlink: /home/timi/ros2_ws/install/jetracer_description/share/jetracer_description/local_setup.sh
[0.262s] -- Up-to-date symlink: /home/timi/ros2_ws/install/jetracer_description/share/jetracer_description/local_setup.zsh
[0.262s] -- Up-to-date symlink: /home/timi/ros2_ws/install/jetracer_description/share/jetracer_description/local_setup.dsv
[0.262s] -- Symlinking: /home/timi/ros2_ws/install/jetracer_description/share/jetracer_description/package.dsv
[0.270s] -- Up-to-date symlink: /home/timi/ros2_ws/install/jetracer_description/share/ament_index/resource_index/packages/jetracer_description
[0.271s] -- Up-to-date symlink: /home/timi/ros2_ws/install/jetracer_description/share/jetracer_description/cmake/jetracer_descriptionConfig.cmake
[0.271s] -- Up-to-date symlink: /home/timi/ros2_ws/install/jetracer_description/share/jetracer_description/cmake/jetracer_descriptionConfig-version.cmake
[0.271s] -- Up-to-date symlink: /home/timi/ros2_ws/install/jetracer_description/share/jetracer_description/package.xml
[0.273s] Invoked command in '/home/timi/ros2_ws/build/jetracer_description' returned '0': CMAKE_PREFIX_PATH=${CMAKE_PREFIX_PATH}:/opt/ros/humble /usr/bin/cmake --install /home/timi/ros2_ws/build/jetracer_description
