[0.125s] DEBUG:colcon:Command line arguments: ['/usr/bin/colcon', 'build']
[0.125s] DEBUG:colcon:Parsed command line arguments: Namespace(log_base=None, log_level=None, verb_name='build', build_base='build', install_base='install', merge_install=False, symlink_install=False, test_result_base=None, continue_on_error=False, executor='parallel', parallel_workers=20, event_handlers=None, ignore_user_meta=False, metas=['./colcon.meta'], base_paths=['.'], packages_ignore=None, packages_ignore_regex=None, paths=None, packages_up_to=None, packages_up_to_regex=None, packages_above=None, packages_above_and_dependencies=None, packages_above_depth=None, packages_select_by_dep=None, packages_skip_by_dep=None, packages_skip_up_to=None, packages_select_build_failed=False, packages_skip_build_finished=False, packages_select_test_failures=False, packages_skip_test_passed=False, packages_select=None, packages_skip=None, packages_select_regex=None, packages_skip_regex=None, packages_start=None, packages_end=None, allow_overriding=[], cmake_args=None, cmake_target=None, cmake_target_skip_unavailable=False, cmake_clean_cache=False, cmake_clean_first=False, cmake_force_configure=False, ament_cmake_args=None, catkin_cmake_args=None, catkin_skip_building_tests=False, mixin_files=None, mixin=None, verb_parser=<colcon_mixin.mixin.mixin_argument.MixinArgumentDecorator object at 0x7582ba256aa0>, verb_extension=<colcon_core.verb.build.BuildVerb object at 0x7582ba256590>, main=<bound method BuildVerb.main of <colcon_core.verb.build.BuildVerb object at 0x7582ba256590>>, mixin_verb=('build',))
[0.328s] Level 1:colcon.colcon_core.package_discovery:discover_packages(colcon_meta) check parameters
[0.328s] Level 1:colcon.colcon_core.package_discovery:discover_packages(recursive) check parameters
[0.328s] Level 1:colcon.colcon_core.package_discovery:discover_packages(ignore) check parameters
[0.328s] Level 1:colcon.colcon_core.package_discovery:discover_packages(path) check parameters
[0.328s] Level 1:colcon.colcon_core.package_discovery:discover_packages(colcon_meta) discover
[0.328s] Level 1:colcon.colcon_core.package_discovery:discover_packages(recursive) discover
[0.328s] INFO:colcon.colcon_core.package_discovery:Crawling recursively for packages in '/home/timi/ros2_ws'
[0.328s] Level 1:colcon.colcon_core.package_identification:_identify(.) by extensions ['ignore', 'ignore_ament_install']
[0.328s] Level 1:colcon.colcon_core.package_identification:_identify(.) by extension 'ignore'
[0.328s] Level 1:colcon.colcon_core.package_identification:_identify(.) by extension 'ignore_ament_install'
[0.328s] Level 1:colcon.colcon_core.package_identification:_identify(.) by extensions ['colcon_pkg']
[0.328s] Level 1:colcon.colcon_core.package_identification:_identify(.) by extension 'colcon_pkg'
[0.329s] Level 1:colcon.colcon_core.package_identification:_identify(.) by extensions ['colcon_meta']
[0.329s] Level 1:colcon.colcon_core.package_identification:_identify(.) by extension 'colcon_meta'
[0.329s] Level 1:colcon.colcon_core.package_identification:_identify(.) by extensions ['ros']
[0.329s] Level 1:colcon.colcon_core.package_identification:_identify(.) by extension 'ros'
[0.340s] Level 1:colcon.colcon_core.package_identification:_identify(.) by extensions ['cmake', 'python']
[0.340s] Level 1:colcon.colcon_core.package_identification:_identify(.) by extension 'cmake'
[0.340s] Level 1:colcon.colcon_core.package_identification:_identify(.) by extension 'python'
[0.340s] Level 1:colcon.colcon_core.package_identification:_identify(.) by extensions ['python_setup_py']
[0.340s] Level 1:colcon.colcon_core.package_identification:_identify(.) by extension 'python_setup_py'
[0.340s] Level 1:colcon.colcon_core.package_identification:_identify(build) by extensions ['ignore', 'ignore_ament_install']
[0.340s] Level 1:colcon.colcon_core.package_identification:_identify(build) by extension 'ignore'
[0.340s] Level 1:colcon.colcon_core.package_identification:_identify(build) ignored
[0.340s] Level 1:colcon.colcon_core.package_identification:_identify(install) by extensions ['ignore', 'ignore_ament_install']
[0.341s] Level 1:colcon.colcon_core.package_identification:_identify(install) by extension 'ignore'
[0.341s] Level 1:colcon.colcon_core.package_identification:_identify(install) ignored
[0.341s] Level 1:colcon.colcon_core.package_identification:_identify(log) by extensions ['ignore', 'ignore_ament_install']
[0.341s] Level 1:colcon.colcon_core.package_identification:_identify(log) by extension 'ignore'
[0.341s] Level 1:colcon.colcon_core.package_identification:_identify(log) ignored
[0.341s] Level 1:colcon.colcon_core.package_identification:_identify(src) by extensions ['ignore', 'ignore_ament_install']
[0.341s] Level 1:colcon.colcon_core.package_identification:_identify(src) by extension 'ignore'
[0.341s] Level 1:colcon.colcon_core.package_identification:_identify(src) by extension 'ignore_ament_install'
[0.341s] Level 1:colcon.colcon_core.package_identification:_identify(src) by extensions ['colcon_pkg']
[0.341s] Level 1:colcon.colcon_core.package_identification:_identify(src) by extension 'colcon_pkg'
[0.341s] Level 1:colcon.colcon_core.package_identification:_identify(src) by extensions ['colcon_meta']
[0.341s] Level 1:colcon.colcon_core.package_identification:_identify(src) by extension 'colcon_meta'
[0.341s] Level 1:colcon.colcon_core.package_identification:_identify(src) by extensions ['ros']
[0.341s] Level 1:colcon.colcon_core.package_identification:_identify(src) by extension 'ros'
[0.341s] Level 1:colcon.colcon_core.package_identification:_identify(src) by extensions ['cmake', 'python']
[0.341s] Level 1:colcon.colcon_core.package_identification:_identify(src) by extension 'cmake'
[0.341s] Level 1:colcon.colcon_core.package_identification:_identify(src) by extension 'python'
[0.341s] Level 1:colcon.colcon_core.package_identification:_identify(src) by extensions ['python_setup_py']
[0.341s] Level 1:colcon.colcon_core.package_identification:_identify(src) by extension 'python_setup_py'
[0.341s] Level 1:colcon.colcon_core.package_identification:_identify(src/jetracer_bringup) by extensions ['ignore', 'ignore_ament_install']
[0.341s] Level 1:colcon.colcon_core.package_identification:_identify(src/jetracer_bringup) by extension 'ignore'
[0.341s] Level 1:colcon.colcon_core.package_identification:_identify(src/jetracer_bringup) by extension 'ignore_ament_install'
[0.341s] Level 1:colcon.colcon_core.package_identification:_identify(src/jetracer_bringup) by extensions ['colcon_pkg']
[0.341s] Level 1:colcon.colcon_core.package_identification:_identify(src/jetracer_bringup) by extension 'colcon_pkg'
[0.341s] Level 1:colcon.colcon_core.package_identification:_identify(src/jetracer_bringup) by extensions ['colcon_meta']
[0.341s] Level 1:colcon.colcon_core.package_identification:_identify(src/jetracer_bringup) by extension 'colcon_meta'
[0.341s] Level 1:colcon.colcon_core.package_identification:_identify(src/jetracer_bringup) by extensions ['ros']
[0.341s] Level 1:colcon.colcon_core.package_identification:_identify(src/jetracer_bringup) by extension 'ros'
[0.343s] DEBUG:colcon.colcon_core.package_identification:Package 'src/jetracer_bringup' with type 'ros.ament_cmake' and name 'jetracer_bringup'
[0.343s] Level 1:colcon.colcon_core.package_identification:_identify(src/jetracer_description) by extensions ['ignore', 'ignore_ament_install']
[0.343s] Level 1:colcon.colcon_core.package_identification:_identify(src/jetracer_description) by extension 'ignore'
[0.343s] Level 1:colcon.colcon_core.package_identification:_identify(src/jetracer_description) by extension 'ignore_ament_install'
[0.343s] Level 1:colcon.colcon_core.package_identification:_identify(src/jetracer_description) by extensions ['colcon_pkg']
[0.343s] Level 1:colcon.colcon_core.package_identification:_identify(src/jetracer_description) by extension 'colcon_pkg'
[0.343s] Level 1:colcon.colcon_core.package_identification:_identify(src/jetracer_description) by extensions ['colcon_meta']
[0.343s] Level 1:colcon.colcon_core.package_identification:_identify(src/jetracer_description) by extension 'colcon_meta'
[0.343s] Level 1:colcon.colcon_core.package_identification:_identify(src/jetracer_description) by extensions ['ros']
[0.343s] Level 1:colcon.colcon_core.package_identification:_identify(src/jetracer_description) by extension 'ros'
[0.343s] DEBUG:colcon.colcon_core.package_identification:Package 'src/jetracer_description' with type 'ros.ament_cmake' and name 'jetracer_description'
[0.343s] Level 1:colcon.colcon_core.package_identification:_identify(src/my_robot_bringup) by extensions ['ignore', 'ignore_ament_install']
[0.343s] Level 1:colcon.colcon_core.package_identification:_identify(src/my_robot_bringup) by extension 'ignore'
[0.344s] Level 1:colcon.colcon_core.package_identification:_identify(src/my_robot_bringup) by extension 'ignore_ament_install'
[0.344s] Level 1:colcon.colcon_core.package_identification:_identify(src/my_robot_bringup) by extensions ['colcon_pkg']
[0.344s] Level 1:colcon.colcon_core.package_identification:_identify(src/my_robot_bringup) by extension 'colcon_pkg'
[0.344s] Level 1:colcon.colcon_core.package_identification:_identify(src/my_robot_bringup) by extensions ['colcon_meta']
[0.344s] Level 1:colcon.colcon_core.package_identification:_identify(src/my_robot_bringup) by extension 'colcon_meta'
[0.344s] Level 1:colcon.colcon_core.package_identification:_identify(src/my_robot_bringup) by extensions ['ros']
[0.344s] Level 1:colcon.colcon_core.package_identification:_identify(src/my_robot_bringup) by extension 'ros'
[0.344s] DEBUG:colcon.colcon_core.package_identification:Package 'src/my_robot_bringup' with type 'ros.ament_cmake' and name 'my_robot_bringup'
[0.344s] Level 1:colcon.colcon_core.package_identification:_identify(src/my_robot_description) by extensions ['ignore', 'ignore_ament_install']
[0.344s] Level 1:colcon.colcon_core.package_identification:_identify(src/my_robot_description) by extension 'ignore'
[0.344s] Level 1:colcon.colcon_core.package_identification:_identify(src/my_robot_description) by extension 'ignore_ament_install'
[0.344s] Level 1:colcon.colcon_core.package_identification:_identify(src/my_robot_description) by extensions ['colcon_pkg']
[0.344s] Level 1:colcon.colcon_core.package_identification:_identify(src/my_robot_description) by extension 'colcon_pkg'
[0.344s] Level 1:colcon.colcon_core.package_identification:_identify(src/my_robot_description) by extensions ['colcon_meta']
[0.344s] Level 1:colcon.colcon_core.package_identification:_identify(src/my_robot_description) by extension 'colcon_meta'
[0.344s] Level 1:colcon.colcon_core.package_identification:_identify(src/my_robot_description) by extensions ['ros']
[0.344s] Level 1:colcon.colcon_core.package_identification:_identify(src/my_robot_description) by extension 'ros'
[0.344s] DEBUG:colcon.colcon_core.package_identification:Package 'src/my_robot_description' with type 'ros.ament_cmake' and name 'my_robot_description'
[0.344s] Level 1:colcon.colcon_core.package_discovery:discover_packages(recursive) using defaults
[0.344s] Level 1:colcon.colcon_core.package_discovery:discover_packages(ignore) discover
[0.344s] Level 1:colcon.colcon_core.package_discovery:discover_packages(ignore) using defaults
[0.344s] Level 1:colcon.colcon_core.package_discovery:discover_packages(path) discover
[0.344s] Level 1:colcon.colcon_core.package_discovery:discover_packages(path) using defaults
[0.362s] Level 1:colcon.colcon_core.package_discovery:discover_packages(prefix_path) check parameters
[0.362s] Level 1:colcon.colcon_core.package_discovery:discover_packages(prefix_path) discover
[0.364s] DEBUG:colcon.colcon_installed_package_information.package_discovery:Found 4 installed packages in /home/timi/ros2_ws/install
[0.365s] DEBUG:colcon.colcon_installed_package_information.package_discovery:Found 399 installed packages in /opt/ros/humble
[0.366s] Level 1:colcon.colcon_core.package_discovery:discover_packages(prefix_path) using defaults
[0.395s] Level 5:colcon.colcon_core.verb:set package 'jetracer_bringup' build argument 'cmake_args' from command line to 'None'
[0.395s] Level 5:colcon.colcon_core.verb:set package 'jetracer_bringup' build argument 'cmake_target' from command line to 'None'
[0.395s] Level 5:colcon.colcon_core.verb:set package 'jetracer_bringup' build argument 'cmake_target_skip_unavailable' from command line to 'False'
[0.395s] Level 5:colcon.colcon_core.verb:set package 'jetracer_bringup' build argument 'cmake_clean_cache' from command line to 'False'
[0.395s] Level 5:colcon.colcon_core.verb:set package 'jetracer_bringup' build argument 'cmake_clean_first' from command line to 'False'
[0.395s] Level 5:colcon.colcon_core.verb:set package 'jetracer_bringup' build argument 'cmake_force_configure' from command line to 'False'
[0.395s] Level 5:colcon.colcon_core.verb:set package 'jetracer_bringup' build argument 'ament_cmake_args' from command line to 'None'
[0.395s] Level 5:colcon.colcon_core.verb:set package 'jetracer_bringup' build argument 'catkin_cmake_args' from command line to 'None'
[0.395s] Level 5:colcon.colcon_core.verb:set package 'jetracer_bringup' build argument 'catkin_skip_building_tests' from command line to 'False'
[0.395s] DEBUG:colcon.colcon_core.verb:Building package 'jetracer_bringup' with the following arguments: {'ament_cmake_args': None, 'build_base': '/home/timi/ros2_ws/build/jetracer_bringup', 'catkin_cmake_args': None, 'catkin_skip_building_tests': False, 'cmake_args': None, 'cmake_clean_cache': False, 'cmake_clean_first': False, 'cmake_force_configure': False, 'cmake_target': None, 'cmake_target_skip_unavailable': False, 'install_base': '/home/timi/ros2_ws/install/jetracer_bringup', 'merge_install': False, 'path': '/home/timi/ros2_ws/src/jetracer_bringup', 'symlink_install': False, 'test_result_base': None}
[0.396s] Level 5:colcon.colcon_core.verb:set package 'jetracer_description' build argument 'cmake_args' from command line to 'None'
[0.396s] Level 5:colcon.colcon_core.verb:set package 'jetracer_description' build argument 'cmake_target' from command line to 'None'
[0.396s] Level 5:colcon.colcon_core.verb:set package 'jetracer_description' build argument 'cmake_target_skip_unavailable' from command line to 'False'
[0.396s] Level 5:colcon.colcon_core.verb:set package 'jetracer_description' build argument 'cmake_clean_cache' from command line to 'False'
[0.396s] Level 5:colcon.colcon_core.verb:set package 'jetracer_description' build argument 'cmake_clean_first' from command line to 'False'
[0.396s] Level 5:colcon.colcon_core.verb:set package 'jetracer_description' build argument 'cmake_force_configure' from command line to 'False'
[0.396s] Level 5:colcon.colcon_core.verb:set package 'jetracer_description' build argument 'ament_cmake_args' from command line to 'None'
[0.396s] Level 5:colcon.colcon_core.verb:set package 'jetracer_description' build argument 'catkin_cmake_args' from command line to 'None'
[0.396s] Level 5:colcon.colcon_core.verb:set package 'jetracer_description' build argument 'catkin_skip_building_tests' from command line to 'False'
[0.396s] DEBUG:colcon.colcon_core.verb:Building package 'jetracer_description' with the following arguments: {'ament_cmake_args': None, 'build_base': '/home/timi/ros2_ws/build/jetracer_description', 'catkin_cmake_args': None, 'catkin_skip_building_tests': False, 'cmake_args': None, 'cmake_clean_cache': False, 'cmake_clean_first': False, 'cmake_force_configure': False, 'cmake_target': None, 'cmake_target_skip_unavailable': False, 'install_base': '/home/timi/ros2_ws/install/jetracer_description', 'merge_install': False, 'path': '/home/timi/ros2_ws/src/jetracer_description', 'symlink_install': False, 'test_result_base': None}
[0.396s] Level 5:colcon.colcon_core.verb:set package 'my_robot_bringup' build argument 'cmake_args' from command line to 'None'
[0.396s] Level 5:colcon.colcon_core.verb:set package 'my_robot_bringup' build argument 'cmake_target' from command line to 'None'
[0.396s] Level 5:colcon.colcon_core.verb:set package 'my_robot_bringup' build argument 'cmake_target_skip_unavailable' from command line to 'False'
[0.396s] Level 5:colcon.colcon_core.verb:set package 'my_robot_bringup' build argument 'cmake_clean_cache' from command line to 'False'
[0.396s] Level 5:colcon.colcon_core.verb:set package 'my_robot_bringup' build argument 'cmake_clean_first' from command line to 'False'
[0.396s] Level 5:colcon.colcon_core.verb:set package 'my_robot_bringup' build argument 'cmake_force_configure' from command line to 'False'
[0.396s] Level 5:colcon.colcon_core.verb:set package 'my_robot_bringup' build argument 'ament_cmake_args' from command line to 'None'
[0.396s] Level 5:colcon.colcon_core.verb:set package 'my_robot_bringup' build argument 'catkin_cmake_args' from command line to 'None'
[0.396s] Level 5:colcon.colcon_core.verb:set package 'my_robot_bringup' build argument 'catkin_skip_building_tests' from command line to 'False'
[0.396s] DEBUG:colcon.colcon_core.verb:Building package 'my_robot_bringup' with the following arguments: {'ament_cmake_args': None, 'build_base': '/home/timi/ros2_ws/build/my_robot_bringup', 'catkin_cmake_args': None, 'catkin_skip_building_tests': False, 'cmake_args': None, 'cmake_clean_cache': False, 'cmake_clean_first': False, 'cmake_force_configure': False, 'cmake_target': None, 'cmake_target_skip_unavailable': False, 'install_base': '/home/timi/ros2_ws/install/my_robot_bringup', 'merge_install': False, 'path': '/home/timi/ros2_ws/src/my_robot_bringup', 'symlink_install': False, 'test_result_base': None}
[0.396s] Level 5:colcon.colcon_core.verb:set package 'my_robot_description' build argument 'cmake_args' from command line to 'None'
[0.396s] Level 5:colcon.colcon_core.verb:set package 'my_robot_description' build argument 'cmake_target' from command line to 'None'
[0.396s] Level 5:colcon.colcon_core.verb:set package 'my_robot_description' build argument 'cmake_target_skip_unavailable' from command line to 'False'
[0.396s] Level 5:colcon.colcon_core.verb:set package 'my_robot_description' build argument 'cmake_clean_cache' from command line to 'False'
[0.396s] Level 5:colcon.colcon_core.verb:set package 'my_robot_description' build argument 'cmake_clean_first' from command line to 'False'
[0.396s] Level 5:colcon.colcon_core.verb:set package 'my_robot_description' build argument 'cmake_force_configure' from command line to 'False'
[0.396s] Level 5:colcon.colcon_core.verb:set package 'my_robot_description' build argument 'ament_cmake_args' from command line to 'None'
[0.396s] Level 5:colcon.colcon_core.verb:set package 'my_robot_description' build argument 'catkin_cmake_args' from command line to 'None'
[0.396s] Level 5:colcon.colcon_core.verb:set package 'my_robot_description' build argument 'catkin_skip_building_tests' from command line to 'False'
[0.396s] DEBUG:colcon.colcon_core.verb:Building package 'my_robot_description' with the following arguments: {'ament_cmake_args': None, 'build_base': '/home/timi/ros2_ws/build/my_robot_description', 'catkin_cmake_args': None, 'catkin_skip_building_tests': False, 'cmake_args': None, 'cmake_clean_cache': False, 'cmake_clean_first': False, 'cmake_force_configure': False, 'cmake_target': None, 'cmake_target_skip_unavailable': False, 'install_base': '/home/timi/ros2_ws/install/my_robot_description', 'merge_install': False, 'path': '/home/timi/ros2_ws/src/my_robot_description', 'symlink_install': False, 'test_result_base': None}
[0.396s] INFO:colcon.colcon_core.executor:Executing jobs using 'parallel' executor
[0.397s] DEBUG:colcon.colcon_parallel_executor.executor.parallel:run_until_complete
[0.397s] INFO:colcon.colcon_ros.task.ament_cmake.build:Building ROS package in '/home/timi/ros2_ws/src/jetracer_bringup' with build type 'ament_cmake'
[0.397s] INFO:colcon.colcon_cmake.task.cmake.build:Building CMake package in '/home/timi/ros2_ws/src/jetracer_bringup'
[0.402s] INFO:colcon.colcon_core.plugin_system:Skipping extension 'colcon_core.shell.bat': Not used on non-Windows systems
[0.402s] INFO:colcon.colcon_core.shell:Skip shell extension 'powershell' for command environment: Not usable outside of PowerShell
[0.402s] DEBUG:colcon.colcon_core.shell:Skip shell extension 'dsv' for command environment
[0.404s] INFO:colcon.colcon_ros.task.ament_cmake.build:Building ROS package in '/home/timi/ros2_ws/src/jetracer_description' with build type 'ament_cmake'
[0.405s] INFO:colcon.colcon_cmake.task.cmake.build:Building CMake package in '/home/timi/ros2_ws/src/jetracer_description'
[0.405s] INFO:colcon.colcon_core.shell:Skip shell extension 'powershell' for command environment: Not usable outside of PowerShell
[0.405s] DEBUG:colcon.colcon_core.shell:Skip shell extension 'dsv' for command environment
[0.407s] INFO:colcon.colcon_ros.task.ament_cmake.build:Building ROS package in '/home/timi/ros2_ws/src/my_robot_bringup' with build type 'ament_cmake'
[0.407s] INFO:colcon.colcon_cmake.task.cmake.build:Building CMake package in '/home/timi/ros2_ws/src/my_robot_bringup'
[0.407s] INFO:colcon.colcon_core.shell:Skip shell extension 'powershell' for command environment: Not usable outside of PowerShell
[0.407s] DEBUG:colcon.colcon_core.shell:Skip shell extension 'dsv' for command environment
[0.409s] INFO:colcon.colcon_ros.task.ament_cmake.build:Building ROS package in '/home/timi/ros2_ws/src/my_robot_description' with build type 'ament_cmake'
[0.409s] INFO:colcon.colcon_cmake.task.cmake.build:Building CMake package in '/home/timi/ros2_ws/src/my_robot_description'
[0.409s] INFO:colcon.colcon_core.shell:Skip shell extension 'powershell' for command environment: Not usable outside of PowerShell
[0.409s] DEBUG:colcon.colcon_core.shell:Skip shell extension 'dsv' for command environment
[0.415s] DEBUG:colcon.colcon_core.event_handler.log_command:Invoking command in '/home/timi/ros2_ws/build/jetracer_bringup': CMAKE_PREFIX_PATH=${CMAKE_PREFIX_PATH}:/opt/ros/humble /usr/bin/cmake --build /home/timi/ros2_ws/build/jetracer_bringup -- -j20 -l20
[0.429s] DEBUG:colcon.colcon_core.event_handler.log_command:Invoking command in '/home/timi/ros2_ws/build/jetracer_description': CMAKE_PREFIX_PATH=${CMAKE_PREFIX_PATH}:/opt/ros/humble /usr/bin/cmake --build /home/timi/ros2_ws/build/jetracer_description -- -j20 -l20
[0.432s] DEBUG:colcon.colcon_core.event_handler.log_command:Invoking command in '/home/timi/ros2_ws/build/my_robot_bringup': CMAKE_PREFIX_PATH=${CMAKE_PREFIX_PATH}:/opt/ros/humble /usr/bin/cmake --build /home/timi/ros2_ws/build/my_robot_bringup -- -j20 -l20
[0.435s] DEBUG:colcon.colcon_core.event_handler.log_command:Invoking command in '/home/timi/ros2_ws/build/my_robot_description': CMAKE_PREFIX_PATH=${CMAKE_PREFIX_PATH}:/opt/ros/humble /usr/bin/cmake --build /home/timi/ros2_ws/build/my_robot_description -- -j20 -l20
[0.473s] DEBUG:colcon.colcon_core.event_handler.log_command:Invoked command in '/home/timi/ros2_ws/build/jetracer_bringup' returned '0': CMAKE_PREFIX_PATH=${CMAKE_PREFIX_PATH}:/opt/ros/humble /usr/bin/cmake --build /home/timi/ros2_ws/build/jetracer_bringup -- -j20 -l20
[0.481s] DEBUG:colcon.colcon_core.event_handler.log_command:Invoking command in '/home/timi/ros2_ws/build/jetracer_bringup': CMAKE_PREFIX_PATH=${CMAKE_PREFIX_PATH}:/opt/ros/humble /usr/bin/cmake --install /home/timi/ros2_ws/build/jetracer_bringup
[0.481s] DEBUG:colcon.colcon_core.event_handler.log_command:Invoked command in '/home/timi/ros2_ws/build/my_robot_description' returned '0': CMAKE_PREFIX_PATH=${CMAKE_PREFIX_PATH}:/opt/ros/humble /usr/bin/cmake --build /home/timi/ros2_ws/build/my_robot_description -- -j20 -l20
[0.484s] DEBUG:colcon.colcon_core.event_handler.log_command:Invoking command in '/home/timi/ros2_ws/build/my_robot_description': CMAKE_PREFIX_PATH=${CMAKE_PREFIX_PATH}:/opt/ros/humble /usr/bin/cmake --install /home/timi/ros2_ws/build/my_robot_description
[0.484s] DEBUG:colcon.colcon_core.event_handler.log_command:Invoked command in '/home/timi/ros2_ws/build/jetracer_description' returned '0': CMAKE_PREFIX_PATH=${CMAKE_PREFIX_PATH}:/opt/ros/humble /usr/bin/cmake --build /home/timi/ros2_ws/build/jetracer_description -- -j20 -l20
[0.487s] DEBUG:colcon.colcon_core.event_handler.log_command:Invoking command in '/home/timi/ros2_ws/build/jetracer_description': CMAKE_PREFIX_PATH=${CMAKE_PREFIX_PATH}:/opt/ros/humble /usr/bin/cmake --install /home/timi/ros2_ws/build/jetracer_description
[0.488s] DEBUG:colcon.colcon_core.event_handler.log_command:Invoked command in '/home/timi/ros2_ws/build/my_robot_bringup' returned '0': CMAKE_PREFIX_PATH=${CMAKE_PREFIX_PATH}:/opt/ros/humble /usr/bin/cmake --build /home/timi/ros2_ws/build/my_robot_bringup -- -j20 -l20
[0.491s] DEBUG:colcon.colcon_core.event_handler.log_command:Invoking command in '/home/timi/ros2_ws/build/my_robot_bringup': CMAKE_PREFIX_PATH=${CMAKE_PREFIX_PATH}:/opt/ros/humble /usr/bin/cmake --install /home/timi/ros2_ws/build/my_robot_bringup
[0.494s] Level 1:colcon.colcon_core.environment:create_environment_scripts_only(jetracer_bringup)
[0.494s] DEBUG:colcon.colcon_core.event_handler.log_command:Invoked command in '/home/timi/ros2_ws/build/jetracer_bringup' returned '0': CMAKE_PREFIX_PATH=${CMAKE_PREFIX_PATH}:/opt/ros/humble /usr/bin/cmake --install /home/timi/ros2_ws/build/jetracer_bringup
[0.501s] Level 1:colcon.colcon_core.environment:checking '/home/timi/ros2_ws/install/jetracer_bringup' for CMake module files
[0.502s] Level 1:colcon.colcon_core.environment:checking '/home/timi/ros2_ws/install/jetracer_bringup' for CMake config files
[0.502s] Level 1:colcon.colcon_core.shell:create_environment_hook('jetracer_bringup', 'cmake_prefix_path')
[0.502s] INFO:colcon.colcon_core.shell:Creating environment hook '/home/timi/ros2_ws/install/jetracer_bringup/share/jetracer_bringup/hook/cmake_prefix_path.ps1'
[0.503s] INFO:colcon.colcon_core.shell:Creating environment descriptor '/home/timi/ros2_ws/install/jetracer_bringup/share/jetracer_bringup/hook/cmake_prefix_path.dsv'
[0.504s] INFO:colcon.colcon_core.shell:Creating environment hook '/home/timi/ros2_ws/install/jetracer_bringup/share/jetracer_bringup/hook/cmake_prefix_path.sh'
[0.505s] Level 1:colcon.colcon_core.environment:checking '/home/timi/ros2_ws/install/jetracer_bringup/bin'
[0.505s] Level 1:colcon.colcon_core.environment:checking '/home/timi/ros2_ws/install/jetracer_bringup/lib/pkgconfig/jetracer_bringup.pc'
[0.505s] Level 1:colcon.colcon_core.environment:checking '/home/timi/ros2_ws/install/jetracer_bringup/lib/python3.10/site-packages'
[0.505s] Level 1:colcon.colcon_core.environment:checking '/home/timi/ros2_ws/install/jetracer_bringup/bin'
[0.505s] INFO:colcon.colcon_core.shell:Creating package script '/home/timi/ros2_ws/install/jetracer_bringup/share/jetracer_bringup/package.ps1'
[0.506s] INFO:colcon.colcon_core.shell:Creating package descriptor '/home/timi/ros2_ws/install/jetracer_bringup/share/jetracer_bringup/package.dsv'
[0.507s] INFO:colcon.colcon_core.shell:Creating package script '/home/timi/ros2_ws/install/jetracer_bringup/share/jetracer_bringup/package.sh'
[0.508s] INFO:colcon.colcon_core.shell:Creating package script '/home/timi/ros2_ws/install/jetracer_bringup/share/jetracer_bringup/package.bash'
[0.509s] INFO:colcon.colcon_core.shell:Creating package script '/home/timi/ros2_ws/install/jetracer_bringup/share/jetracer_bringup/package.zsh'
[0.510s] Level 1:colcon.colcon_core.environment:create_file_with_runtime_dependencies(/home/timi/ros2_ws/install/jetracer_bringup/share/colcon-core/packages/jetracer_bringup)
[0.510s] Level 1:colcon.colcon_core.environment:create_environment_scripts_only(jetracer_bringup)
[0.510s] Level 1:colcon.colcon_core.environment:checking '/home/timi/ros2_ws/install/jetracer_bringup' for CMake module files
[0.511s] Level 1:colcon.colcon_core.environment:checking '/home/timi/ros2_ws/install/jetracer_bringup' for CMake config files
[0.511s] Level 1:colcon.colcon_core.shell:create_environment_hook('jetracer_bringup', 'cmake_prefix_path')
[0.511s] INFO:colcon.colcon_core.shell:Creating environment hook '/home/timi/ros2_ws/install/jetracer_bringup/share/jetracer_bringup/hook/cmake_prefix_path.ps1'
[0.511s] INFO:colcon.colcon_core.shell:Creating environment descriptor '/home/timi/ros2_ws/install/jetracer_bringup/share/jetracer_bringup/hook/cmake_prefix_path.dsv'
[0.511s] INFO:colcon.colcon_core.shell:Creating environment hook '/home/timi/ros2_ws/install/jetracer_bringup/share/jetracer_bringup/hook/cmake_prefix_path.sh'
[0.511s] Level 1:colcon.colcon_core.environment:checking '/home/timi/ros2_ws/install/jetracer_bringup/bin'
[0.512s] Level 1:colcon.colcon_core.environment:checking '/home/timi/ros2_ws/install/jetracer_bringup/lib/pkgconfig/jetracer_bringup.pc'
[0.512s] Level 1:colcon.colcon_core.environment:checking '/home/timi/ros2_ws/install/jetracer_bringup/lib/python3.10/site-packages'
[0.512s] Level 1:colcon.colcon_core.environment:checking '/home/timi/ros2_ws/install/jetracer_bringup/bin'
[0.512s] INFO:colcon.colcon_core.shell:Creating package script '/home/timi/ros2_ws/install/jetracer_bringup/share/jetracer_bringup/package.ps1'
[0.512s] INFO:colcon.colcon_core.shell:Creating package descriptor '/home/timi/ros2_ws/install/jetracer_bringup/share/jetracer_bringup/package.dsv'
[0.512s] INFO:colcon.colcon_core.shell:Creating package script '/home/timi/ros2_ws/install/jetracer_bringup/share/jetracer_bringup/package.sh'
[0.513s] INFO:colcon.colcon_core.shell:Creating package script '/home/timi/ros2_ws/install/jetracer_bringup/share/jetracer_bringup/package.bash'
[0.513s] INFO:colcon.colcon_core.shell:Creating package script '/home/timi/ros2_ws/install/jetracer_bringup/share/jetracer_bringup/package.zsh'
[0.513s] Level 1:colcon.colcon_core.environment:create_file_with_runtime_dependencies(/home/timi/ros2_ws/install/jetracer_bringup/share/colcon-core/packages/jetracer_bringup)
[0.514s] Level 1:colcon.colcon_core.environment:create_environment_scripts_only(my_robot_description)
[0.514s] Level 1:colcon.colcon_core.environment:checking '/home/timi/ros2_ws/install/my_robot_description' for CMake module files
[0.515s] DEBUG:colcon.colcon_core.event_handler.log_command:Invoked command in '/home/timi/ros2_ws/build/my_robot_description' returned '0': CMAKE_PREFIX_PATH=${CMAKE_PREFIX_PATH}:/opt/ros/humble /usr/bin/cmake --install /home/timi/ros2_ws/build/my_robot_description
[0.515s] Level 1:colcon.colcon_core.environment:checking '/home/timi/ros2_ws/install/my_robot_description' for CMake config files
[0.515s] Level 1:colcon.colcon_core.shell:create_environment_hook('my_robot_description', 'cmake_prefix_path')
[0.515s] INFO:colcon.colcon_core.shell:Creating environment hook '/home/timi/ros2_ws/install/my_robot_description/share/my_robot_description/hook/cmake_prefix_path.ps1'
[0.516s] INFO:colcon.colcon_core.shell:Creating environment descriptor '/home/timi/ros2_ws/install/my_robot_description/share/my_robot_description/hook/cmake_prefix_path.dsv'
[0.516s] INFO:colcon.colcon_core.shell:Creating environment hook '/home/timi/ros2_ws/install/my_robot_description/share/my_robot_description/hook/cmake_prefix_path.sh'
[0.516s] Level 1:colcon.colcon_core.environment:checking '/home/timi/ros2_ws/install/my_robot_description/bin'
[0.516s] Level 1:colcon.colcon_core.environment:checking '/home/timi/ros2_ws/install/my_robot_description/lib/pkgconfig/my_robot_description.pc'
[0.516s] Level 1:colcon.colcon_core.environment:checking '/home/timi/ros2_ws/install/my_robot_description/lib/python3.10/site-packages'
[0.516s] Level 1:colcon.colcon_core.environment:checking '/home/timi/ros2_ws/install/my_robot_description/bin'
[0.517s] INFO:colcon.colcon_core.shell:Creating package script '/home/timi/ros2_ws/install/my_robot_description/share/my_robot_description/package.ps1'
[0.517s] INFO:colcon.colcon_core.shell:Creating package descriptor '/home/timi/ros2_ws/install/my_robot_description/share/my_robot_description/package.dsv'
[0.517s] INFO:colcon.colcon_core.shell:Creating package script '/home/timi/ros2_ws/install/my_robot_description/share/my_robot_description/package.sh'
[0.517s] INFO:colcon.colcon_core.shell:Creating package script '/home/timi/ros2_ws/install/my_robot_description/share/my_robot_description/package.bash'
[0.517s] INFO:colcon.colcon_core.shell:Creating package script '/home/timi/ros2_ws/install/my_robot_description/share/my_robot_description/package.zsh'
[0.518s] Level 1:colcon.colcon_core.environment:create_file_with_runtime_dependencies(/home/timi/ros2_ws/install/my_robot_description/share/colcon-core/packages/my_robot_description)
[0.518s] Level 1:colcon.colcon_core.environment:create_environment_scripts_only(my_robot_description)
[0.518s] Level 1:colcon.colcon_core.environment:checking '/home/timi/ros2_ws/install/my_robot_description' for CMake module files
[0.518s] Level 1:colcon.colcon_core.environment:checking '/home/timi/ros2_ws/install/my_robot_description' for CMake config files
[0.518s] Level 1:colcon.colcon_core.shell:create_environment_hook('my_robot_description', 'cmake_prefix_path')
[0.518s] INFO:colcon.colcon_core.shell:Creating environment hook '/home/timi/ros2_ws/install/my_robot_description/share/my_robot_description/hook/cmake_prefix_path.ps1'
[0.519s] INFO:colcon.colcon_core.shell:Creating environment descriptor '/home/timi/ros2_ws/install/my_robot_description/share/my_robot_description/hook/cmake_prefix_path.dsv'
[0.519s] INFO:colcon.colcon_core.shell:Creating environment hook '/home/timi/ros2_ws/install/my_robot_description/share/my_robot_description/hook/cmake_prefix_path.sh'
[0.519s] Level 1:colcon.colcon_core.environment:checking '/home/timi/ros2_ws/install/my_robot_description/bin'
[0.519s] Level 1:colcon.colcon_core.environment:checking '/home/timi/ros2_ws/install/my_robot_description/lib/pkgconfig/my_robot_description.pc'
[0.519s] Level 1:colcon.colcon_core.environment:checking '/home/timi/ros2_ws/install/my_robot_description/lib/python3.10/site-packages'
[0.519s] Level 1:colcon.colcon_core.environment:checking '/home/timi/ros2_ws/install/my_robot_description/bin'
[0.520s] INFO:colcon.colcon_core.shell:Creating package script '/home/timi/ros2_ws/install/my_robot_description/share/my_robot_description/package.ps1'
[0.520s] INFO:colcon.colcon_core.shell:Creating package descriptor '/home/timi/ros2_ws/install/my_robot_description/share/my_robot_description/package.dsv'
[0.520s] INFO:colcon.colcon_core.shell:Creating package script '/home/timi/ros2_ws/install/my_robot_description/share/my_robot_description/package.sh'
[0.520s] INFO:colcon.colcon_core.shell:Creating package script '/home/timi/ros2_ws/install/my_robot_description/share/my_robot_description/package.bash'
[0.520s] INFO:colcon.colcon_core.shell:Creating package script '/home/timi/ros2_ws/install/my_robot_description/share/my_robot_description/package.zsh'
[0.521s] Level 1:colcon.colcon_core.environment:create_file_with_runtime_dependencies(/home/timi/ros2_ws/install/my_robot_description/share/colcon-core/packages/my_robot_description)
[0.521s] Level 1:colcon.colcon_core.environment:create_environment_scripts_only(jetracer_description)
[0.521s] Level 1:colcon.colcon_core.environment:checking '/home/timi/ros2_ws/install/jetracer_description' for CMake module files
[0.521s] DEBUG:colcon.colcon_core.event_handler.log_command:Invoked command in '/home/timi/ros2_ws/build/jetracer_description' returned '0': CMAKE_PREFIX_PATH=${CMAKE_PREFIX_PATH}:/opt/ros/humble /usr/bin/cmake --install /home/timi/ros2_ws/build/jetracer_description
[0.522s] Level 1:colcon.colcon_core.environment:checking '/home/timi/ros2_ws/install/jetracer_description' for CMake config files
[0.522s] Level 1:colcon.colcon_core.shell:create_environment_hook('jetracer_description', 'cmake_prefix_path')
[0.522s] INFO:colcon.colcon_core.shell:Creating environment hook '/home/timi/ros2_ws/install/jetracer_description/share/jetracer_description/hook/cmake_prefix_path.ps1'
[0.523s] INFO:colcon.colcon_core.shell:Creating environment descriptor '/home/timi/ros2_ws/install/jetracer_description/share/jetracer_description/hook/cmake_prefix_path.dsv'
[0.523s] INFO:colcon.colcon_core.shell:Creating environment hook '/home/timi/ros2_ws/install/jetracer_description/share/jetracer_description/hook/cmake_prefix_path.sh'
[0.523s] Level 1:colcon.colcon_core.environment:checking '/home/timi/ros2_ws/install/jetracer_description/bin'
[0.523s] Level 1:colcon.colcon_core.environment:checking '/home/timi/ros2_ws/install/jetracer_description/lib/pkgconfig/jetracer_description.pc'
[0.523s] Level 1:colcon.colcon_core.environment:checking '/home/timi/ros2_ws/install/jetracer_description/lib/python3.10/site-packages'
[0.523s] Level 1:colcon.colcon_core.environment:checking '/home/timi/ros2_ws/install/jetracer_description/bin'
[0.524s] INFO:colcon.colcon_core.shell:Creating package script '/home/timi/ros2_ws/install/jetracer_description/share/jetracer_description/package.ps1'
[0.524s] INFO:colcon.colcon_core.shell:Creating package descriptor '/home/timi/ros2_ws/install/jetracer_description/share/jetracer_description/package.dsv'
[0.524s] INFO:colcon.colcon_core.shell:Creating package script '/home/timi/ros2_ws/install/jetracer_description/share/jetracer_description/package.sh'
[0.524s] INFO:colcon.colcon_core.shell:Creating package script '/home/timi/ros2_ws/install/jetracer_description/share/jetracer_description/package.bash'
[0.524s] INFO:colcon.colcon_core.shell:Creating package script '/home/timi/ros2_ws/install/jetracer_description/share/jetracer_description/package.zsh'
[0.525s] Level 1:colcon.colcon_core.environment:create_file_with_runtime_dependencies(/home/timi/ros2_ws/install/jetracer_description/share/colcon-core/packages/jetracer_description)
[0.525s] Level 1:colcon.colcon_core.environment:create_environment_scripts_only(jetracer_description)
[0.525s] Level 1:colcon.colcon_core.environment:checking '/home/timi/ros2_ws/install/jetracer_description' for CMake module files
[0.525s] Level 1:colcon.colcon_core.environment:checking '/home/timi/ros2_ws/install/jetracer_description' for CMake config files
[0.525s] Level 1:colcon.colcon_core.shell:create_environment_hook('jetracer_description', 'cmake_prefix_path')
[0.526s] INFO:colcon.colcon_core.shell:Creating environment hook '/home/timi/ros2_ws/install/jetracer_description/share/jetracer_description/hook/cmake_prefix_path.ps1'
[0.526s] INFO:colcon.colcon_core.shell:Creating environment descriptor '/home/timi/ros2_ws/install/jetracer_description/share/jetracer_description/hook/cmake_prefix_path.dsv'
[0.526s] INFO:colcon.colcon_core.shell:Creating environment hook '/home/timi/ros2_ws/install/jetracer_description/share/jetracer_description/hook/cmake_prefix_path.sh'
[0.526s] Level 1:colcon.colcon_core.environment:checking '/home/timi/ros2_ws/install/jetracer_description/bin'
[0.526s] Level 1:colcon.colcon_core.environment:checking '/home/timi/ros2_ws/install/jetracer_description/lib/pkgconfig/jetracer_description.pc'
[0.526s] Level 1:colcon.colcon_core.environment:checking '/home/timi/ros2_ws/install/jetracer_description/lib/python3.10/site-packages'
[0.526s] Level 1:colcon.colcon_core.environment:checking '/home/timi/ros2_ws/install/jetracer_description/bin'
[0.527s] INFO:colcon.colcon_core.shell:Creating package script '/home/timi/ros2_ws/install/jetracer_description/share/jetracer_description/package.ps1'
[0.527s] INFO:colcon.colcon_core.shell:Creating package descriptor '/home/timi/ros2_ws/install/jetracer_description/share/jetracer_description/package.dsv'
[0.527s] INFO:colcon.colcon_core.shell:Creating package script '/home/timi/ros2_ws/install/jetracer_description/share/jetracer_description/package.sh'
[0.527s] INFO:colcon.colcon_core.shell:Creating package script '/home/timi/ros2_ws/install/jetracer_description/share/jetracer_description/package.bash'
[0.528s] INFO:colcon.colcon_core.shell:Creating package script '/home/timi/ros2_ws/install/jetracer_description/share/jetracer_description/package.zsh'
[0.528s] Level 1:colcon.colcon_core.environment:create_file_with_runtime_dependencies(/home/timi/ros2_ws/install/jetracer_description/share/colcon-core/packages/jetracer_description)
[0.528s] Level 1:colcon.colcon_core.environment:create_environment_scripts_only(my_robot_bringup)
[0.528s] Level 1:colcon.colcon_core.environment:checking '/home/timi/ros2_ws/install/my_robot_bringup' for CMake module files
[0.529s] Level 1:colcon.colcon_core.environment:checking '/home/timi/ros2_ws/install/my_robot_bringup' for CMake config files
[0.529s] DEBUG:colcon.colcon_core.event_handler.log_command:Invoked command in '/home/timi/ros2_ws/build/my_robot_bringup' returned '0': CMAKE_PREFIX_PATH=${CMAKE_PREFIX_PATH}:/opt/ros/humble /usr/bin/cmake --install /home/timi/ros2_ws/build/my_robot_bringup
[0.529s] Level 1:colcon.colcon_core.shell:create_environment_hook('my_robot_bringup', 'cmake_prefix_path')
[0.529s] INFO:colcon.colcon_core.shell:Creating environment hook '/home/timi/ros2_ws/install/my_robot_bringup/share/my_robot_bringup/hook/cmake_prefix_path.ps1'
[0.530s] INFO:colcon.colcon_core.shell:Creating environment descriptor '/home/timi/ros2_ws/install/my_robot_bringup/share/my_robot_bringup/hook/cmake_prefix_path.dsv'
[0.530s] INFO:colcon.colcon_core.shell:Creating environment hook '/home/timi/ros2_ws/install/my_robot_bringup/share/my_robot_bringup/hook/cmake_prefix_path.sh'
[0.530s] Level 1:colcon.colcon_core.environment:checking '/home/timi/ros2_ws/install/my_robot_bringup/bin'
[0.530s] Level 1:colcon.colcon_core.environment:checking '/home/timi/ros2_ws/install/my_robot_bringup/lib/pkgconfig/my_robot_bringup.pc'
[0.530s] Level 1:colcon.colcon_core.environment:checking '/home/timi/ros2_ws/install/my_robot_bringup/lib/python3.10/site-packages'
[0.530s] Level 1:colcon.colcon_core.environment:checking '/home/timi/ros2_ws/install/my_robot_bringup/bin'
[0.531s] INFO:colcon.colcon_core.shell:Creating package script '/home/timi/ros2_ws/install/my_robot_bringup/share/my_robot_bringup/package.ps1'
[0.531s] INFO:colcon.colcon_core.shell:Creating package descriptor '/home/timi/ros2_ws/install/my_robot_bringup/share/my_robot_bringup/package.dsv'
[0.531s] INFO:colcon.colcon_core.shell:Creating package script '/home/timi/ros2_ws/install/my_robot_bringup/share/my_robot_bringup/package.sh'
[0.531s] INFO:colcon.colcon_core.shell:Creating package script '/home/timi/ros2_ws/install/my_robot_bringup/share/my_robot_bringup/package.bash'
[0.531s] INFO:colcon.colcon_core.shell:Creating package script '/home/timi/ros2_ws/install/my_robot_bringup/share/my_robot_bringup/package.zsh'
[0.531s] Level 1:colcon.colcon_core.environment:create_file_with_runtime_dependencies(/home/timi/ros2_ws/install/my_robot_bringup/share/colcon-core/packages/my_robot_bringup)
[0.532s] Level 1:colcon.colcon_core.environment:create_environment_scripts_only(my_robot_bringup)
[0.532s] Level 1:colcon.colcon_core.environment:checking '/home/timi/ros2_ws/install/my_robot_bringup' for CMake module files
[0.532s] Level 1:colcon.colcon_core.environment:checking '/home/timi/ros2_ws/install/my_robot_bringup' for CMake config files
[0.532s] Level 1:colcon.colcon_core.shell:create_environment_hook('my_robot_bringup', 'cmake_prefix_path')
[0.532s] INFO:colcon.colcon_core.shell:Creating environment hook '/home/timi/ros2_ws/install/my_robot_bringup/share/my_robot_bringup/hook/cmake_prefix_path.ps1'
[0.533s] INFO:colcon.colcon_core.shell:Creating environment descriptor '/home/timi/ros2_ws/install/my_robot_bringup/share/my_robot_bringup/hook/cmake_prefix_path.dsv'
[0.533s] INFO:colcon.colcon_core.shell:Creating environment hook '/home/timi/ros2_ws/install/my_robot_bringup/share/my_robot_bringup/hook/cmake_prefix_path.sh'
[0.533s] Level 1:colcon.colcon_core.environment:checking '/home/timi/ros2_ws/install/my_robot_bringup/bin'
[0.533s] Level 1:colcon.colcon_core.environment:checking '/home/timi/ros2_ws/install/my_robot_bringup/lib/pkgconfig/my_robot_bringup.pc'
[0.533s] Level 1:colcon.colcon_core.environment:checking '/home/timi/ros2_ws/install/my_robot_bringup/lib/python3.10/site-packages'
[0.533s] Level 1:colcon.colcon_core.environment:checking '/home/timi/ros2_ws/install/my_robot_bringup/bin'
[0.534s] INFO:colcon.colcon_core.shell:Creating package script '/home/timi/ros2_ws/install/my_robot_bringup/share/my_robot_bringup/package.ps1'
[0.534s] INFO:colcon.colcon_core.shell:Creating package descriptor '/home/timi/ros2_ws/install/my_robot_bringup/share/my_robot_bringup/package.dsv'
[0.534s] INFO:colcon.colcon_core.shell:Creating package script '/home/timi/ros2_ws/install/my_robot_bringup/share/my_robot_bringup/package.sh'
[0.534s] INFO:colcon.colcon_core.shell:Creating package script '/home/timi/ros2_ws/install/my_robot_bringup/share/my_robot_bringup/package.bash'
[0.535s] INFO:colcon.colcon_core.shell:Creating package script '/home/timi/ros2_ws/install/my_robot_bringup/share/my_robot_bringup/package.zsh'
[0.535s] Level 1:colcon.colcon_core.environment:create_file_with_runtime_dependencies(/home/timi/ros2_ws/install/my_robot_bringup/share/colcon-core/packages/my_robot_bringup)
[0.535s] DEBUG:colcon.colcon_parallel_executor.executor.parallel:closing loop
[0.535s] DEBUG:colcon.colcon_parallel_executor.executor.parallel:loop closed
[0.535s] DEBUG:colcon.colcon_parallel_executor.executor.parallel:run_until_complete finished with '0'
[0.535s] DEBUG:colcon.colcon_core.event_reactor:joining thread
[0.543s] INFO:colcon.colcon_core.plugin_system:Skipping extension 'colcon_notification.desktop_notification.terminal_notifier': Not used on non-Darwin systems
[0.543s] INFO:colcon.colcon_core.plugin_system:Skipping extension 'colcon_notification.desktop_notification.win32': Not used on non-Windows systems
[0.543s] INFO:colcon.colcon_notification.desktop_notification:Sending desktop notification using 'notify2'
[0.550s] DEBUG:colcon.colcon_core.event_reactor:joined thread
[0.551s] INFO:colcon.colcon_core.shell:Creating prefix script '/home/timi/ros2_ws/install/local_setup.ps1'
[0.552s] INFO:colcon.colcon_core.shell:Creating prefix util module '/home/timi/ros2_ws/install/_local_setup_util_ps1.py'
[0.553s] INFO:colcon.colcon_core.shell:Creating prefix chain script '/home/timi/ros2_ws/install/setup.ps1'
[0.553s] INFO:colcon.colcon_core.shell:Creating prefix script '/home/timi/ros2_ws/install/local_setup.sh'
[0.554s] INFO:colcon.colcon_core.shell:Creating prefix util module '/home/timi/ros2_ws/install/_local_setup_util_sh.py'
[0.554s] INFO:colcon.colcon_core.shell:Creating prefix chain script '/home/timi/ros2_ws/install/setup.sh'
[0.555s] INFO:colcon.colcon_core.shell:Creating prefix script '/home/timi/ros2_ws/install/local_setup.bash'
[0.556s] INFO:colcon.colcon_core.shell:Creating prefix chain script '/home/timi/ros2_ws/install/setup.bash'
[0.556s] INFO:colcon.colcon_core.shell:Creating prefix script '/home/timi/ros2_ws/install/local_setup.zsh'
[0.557s] INFO:colcon.colcon_core.shell:Creating prefix chain script '/home/timi/ros2_ws/install/setup.zsh'
