[0.014s] Invoking command in '/home/timi/ros2_ws/build/my_robot_bringup': CMAKE_PREFIX_PATH=${CMAKE_PREFIX_PATH}:/opt/ros/humble /usr/bin/cmake --build /home/timi/ros2_ws/build/my_robot_bringup -- -j20 -l20
[0.051s] Invoked command in '/home/timi/ros2_ws/build/my_robot_bringup' returned '0': CMAKE_PREFIX_PATH=${CMAKE_PREFIX_PATH}:/opt/ros/humble /usr/bin/cmake --build /home/timi/ros2_ws/build/my_robot_bringup -- -j20 -l20
[0.053s] Invoking command in '/home/timi/ros2_ws/build/my_robot_bringup': CMAKE_PREFIX_PATH=${CMAKE_PREFIX_PATH}:/opt/ros/humble /usr/bin/cmake --install /home/timi/ros2_ws/build/my_robot_bringup
[0.057s] -- Install configuration: ""
[0.058s] -- Execute custom install script
[0.058s] -- Up-to-date symlink: /home/timi/ros2_ws/install/my_robot_bringup/share/my_robot_bringup//launch/my_robot_gazebo.launch.xml
[0.058s] -- Up-to-date symlink: /home/timi/ros2_ws/install/my_robot_bringup/share/my_robot_bringup//config/gazebo_bridge.yaml
[0.059s] -- Up-to-date symlink: /home/timi/ros2_ws/install/my_robot_bringup/share/my_robot_bringup//worlds/test_world.sdf
[0.059s] -- Up-to-date symlink: /home/timi/ros2_ws/install/my_robot_bringup/share/ament_index/resource_index/package_run_dependencies/my_robot_bringup
[0.059s] -- Up-to-date symlink: /home/timi/ros2_ws/install/my_robot_bringup/share/ament_index/resource_index/parent_prefix_path/my_robot_bringup
[0.060s] -- Up-to-date symlink: /home/timi/ros2_ws/install/my_robot_bringup/share/my_robot_bringup/environment/ament_prefix_path.sh
[0.060s] -- Up-to-date symlink: /home/timi/ros2_ws/install/my_robot_bringup/share/my_robot_bringup/environment/ament_prefix_path.dsv
[0.060s] -- Up-to-date symlink: /home/timi/ros2_ws/install/my_robot_bringup/share/my_robot_bringup/environment/path.sh
[0.061s] -- Up-to-date symlink: /home/timi/ros2_ws/install/my_robot_bringup/share/my_robot_bringup/environment/path.dsv
[0.061s] -- Up-to-date symlink: /home/timi/ros2_ws/install/my_robot_bringup/share/my_robot_bringup/local_setup.bash
[0.061s] -- Up-to-date symlink: /home/timi/ros2_ws/install/my_robot_bringup/share/my_robot_bringup/local_setup.sh
[0.062s] -- Up-to-date symlink: /home/timi/ros2_ws/install/my_robot_bringup/share/my_robot_bringup/local_setup.zsh
[0.062s] -- Up-to-date symlink: /home/timi/ros2_ws/install/my_robot_bringup/share/my_robot_bringup/local_setup.dsv
[0.063s] -- Symlinking: /home/timi/ros2_ws/install/my_robot_bringup/share/my_robot_bringup/package.dsv
[0.068s] -- Up-to-date symlink: /home/timi/ros2_ws/install/my_robot_bringup/share/ament_index/resource_index/packages/my_robot_bringup
[0.069s] -- Up-to-date symlink: /home/timi/ros2_ws/install/my_robot_bringup/share/my_robot_bringup/cmake/my_robot_bringupConfig.cmake
[0.069s] -- Up-to-date symlink: /home/timi/ros2_ws/install/my_robot_bringup/share/my_robot_bringup/cmake/my_robot_bringupConfig-version.cmake
[0.069s] -- Up-to-date symlink: /home/timi/ros2_ws/install/my_robot_bringup/share/my_robot_bringup/package.xml
[0.084s] Invoked command in '/home/timi/ros2_ws/build/my_robot_bringup' returned '0': CMAKE_PREFIX_PATH=${CMAKE_PREFIX_PATH}:/opt/ros/humble /usr/bin/cmake --install /home/timi/ros2_ws/build/my_robot_bringup
