[0.022s] Invoking command in '/home/timi/ros2_ws/build/my_robot_description': CMAKE_PREFIX_PATH=${CMAKE_PREFIX_PATH}:/opt/ros/humble /usr/bin/cmake /home/timi/ros2_ws/src/my_robot_description -DCMAKE_INSTALL_PREFIX=/home/timi/ros2_ws/install/my_robot_description
[0.176s] -- The C compiler identification is GNU 11.4.0
[0.279s] -- The CXX compiler identification is GNU 11.4.0
[0.289s] -- Detecting C compiler ABI info
[0.343s] -- Detecting C compiler ABI info - done
[0.348s] -- Check for working C compiler: /usr/bin/cc - skipped
[0.348s] -- Detecting C compile features
[0.348s] -- Detecting C compile features - done
[0.351s] -- Detecting CXX compiler ABI info
[0.415s] -- Detecting CXX compiler ABI info - done
[0.420s] -- Check for working CXX compiler: /usr/bin/c++ - skipped
[0.420s] -- Detecting CXX compile features
[0.421s] -- Detecting CXX compile features - done
[0.428s] -- Found ament_cmake: 1.3.11 (/opt/ros/humble/share/ament_cmake/cmake)
[0.542s] -- Found Python3: /usr/bin/python3 (found version "3.10.12") found components: Interpreter 
[0.677s] -- Configuring done
[0.679s] -- Generating done
[0.680s] -- Build files have been written to: /home/timi/ros2_ws/build/my_robot_description
[0.685s] Invoked command in '/home/timi/ros2_ws/build/my_robot_description' returned '0': CMAKE_PREFIX_PATH=${CMAKE_PREFIX_PATH}:/opt/ros/humble /usr/bin/cmake /home/timi/ros2_ws/src/my_robot_description -DCMAKE_INSTALL_PREFIX=/home/timi/ros2_ws/install/my_robot_description
[0.685s] Invoking command in '/home/timi/ros2_ws/build/my_robot_description': CMAKE_PREFIX_PATH=${CMAKE_PREFIX_PATH}:/opt/ros/humble /usr/bin/cmake --build /home/timi/ros2_ws/build/my_robot_description -- -j20 -l20
[0.714s] Invoked command in '/home/timi/ros2_ws/build/my_robot_description' returned '0': CMAKE_PREFIX_PATH=${CMAKE_PREFIX_PATH}:/opt/ros/humble /usr/bin/cmake --build /home/timi/ros2_ws/build/my_robot_description -- -j20 -l20
[0.716s] Invoking command in '/home/timi/ros2_ws/build/my_robot_description': CMAKE_PREFIX_PATH=${CMAKE_PREFIX_PATH}:/opt/ros/humble /usr/bin/cmake --install /home/timi/ros2_ws/build/my_robot_description
[0.721s] -- Install configuration: ""
[0.721s] -- Installing: /home/timi/ros2_ws/install/my_robot_description/share/my_robot_description//urdf
[0.721s] -- Installing: /home/timi/ros2_ws/install/my_robot_description/share/my_robot_description//urdf/my_robot.urdf.xacro
[0.721s] -- Installing: /home/timi/ros2_ws/install/my_robot_description/share/my_robot_description//urdf/common_properties.xacro
[0.721s] -- Installing: /home/timi/ros2_ws/install/my_robot_description/share/my_robot_description//urdf/mobile_base.xacro
[0.721s] -- Installing: /home/timi/ros2_ws/install/my_robot_description/share/my_robot_description//urdf/mobile_base_gazebo.xacro
[0.721s] -- Installing: /home/timi/ros2_ws/install/my_robot_description/share/my_robot_description//launch
[0.721s] -- Installing: /home/timi/ros2_ws/install/my_robot_description/share/my_robot_description//launch/display.launch.py
[0.721s] -- Installing: /home/timi/ros2_ws/install/my_robot_description/share/my_robot_description//launch/display.launch.xml
[0.721s] -- Installing: /home/timi/ros2_ws/install/my_robot_description/share/my_robot_description//rviz
[0.722s] -- Installing: /home/timi/ros2_ws/install/my_robot_description/share/my_robot_description//rviz/urdf_config.rviz
[0.722s] -- Installing: /home/timi/ros2_ws/install/my_robot_description/share/ament_index/resource_index/package_run_dependencies/my_robot_description
[0.722s] -- Installing: /home/timi/ros2_ws/install/my_robot_description/share/ament_index/resource_index/parent_prefix_path/my_robot_description
[0.722s] -- Installing: /home/timi/ros2_ws/install/my_robot_description/share/my_robot_description/environment/ament_prefix_path.sh
[0.722s] -- Installing: /home/timi/ros2_ws/install/my_robot_description/share/my_robot_description/environment/ament_prefix_path.dsv
[0.722s] -- Installing: /home/timi/ros2_ws/install/my_robot_description/share/my_robot_description/environment/path.sh
[0.722s] -- Installing: /home/timi/ros2_ws/install/my_robot_description/share/my_robot_description/environment/path.dsv
[0.722s] -- Installing: /home/timi/ros2_ws/install/my_robot_description/share/my_robot_description/local_setup.bash
[0.722s] -- Installing: /home/timi/ros2_ws/install/my_robot_description/share/my_robot_description/local_setup.sh
[0.722s] -- Installing: /home/timi/ros2_ws/install/my_robot_description/share/my_robot_description/local_setup.zsh
[0.722s] -- Installing: /home/timi/ros2_ws/install/my_robot_description/share/my_robot_description/local_setup.dsv
[0.722s] -- Installing: /home/timi/ros2_ws/install/my_robot_description/share/my_robot_description/package.dsv
[0.722s] -- Installing: /home/timi/ros2_ws/install/my_robot_description/share/ament_index/resource_index/packages/my_robot_description
[0.722s] -- Installing: /home/timi/ros2_ws/install/my_robot_description/share/my_robot_description/cmake/my_robot_descriptionConfig.cmake
[0.722s] -- Installing: /home/timi/ros2_ws/install/my_robot_description/share/my_robot_description/cmake/my_robot_descriptionConfig-version.cmake
[0.723s] -- Installing: /home/timi/ros2_ws/install/my_robot_description/share/my_robot_description/package.xml
[0.731s] Invoked command in '/home/timi/ros2_ws/build/my_robot_description' returned '0': CMAKE_PREFIX_PATH=${CMAKE_PREFIX_PATH}:/opt/ros/humble /usr/bin/cmake --install /home/timi/ros2_ws/build/my_robot_description
