[0.013s] Invoking command in '/home/timi/ros2_ws/build/my_robot_description': CMAKE_PREFIX_PATH=${CMAKE_PREFIX_PATH}:/opt/ros/humble /usr/bin/cmake /home/timi/ros2_ws/src/my_robot_description -DAMENT_CMAKE_SYMLINK_INSTALL=1 -DCMAKE_INSTALL_PREFIX=/home/timi/ros2_ws/install/my_robot_description
[0.020s] -- Found ament_cmake: 1.3.11 (/opt/ros/humble/share/ament_cmake/cmake)
[0.097s] -- Override CMake install command with custom implementation using symlinks instead of copying resources
[0.147s] -- Configuring done
[0.148s] -- Generating done
[0.149s] -- Build files have been written to: /home/timi/ros2_ws/build/my_robot_description
[0.151s] Invoked command in '/home/timi/ros2_ws/build/my_robot_description' returned '0': CMAKE_PREFIX_PATH=${CMAKE_PREFIX_PATH}:/opt/ros/humble /usr/bin/cmake /home/timi/ros2_ws/src/my_robot_description -DAMENT_CMAKE_SYMLINK_INSTALL=1 -DCMAKE_INSTALL_PREFIX=/home/timi/ros2_ws/install/my_robot_description
[0.152s] Invoking command in '/home/timi/ros2_ws/build/my_robot_description': CMAKE_PREFIX_PATH=${CMAKE_PREFIX_PATH}:/opt/ros/humble /usr/bin/cmake --build /home/timi/ros2_ws/build/my_robot_description -- -j20 -l20
[0.179s] Invoked command in '/home/timi/ros2_ws/build/my_robot_description' returned '0': CMAKE_PREFIX_PATH=${CMAKE_PREFIX_PATH}:/opt/ros/humble /usr/bin/cmake --build /home/timi/ros2_ws/build/my_robot_description -- -j20 -l20
[0.186s] Invoking command in '/home/timi/ros2_ws/build/my_robot_description': CMAKE_PREFIX_PATH=${CMAKE_PREFIX_PATH}:/opt/ros/humble /usr/bin/cmake --install /home/timi/ros2_ws/build/my_robot_description
[0.190s] -- Install configuration: ""
[0.190s] -- Execute custom install script
[0.191s] -- Symlinking: /home/timi/ros2_ws/install/my_robot_description/share/my_robot_description//urdf/common_properties.xacro
[0.196s] -- Symlinking: /home/timi/ros2_ws/install/my_robot_description/share/my_robot_description//urdf/mobile_base.xacro
[0.203s] -- Symlinking: /home/timi/ros2_ws/install/my_robot_description/share/my_robot_description//urdf/mobile_base_gazebo.xacro
[0.209s] -- Symlinking: /home/timi/ros2_ws/install/my_robot_description/share/my_robot_description//urdf/my_robot.urdf.xacro
[0.218s] -- Symlinking: /home/timi/ros2_ws/install/my_robot_description/share/my_robot_description//launch/display.launch.py
[0.225s] -- Symlinking: /home/timi/ros2_ws/install/my_robot_description/share/my_robot_description//launch/display.launch.xml
[0.232s] -- Symlinking: /home/timi/ros2_ws/install/my_robot_description/share/my_robot_description//rviz/urdf_config.rviz
[0.238s] -- Symlinking: /home/timi/ros2_ws/install/my_robot_description/share/ament_index/resource_index/package_run_dependencies/my_robot_description
[0.244s] -- Symlinking: /home/timi/ros2_ws/install/my_robot_description/share/ament_index/resource_index/parent_prefix_path/my_robot_description
[0.249s] -- Symlinking: /home/timi/ros2_ws/install/my_robot_description/share/my_robot_description/environment/ament_prefix_path.sh
[0.256s] -- Symlinking: /home/timi/ros2_ws/install/my_robot_description/share/my_robot_description/environment/ament_prefix_path.dsv
[0.262s] -- Symlinking: /home/timi/ros2_ws/install/my_robot_description/share/my_robot_description/environment/path.sh
[0.269s] -- Symlinking: /home/timi/ros2_ws/install/my_robot_description/share/my_robot_description/environment/path.dsv
[0.275s] -- Symlinking: /home/timi/ros2_ws/install/my_robot_description/share/my_robot_description/local_setup.bash
[0.282s] -- Symlinking: /home/timi/ros2_ws/install/my_robot_description/share/my_robot_description/local_setup.sh
[0.287s] -- Symlinking: /home/timi/ros2_ws/install/my_robot_description/share/my_robot_description/local_setup.zsh
[0.292s] -- Symlinking: /home/timi/ros2_ws/install/my_robot_description/share/my_robot_description/local_setup.dsv
[0.297s] -- Symlinking: /home/timi/ros2_ws/install/my_robot_description/share/my_robot_description/package.dsv
[0.303s] -- Symlinking: /home/timi/ros2_ws/install/my_robot_description/share/ament_index/resource_index/packages/my_robot_description
[0.308s] -- Symlinking: /home/timi/ros2_ws/install/my_robot_description/share/my_robot_description/cmake/my_robot_descriptionConfig.cmake
[0.313s] -- Symlinking: /home/timi/ros2_ws/install/my_robot_description/share/my_robot_description/cmake/my_robot_descriptionConfig-version.cmake
[0.318s] -- Symlinking: /home/timi/ros2_ws/install/my_robot_description/share/my_robot_description/package.xml
[0.326s] Invoked command in '/home/timi/ros2_ws/build/my_robot_description' returned '0': CMAKE_PREFIX_PATH=${CMAKE_PREFIX_PATH}:/opt/ros/humble /usr/bin/cmake --install /home/timi/ros2_ws/build/my_robot_description
