[0.006s] Invoking command in '/home/timi/ros2_ws/build/jetracer_description': CMAKE_PREFIX_PATH=${CMAKE_PREFIX_PATH}:/opt/ros/humble /usr/bin/cmake /home/timi/ros2_ws/src/jetracer_description -DCMAKE_INSTALL_PREFIX=/home/timi/ros2_ws/install/jetracer_description
[0.014s] -- Found ament_cmake: 1.3.11 (/opt/ros/humble/share/ament_cmake/cmake)
[0.087s] -- Override CMake install command with custom implementation using symlinks instead of copying resources
[0.130s] -- Configuring done
[0.131s] -- Generating done
[0.132s] -- Build files have been written to: /home/timi/ros2_ws/build/jetracer_description
[0.135s] Invoked command in '/home/timi/ros2_ws/build/jetracer_description' returned '0': CMAKE_PREFIX_PATH=${CMAKE_PREFIX_PATH}:/opt/ros/humble /usr/bin/cmake /home/timi/ros2_ws/src/jetracer_description -DCMAKE_INSTALL_PREFIX=/home/timi/ros2_ws/install/jetracer_description
[0.135s] Invoking command in '/home/timi/ros2_ws/build/jetracer_description': CMAKE_PREFIX_PATH=${CMAKE_PREFIX_PATH}:/opt/ros/humble /usr/bin/cmake --build /home/timi/ros2_ws/build/jetracer_description -- -j20 -l20
[0.171s] Invoked command in '/home/timi/ros2_ws/build/jetracer_description' returned '0': CMAKE_PREFIX_PATH=${CMAKE_PREFIX_PATH}:/opt/ros/humble /usr/bin/cmake --build /home/timi/ros2_ws/build/jetracer_description -- -j20 -l20
[0.172s] Invoking command in '/home/timi/ros2_ws/build/jetracer_description': CMAKE_PREFIX_PATH=${CMAKE_PREFIX_PATH}:/opt/ros/humble /usr/bin/cmake --install /home/timi/ros2_ws/build/jetracer_description
[0.176s] -- Install configuration: ""
[0.177s] -- Execute custom install script
[0.177s] -- Up-to-date symlink: /home/timi/ros2_ws/install/jetracer_description/share/jetracer_description/urdf/camera.xacro
[0.177s] -- Up-to-date symlink: /home/timi/ros2_ws/install/jetracer_description/share/jetracer_description/urdf/common_properties.xacro
[0.177s] -- Up-to-date symlink: /home/timi/ros2_ws/install/jetracer_description/share/jetracer_description/urdf/jetracer.urdf.xacro
[0.177s] -- Up-to-date symlink: /home/timi/ros2_ws/install/jetracer_description/share/jetracer_description/urdf/jetracer_gazebo.xacro
[0.177s] -- Up-to-date symlink: /home/timi/ros2_ws/install/jetracer_description/share/jetracer_description/urdf/lidar.xacro
[0.177s] -- Up-to-date symlink: /home/timi/ros2_ws/install/jetracer_description/share/jetracer_description/launch/display.launch.py
[0.177s] -- Up-to-date symlink: /home/timi/ros2_ws/install/jetracer_description/share/jetracer_description/launch/display.launch.xml
[0.177s] -- Up-to-date symlink: /home/timi/ros2_ws/install/jetracer_description/share/jetracer_description/rviz/jetracer.rviz
[0.177s] -- Up-to-date symlink: /home/timi/ros2_ws/install/jetracer_description/share/ament_index/resource_index/package_run_dependencies/jetracer_description
[0.177s] -- Up-to-date symlink: /home/timi/ros2_ws/install/jetracer_description/share/ament_index/resource_index/parent_prefix_path/jetracer_description
[0.177s] -- Up-to-date symlink: /home/timi/ros2_ws/install/jetracer_description/share/jetracer_description/environment/ament_prefix_path.sh
[0.177s] -- Up-to-date symlink: /home/timi/ros2_ws/install/jetracer_description/share/jetracer_description/environment/ament_prefix_path.dsv
[0.178s] -- Up-to-date symlink: /home/timi/ros2_ws/install/jetracer_description/share/jetracer_description/environment/path.sh
[0.178s] -- Up-to-date symlink: /home/timi/ros2_ws/install/jetracer_description/share/jetracer_description/environment/path.dsv
[0.178s] -- Up-to-date symlink: /home/timi/ros2_ws/install/jetracer_description/share/jetracer_description/local_setup.bash
[0.178s] -- Up-to-date symlink: /home/timi/ros2_ws/install/jetracer_description/share/jetracer_description/local_setup.sh
[0.178s] -- Up-to-date symlink: /home/timi/ros2_ws/install/jetracer_description/share/jetracer_description/local_setup.zsh
[0.178s] -- Up-to-date symlink: /home/timi/ros2_ws/install/jetracer_description/share/jetracer_description/local_setup.dsv
[0.178s] -- Symlinking: /home/timi/ros2_ws/install/jetracer_description/share/jetracer_description/package.dsv
[0.184s] -- Up-to-date symlink: /home/timi/ros2_ws/install/jetracer_description/share/ament_index/resource_index/packages/jetracer_description
[0.184s] -- Up-to-date symlink: /home/timi/ros2_ws/install/jetracer_description/share/jetracer_description/cmake/jetracer_descriptionConfig.cmake
[0.184s] -- Up-to-date symlink: /home/timi/ros2_ws/install/jetracer_description/share/jetracer_description/cmake/jetracer_descriptionConfig-version.cmake
[0.184s] -- Up-to-date symlink: /home/timi/ros2_ws/install/jetracer_description/share/jetracer_description/package.xml
[0.193s] Invoked command in '/home/timi/ros2_ws/build/jetracer_description' returned '0': CMAKE_PREFIX_PATH=${CMAKE_PREFIX_PATH}:/opt/ros/humble /usr/bin/cmake --install /home/timi/ros2_ws/build/jetracer_description
