[0.139s] DEBUG:colcon:Command line arguments: ['/usr/bin/colcon', 'build']
[0.139s] DEBUG:colcon:Parsed command line arguments: Namespace(log_base=None, log_level=None, verb_name='build', build_base='build', install_base='install', merge_install=False, symlink_install=False, test_result_base=None, continue_on_error=False, executor='parallel', parallel_workers=20, event_handlers=None, ignore_user_meta=False, metas=['./colcon.meta'], base_paths=['.'], packages_ignore=None, packages_ignore_regex=None, paths=None, packages_up_to=None, packages_up_to_regex=None, packages_above=None, packages_above_and_dependencies=None, packages_above_depth=None, packages_select_by_dep=None, packages_skip_by_dep=None, packages_skip_up_to=None, packages_select_build_failed=False, packages_skip_build_finished=False, packages_select_test_failures=False, packages_skip_test_passed=False, packages_select=None, packages_skip=None, packages_select_regex=None, packages_skip_regex=None, packages_start=None, packages_end=None, allow_overriding=[], cmake_args=None, cmake_target=None, cmake_target_skip_unavailable=False, cmake_clean_cache=False, cmake_clean_first=False, cmake_force_configure=False, ament_cmake_args=None, catkin_cmake_args=None, catkin_skip_building_tests=False, mixin_files=None, mixin=None, verb_parser=<colcon_mixin.mixin.mixin_argument.MixinArgumentDecorator object at 0x72622c056ad0>, verb_extension=<colcon_core.verb.build.BuildVerb object at 0x72622c0565c0>, main=<bound method BuildVerb.main of <colcon_core.verb.build.BuildVerb object at 0x72622c0565c0>>, mixin_verb=('build',))
[0.445s] Level 1:colcon.colcon_core.package_discovery:discover_packages(colcon_meta) check parameters
[0.446s] Level 1:colcon.colcon_core.package_discovery:discover_packages(recursive) check parameters
[0.446s] Level 1:colcon.colcon_core.package_discovery:discover_packages(ignore) check parameters
[0.446s] Level 1:colcon.colcon_core.package_discovery:discover_packages(path) check parameters
[0.446s] Level 1:colcon.colcon_core.package_discovery:discover_packages(colcon_meta) discover
[0.446s] Level 1:colcon.colcon_core.package_discovery:discover_packages(recursive) discover
[0.446s] INFO:colcon.colcon_core.package_discovery:Crawling recursively for packages in '/home/timi/ros2_ws'
[0.446s] Level 1:colcon.colcon_core.package_identification:_identify(.) by extensions ['ignore', 'ignore_ament_install']
[0.446s] Level 1:colcon.colcon_core.package_identification:_identify(.) by extension 'ignore'
[0.446s] Level 1:colcon.colcon_core.package_identification:_identify(.) by extension 'ignore_ament_install'
[0.446s] Level 1:colcon.colcon_core.package_identification:_identify(.) by extensions ['colcon_pkg']
[0.446s] Level 1:colcon.colcon_core.package_identification:_identify(.) by extension 'colcon_pkg'
[0.446s] Level 1:colcon.colcon_core.package_identification:_identify(.) by extensions ['colcon_meta']
[0.446s] Level 1:colcon.colcon_core.package_identification:_identify(.) by extension 'colcon_meta'
[0.446s] Level 1:colcon.colcon_core.package_identification:_identify(.) by extensions ['ros']
[0.446s] Level 1:colcon.colcon_core.package_identification:_identify(.) by extension 'ros'
[0.458s] Level 1:colcon.colcon_core.package_identification:_identify(.) by extensions ['cmake', 'python']
[0.458s] Level 1:colcon.colcon_core.package_identification:_identify(.) by extension 'cmake'
[0.458s] Level 1:colcon.colcon_core.package_identification:_identify(.) by extension 'python'
[0.458s] Level 1:colcon.colcon_core.package_identification:_identify(.) by extensions ['python_setup_py']
[0.458s] Level 1:colcon.colcon_core.package_identification:_identify(.) by extension 'python_setup_py'
[0.458s] Level 1:colcon.colcon_core.package_identification:_identify(build) by extensions ['ignore', 'ignore_ament_install']
[0.458s] Level 1:colcon.colcon_core.package_identification:_identify(build) by extension 'ignore'
[0.458s] Level 1:colcon.colcon_core.package_identification:_identify(build) ignored
[0.458s] Level 1:colcon.colcon_core.package_identification:_identify(install) by extensions ['ignore', 'ignore_ament_install']
[0.458s] Level 1:colcon.colcon_core.package_identification:_identify(install) by extension 'ignore'
[0.459s] Level 1:colcon.colcon_core.package_identification:_identify(install) ignored
[0.459s] Level 1:colcon.colcon_core.package_identification:_identify(log) by extensions ['ignore', 'ignore_ament_install']
[0.459s] Level 1:colcon.colcon_core.package_identification:_identify(log) by extension 'ignore'
[0.459s] Level 1:colcon.colcon_core.package_identification:_identify(log) ignored
[0.459s] Level 1:colcon.colcon_core.package_identification:_identify(src) by extensions ['ignore', 'ignore_ament_install']
[0.459s] Level 1:colcon.colcon_core.package_identification:_identify(src) by extension 'ignore'
[0.459s] Level 1:colcon.colcon_core.package_identification:_identify(src) by extension 'ignore_ament_install'
[0.459s] Level 1:colcon.colcon_core.package_identification:_identify(src) by extensions ['colcon_pkg']
[0.459s] Level 1:colcon.colcon_core.package_identification:_identify(src) by extension 'colcon_pkg'
[0.459s] Level 1:colcon.colcon_core.package_identification:_identify(src) by extensions ['colcon_meta']
[0.459s] Level 1:colcon.colcon_core.package_identification:_identify(src) by extension 'colcon_meta'
[0.459s] Level 1:colcon.colcon_core.package_identification:_identify(src) by extensions ['ros']
[0.459s] Level 1:colcon.colcon_core.package_identification:_identify(src) by extension 'ros'
[0.459s] Level 1:colcon.colcon_core.package_identification:_identify(src) by extensions ['cmake', 'python']
[0.459s] Level 1:colcon.colcon_core.package_identification:_identify(src) by extension 'cmake'
[0.459s] Level 1:colcon.colcon_core.package_identification:_identify(src) by extension 'python'
[0.459s] Level 1:colcon.colcon_core.package_identification:_identify(src) by extensions ['python_setup_py']
[0.459s] Level 1:colcon.colcon_core.package_identification:_identify(src) by extension 'python_setup_py'
[0.459s] Level 1:colcon.colcon_core.package_identification:_identify(src/jetracer_bringup) by extensions ['ignore', 'ignore_ament_install']
[0.459s] Level 1:colcon.colcon_core.package_identification:_identify(src/jetracer_bringup) by extension 'ignore'
[0.459s] Level 1:colcon.colcon_core.package_identification:_identify(src/jetracer_bringup) by extension 'ignore_ament_install'
[0.459s] Level 1:colcon.colcon_core.package_identification:_identify(src/jetracer_bringup) by extensions ['colcon_pkg']
[0.459s] Level 1:colcon.colcon_core.package_identification:_identify(src/jetracer_bringup) by extension 'colcon_pkg'
[0.459s] Level 1:colcon.colcon_core.package_identification:_identify(src/jetracer_bringup) by extensions ['colcon_meta']
[0.459s] Level 1:colcon.colcon_core.package_identification:_identify(src/jetracer_bringup) by extension 'colcon_meta'
[0.459s] Level 1:colcon.colcon_core.package_identification:_identify(src/jetracer_bringup) by extensions ['ros']
[0.459s] Level 1:colcon.colcon_core.package_identification:_identify(src/jetracer_bringup) by extension 'ros'
[0.461s] DEBUG:colcon.colcon_core.package_identification:Package 'src/jetracer_bringup' with type 'ros.ament_cmake' and name 'jetracer_bringup'
[0.461s] Level 1:colcon.colcon_core.package_identification:_identify(src/jetracer_description) by extensions ['ignore', 'ignore_ament_install']
[0.461s] Level 1:colcon.colcon_core.package_identification:_identify(src/jetracer_description) by extension 'ignore'
[0.461s] Level 1:colcon.colcon_core.package_identification:_identify(src/jetracer_description) by extension 'ignore_ament_install'
[0.461s] Level 1:colcon.colcon_core.package_identification:_identify(src/jetracer_description) by extensions ['colcon_pkg']
[0.461s] Level 1:colcon.colcon_core.package_identification:_identify(src/jetracer_description) by extension 'colcon_pkg'
[0.461s] Level 1:colcon.colcon_core.package_identification:_identify(src/jetracer_description) by extensions ['colcon_meta']
[0.461s] Level 1:colcon.colcon_core.package_identification:_identify(src/jetracer_description) by extension 'colcon_meta'
[0.461s] Level 1:colcon.colcon_core.package_identification:_identify(src/jetracer_description) by extensions ['ros']
[0.461s] Level 1:colcon.colcon_core.package_identification:_identify(src/jetracer_description) by extension 'ros'
[0.461s] DEBUG:colcon.colcon_core.package_identification:Package 'src/jetracer_description' with type 'ros.ament_cmake' and name 'jetracer_description'
[0.461s] Level 1:colcon.colcon_core.package_discovery:discover_packages(recursive) using defaults
[0.461s] Level 1:colcon.colcon_core.package_discovery:discover_packages(ignore) discover
[0.462s] Level 1:colcon.colcon_core.package_discovery:discover_packages(ignore) using defaults
[0.462s] Level 1:colcon.colcon_core.package_discovery:discover_packages(path) discover
[0.462s] Level 1:colcon.colcon_core.package_discovery:discover_packages(path) using defaults
[0.480s] Level 1:colcon.colcon_core.package_discovery:discover_packages(prefix_path) check parameters
[0.480s] Level 1:colcon.colcon_core.package_discovery:discover_packages(prefix_path) discover
[0.484s] DEBUG:colcon.colcon_installed_package_information.package_discovery:Found 2 installed packages in /home/timi/ros2_ws/install
[0.485s] DEBUG:colcon.colcon_installed_package_information.package_discovery:Found 399 installed packages in /opt/ros/humble
[0.486s] Level 1:colcon.colcon_core.package_discovery:discover_packages(prefix_path) using defaults
[0.586s] Level 5:colcon.colcon_core.verb:set package 'jetracer_bringup' build argument 'cmake_args' from command line to 'None'
[0.586s] Level 5:colcon.colcon_core.verb:set package 'jetracer_bringup' build argument 'cmake_target' from command line to 'None'
[0.586s] Level 5:colcon.colcon_core.verb:set package 'jetracer_bringup' build argument 'cmake_target_skip_unavailable' from command line to 'False'
[0.586s] Level 5:colcon.colcon_core.verb:set package 'jetracer_bringup' build argument 'cmake_clean_cache' from command line to 'False'
[0.586s] Level 5:colcon.colcon_core.verb:set package 'jetracer_bringup' build argument 'cmake_clean_first' from command line to 'False'
[0.586s] Level 5:colcon.colcon_core.verb:set package 'jetracer_bringup' build argument 'cmake_force_configure' from command line to 'False'
[0.586s] Level 5:colcon.colcon_core.verb:set package 'jetracer_bringup' build argument 'ament_cmake_args' from command line to 'None'
[0.586s] Level 5:colcon.colcon_core.verb:set package 'jetracer_bringup' build argument 'catkin_cmake_args' from command line to 'None'
[0.586s] Level 5:colcon.colcon_core.verb:set package 'jetracer_bringup' build argument 'catkin_skip_building_tests' from command line to 'False'
[0.586s] DEBUG:colcon.colcon_core.verb:Building package 'jetracer_bringup' with the following arguments: {'ament_cmake_args': None, 'build_base': '/home/timi/ros2_ws/build/jetracer_bringup', 'catkin_cmake_args': None, 'catkin_skip_building_tests': False, 'cmake_args': None, 'cmake_clean_cache': False, 'cmake_clean_first': False, 'cmake_force_configure': False, 'cmake_target': None, 'cmake_target_skip_unavailable': False, 'install_base': '/home/timi/ros2_ws/install/jetracer_bringup', 'merge_install': False, 'path': '/home/timi/ros2_ws/src/jetracer_bringup', 'symlink_install': False, 'test_result_base': None}
[0.587s] Level 5:colcon.colcon_core.verb:set package 'jetracer_description' build argument 'cmake_args' from command line to 'None'
[0.587s] Level 5:colcon.colcon_core.verb:set package 'jetracer_description' build argument 'cmake_target' from command line to 'None'
[0.587s] Level 5:colcon.colcon_core.verb:set package 'jetracer_description' build argument 'cmake_target_skip_unavailable' from command line to 'False'
[0.587s] Level 5:colcon.colcon_core.verb:set package 'jetracer_description' build argument 'cmake_clean_cache' from command line to 'False'
[0.587s] Level 5:colcon.colcon_core.verb:set package 'jetracer_description' build argument 'cmake_clean_first' from command line to 'False'
[0.587s] Level 5:colcon.colcon_core.verb:set package 'jetracer_description' build argument 'cmake_force_configure' from command line to 'False'
[0.587s] Level 5:colcon.colcon_core.verb:set package 'jetracer_description' build argument 'ament_cmake_args' from command line to 'None'
[0.587s] Level 5:colcon.colcon_core.verb:set package 'jetracer_description' build argument 'catkin_cmake_args' from command line to 'None'
[0.587s] Level 5:colcon.colcon_core.verb:set package 'jetracer_description' build argument 'catkin_skip_building_tests' from command line to 'False'
[0.587s] DEBUG:colcon.colcon_core.verb:Building package 'jetracer_description' with the following arguments: {'ament_cmake_args': None, 'build_base': '/home/timi/ros2_ws/build/jetracer_description', 'catkin_cmake_args': None, 'catkin_skip_building_tests': False, 'cmake_args': None, 'cmake_clean_cache': False, 'cmake_clean_first': False, 'cmake_force_configure': False, 'cmake_target': None, 'cmake_target_skip_unavailable': False, 'install_base': '/home/timi/ros2_ws/install/jetracer_description', 'merge_install': False, 'path': '/home/timi/ros2_ws/src/jetracer_description', 'symlink_install': False, 'test_result_base': None}
[0.587s] INFO:colcon.colcon_core.executor:Executing jobs using 'parallel' executor
[0.588s] DEBUG:colcon.colcon_parallel_executor.executor.parallel:run_until_complete
[0.588s] INFO:colcon.colcon_ros.task.ament_cmake.build:Building ROS package in '/home/timi/ros2_ws/src/jetracer_bringup' with build type 'ament_cmake'
[0.588s] INFO:colcon.colcon_cmake.task.cmake.build:Building CMake package in '/home/timi/ros2_ws/src/jetracer_bringup'
[0.593s] INFO:colcon.colcon_core.plugin_system:Skipping extension 'colcon_core.shell.bat': Not used on non-Windows systems
[0.593s] INFO:colcon.colcon_core.shell:Skip shell extension 'powershell' for command environment: Not usable outside of PowerShell
[0.593s] DEBUG:colcon.colcon_core.shell:Skip shell extension 'dsv' for command environment
[0.596s] INFO:colcon.colcon_ros.task.ament_cmake.build:Building ROS package in '/home/timi/ros2_ws/src/jetracer_description' with build type 'ament_cmake'
[0.596s] INFO:colcon.colcon_cmake.task.cmake.build:Building CMake package in '/home/timi/ros2_ws/src/jetracer_description'
[0.596s] INFO:colcon.colcon_core.shell:Skip shell extension 'powershell' for command environment: Not usable outside of PowerShell
[0.596s] DEBUG:colcon.colcon_core.shell:Skip shell extension 'dsv' for command environment
[0.601s] DEBUG:colcon.colcon_core.event_handler.log_command:Invoking command in '/home/timi/ros2_ws/build/jetracer_bringup': CMAKE_PREFIX_PATH=${CMAKE_PREFIX_PATH}:/opt/ros/humble /usr/bin/cmake --build /home/timi/ros2_ws/build/jetracer_bringup -- -j20 -l20
[0.608s] DEBUG:colcon.colcon_core.event_handler.log_command:Invoking command in '/home/timi/ros2_ws/build/jetracer_description': CMAKE_PREFIX_PATH=${CMAKE_PREFIX_PATH}:/opt/ros/humble /usr/bin/cmake --build /home/timi/ros2_ws/build/jetracer_description -- -j20 -l20
[0.669s] DEBUG:colcon.colcon_core.event_handler.log_command:Invoked command in '/home/timi/ros2_ws/build/jetracer_description' returned '0': CMAKE_PREFIX_PATH=${CMAKE_PREFIX_PATH}:/opt/ros/humble /usr/bin/cmake --build /home/timi/ros2_ws/build/jetracer_description -- -j20 -l20
[0.679s] DEBUG:colcon.colcon_core.event_handler.log_command:Invoking command in '/home/timi/ros2_ws/build/jetracer_description': CMAKE_PREFIX_PATH=${CMAKE_PREFIX_PATH}:/opt/ros/humble /usr/bin/cmake --install /home/timi/ros2_ws/build/jetracer_description
[0.680s] DEBUG:colcon.colcon_core.event_handler.log_command:Invoked command in '/home/timi/ros2_ws/build/jetracer_bringup' returned '0': CMAKE_PREFIX_PATH=${CMAKE_PREFIX_PATH}:/opt/ros/humble /usr/bin/cmake --build /home/timi/ros2_ws/build/jetracer_bringup -- -j20 -l20
[0.683s] DEBUG:colcon.colcon_core.event_handler.log_command:Invoking command in '/home/timi/ros2_ws/build/jetracer_bringup': CMAKE_PREFIX_PATH=${CMAKE_PREFIX_PATH}:/opt/ros/humble /usr/bin/cmake --install /home/timi/ros2_ws/build/jetracer_bringup
[0.698s] Level 1:colcon.colcon_core.environment:create_environment_scripts_only(jetracer_description)
[0.698s] DEBUG:colcon.colcon_core.event_handler.log_command:Invoked command in '/home/timi/ros2_ws/build/jetracer_description' returned '0': CMAKE_PREFIX_PATH=${CMAKE_PREFIX_PATH}:/opt/ros/humble /usr/bin/cmake --install /home/timi/ros2_ws/build/jetracer_description
[0.704s] Level 1:colcon.colcon_core.environment:checking '/home/timi/ros2_ws/install/jetracer_description' for CMake module files
[0.704s] Level 1:colcon.colcon_core.environment:checking '/home/timi/ros2_ws/install/jetracer_description' for CMake config files
[0.705s] Level 1:colcon.colcon_core.shell:create_environment_hook('jetracer_description', 'cmake_prefix_path')
[0.705s] INFO:colcon.colcon_core.shell:Creating environment hook '/home/timi/ros2_ws/install/jetracer_description/share/jetracer_description/hook/cmake_prefix_path.ps1'
[0.706s] INFO:colcon.colcon_core.shell:Creating environment descriptor '/home/timi/ros2_ws/install/jetracer_description/share/jetracer_description/hook/cmake_prefix_path.dsv'
[0.706s] INFO:colcon.colcon_core.shell:Creating environment hook '/home/timi/ros2_ws/install/jetracer_description/share/jetracer_description/hook/cmake_prefix_path.sh'
[0.707s] Level 1:colcon.colcon_core.environment:checking '/home/timi/ros2_ws/install/jetracer_description/bin'
[0.707s] Level 1:colcon.colcon_core.environment:checking '/home/timi/ros2_ws/install/jetracer_description/lib/pkgconfig/jetracer_description.pc'
[0.707s] Level 1:colcon.colcon_core.environment:checking '/home/timi/ros2_ws/install/jetracer_description/lib/python3.10/site-packages'
[0.707s] Level 1:colcon.colcon_core.environment:checking '/home/timi/ros2_ws/install/jetracer_description/bin'
[0.707s] INFO:colcon.colcon_core.shell:Creating package script '/home/timi/ros2_ws/install/jetracer_description/share/jetracer_description/package.ps1'
[0.708s] INFO:colcon.colcon_core.shell:Creating package descriptor '/home/timi/ros2_ws/install/jetracer_description/share/jetracer_description/package.dsv'
[0.709s] INFO:colcon.colcon_core.shell:Creating package script '/home/timi/ros2_ws/install/jetracer_description/share/jetracer_description/package.sh'
[0.709s] INFO:colcon.colcon_core.shell:Creating package script '/home/timi/ros2_ws/install/jetracer_description/share/jetracer_description/package.bash'
[0.710s] INFO:colcon.colcon_core.shell:Creating package script '/home/timi/ros2_ws/install/jetracer_description/share/jetracer_description/package.zsh'
[0.711s] Level 1:colcon.colcon_core.environment:create_file_with_runtime_dependencies(/home/timi/ros2_ws/install/jetracer_description/share/colcon-core/packages/jetracer_description)
[0.711s] Level 1:colcon.colcon_core.environment:create_environment_scripts_only(jetracer_description)
[0.711s] Level 1:colcon.colcon_core.environment:checking '/home/timi/ros2_ws/install/jetracer_description' for CMake module files
[0.711s] Level 1:colcon.colcon_core.environment:checking '/home/timi/ros2_ws/install/jetracer_description' for CMake config files
[0.712s] Level 1:colcon.colcon_core.shell:create_environment_hook('jetracer_description', 'cmake_prefix_path')
[0.712s] INFO:colcon.colcon_core.shell:Creating environment hook '/home/timi/ros2_ws/install/jetracer_description/share/jetracer_description/hook/cmake_prefix_path.ps1'
[0.712s] INFO:colcon.colcon_core.shell:Creating environment descriptor '/home/timi/ros2_ws/install/jetracer_description/share/jetracer_description/hook/cmake_prefix_path.dsv'
[0.712s] INFO:colcon.colcon_core.shell:Creating environment hook '/home/timi/ros2_ws/install/jetracer_description/share/jetracer_description/hook/cmake_prefix_path.sh'
[0.712s] Level 1:colcon.colcon_core.environment:checking '/home/timi/ros2_ws/install/jetracer_description/bin'
[0.712s] Level 1:colcon.colcon_core.environment:checking '/home/timi/ros2_ws/install/jetracer_description/lib/pkgconfig/jetracer_description.pc'
[0.713s] Level 1:colcon.colcon_core.environment:checking '/home/timi/ros2_ws/install/jetracer_description/lib/python3.10/site-packages'
[0.713s] Level 1:colcon.colcon_core.environment:checking '/home/timi/ros2_ws/install/jetracer_description/bin'
[0.713s] INFO:colcon.colcon_core.shell:Creating package script '/home/timi/ros2_ws/install/jetracer_description/share/jetracer_description/package.ps1'
[0.713s] INFO:colcon.colcon_core.shell:Creating package descriptor '/home/timi/ros2_ws/install/jetracer_description/share/jetracer_description/package.dsv'
[0.713s] INFO:colcon.colcon_core.shell:Creating package script '/home/timi/ros2_ws/install/jetracer_description/share/jetracer_description/package.sh'
[0.714s] INFO:colcon.colcon_core.shell:Creating package script '/home/timi/ros2_ws/install/jetracer_description/share/jetracer_description/package.bash'
[0.714s] INFO:colcon.colcon_core.shell:Creating package script '/home/timi/ros2_ws/install/jetracer_description/share/jetracer_description/package.zsh'
[0.714s] Level 1:colcon.colcon_core.environment:create_file_with_runtime_dependencies(/home/timi/ros2_ws/install/jetracer_description/share/colcon-core/packages/jetracer_description)
[0.715s] Level 1:colcon.colcon_core.environment:create_environment_scripts_only(jetracer_bringup)
[0.715s] Level 1:colcon.colcon_core.environment:checking '/home/timi/ros2_ws/install/jetracer_bringup' for CMake module files
[0.715s] DEBUG:colcon.colcon_core.event_handler.log_command:Invoked command in '/home/timi/ros2_ws/build/jetracer_bringup' returned '0': CMAKE_PREFIX_PATH=${CMAKE_PREFIX_PATH}:/opt/ros/humble /usr/bin/cmake --install /home/timi/ros2_ws/build/jetracer_bringup
[0.715s] Level 1:colcon.colcon_core.environment:checking '/home/timi/ros2_ws/install/jetracer_bringup' for CMake config files
[0.715s] Level 1:colcon.colcon_core.shell:create_environment_hook('jetracer_bringup', 'cmake_prefix_path')
[0.716s] INFO:colcon.colcon_core.shell:Creating environment hook '/home/timi/ros2_ws/install/jetracer_bringup/share/jetracer_bringup/hook/cmake_prefix_path.ps1'
[0.716s] INFO:colcon.colcon_core.shell:Creating environment descriptor '/home/timi/ros2_ws/install/jetracer_bringup/share/jetracer_bringup/hook/cmake_prefix_path.dsv'
[0.716s] INFO:colcon.colcon_core.shell:Creating environment hook '/home/timi/ros2_ws/install/jetracer_bringup/share/jetracer_bringup/hook/cmake_prefix_path.sh'
[0.716s] Level 1:colcon.colcon_core.environment:checking '/home/timi/ros2_ws/install/jetracer_bringup/bin'
[0.717s] Level 1:colcon.colcon_core.environment:checking '/home/timi/ros2_ws/install/jetracer_bringup/lib/pkgconfig/jetracer_bringup.pc'
[0.717s] Level 1:colcon.colcon_core.environment:checking '/home/timi/ros2_ws/install/jetracer_bringup/lib/python3.10/site-packages'
[0.717s] Level 1:colcon.colcon_core.environment:checking '/home/timi/ros2_ws/install/jetracer_bringup/bin'
[0.717s] INFO:colcon.colcon_core.shell:Creating package script '/home/timi/ros2_ws/install/jetracer_bringup/share/jetracer_bringup/package.ps1'
[0.717s] INFO:colcon.colcon_core.shell:Creating package descriptor '/home/timi/ros2_ws/install/jetracer_bringup/share/jetracer_bringup/package.dsv'
[0.717s] INFO:colcon.colcon_core.shell:Creating package script '/home/timi/ros2_ws/install/jetracer_bringup/share/jetracer_bringup/package.sh'
[0.717s] INFO:colcon.colcon_core.shell:Creating package script '/home/timi/ros2_ws/install/jetracer_bringup/share/jetracer_bringup/package.bash'
[0.718s] INFO:colcon.colcon_core.shell:Creating package script '/home/timi/ros2_ws/install/jetracer_bringup/share/jetracer_bringup/package.zsh'
[0.718s] Level 1:colcon.colcon_core.environment:create_file_with_runtime_dependencies(/home/timi/ros2_ws/install/jetracer_bringup/share/colcon-core/packages/jetracer_bringup)
[0.718s] Level 1:colcon.colcon_core.environment:create_environment_scripts_only(jetracer_bringup)
[0.718s] Level 1:colcon.colcon_core.environment:checking '/home/timi/ros2_ws/install/jetracer_bringup' for CMake module files
[0.718s] Level 1:colcon.colcon_core.environment:checking '/home/timi/ros2_ws/install/jetracer_bringup' for CMake config files
[0.718s] Level 1:colcon.colcon_core.shell:create_environment_hook('jetracer_bringup', 'cmake_prefix_path')
[0.719s] INFO:colcon.colcon_core.shell:Creating environment hook '/home/timi/ros2_ws/install/jetracer_bringup/share/jetracer_bringup/hook/cmake_prefix_path.ps1'
[0.719s] INFO:colcon.colcon_core.shell:Creating environment descriptor '/home/timi/ros2_ws/install/jetracer_bringup/share/jetracer_bringup/hook/cmake_prefix_path.dsv'
[0.719s] INFO:colcon.colcon_core.shell:Creating environment hook '/home/timi/ros2_ws/install/jetracer_bringup/share/jetracer_bringup/hook/cmake_prefix_path.sh'
[0.719s] Level 1:colcon.colcon_core.environment:checking '/home/timi/ros2_ws/install/jetracer_bringup/bin'
[0.719s] Level 1:colcon.colcon_core.environment:checking '/home/timi/ros2_ws/install/jetracer_bringup/lib/pkgconfig/jetracer_bringup.pc'
[0.719s] Level 1:colcon.colcon_core.environment:checking '/home/timi/ros2_ws/install/jetracer_bringup/lib/python3.10/site-packages'
[0.719s] Level 1:colcon.colcon_core.environment:checking '/home/timi/ros2_ws/install/jetracer_bringup/bin'
[0.720s] INFO:colcon.colcon_core.shell:Creating package script '/home/timi/ros2_ws/install/jetracer_bringup/share/jetracer_bringup/package.ps1'
[0.720s] INFO:colcon.colcon_core.shell:Creating package descriptor '/home/timi/ros2_ws/install/jetracer_bringup/share/jetracer_bringup/package.dsv'
[0.720s] INFO:colcon.colcon_core.shell:Creating package script '/home/timi/ros2_ws/install/jetracer_bringup/share/jetracer_bringup/package.sh'
[0.720s] INFO:colcon.colcon_core.shell:Creating package script '/home/timi/ros2_ws/install/jetracer_bringup/share/jetracer_bringup/package.bash'
[0.720s] INFO:colcon.colcon_core.shell:Creating package script '/home/timi/ros2_ws/install/jetracer_bringup/share/jetracer_bringup/package.zsh'
[0.721s] Level 1:colcon.colcon_core.environment:create_file_with_runtime_dependencies(/home/timi/ros2_ws/install/jetracer_bringup/share/colcon-core/packages/jetracer_bringup)
[0.721s] DEBUG:colcon.colcon_parallel_executor.executor.parallel:closing loop
[0.721s] DEBUG:colcon.colcon_parallel_executor.executor.parallel:loop closed
[0.721s] DEBUG:colcon.colcon_parallel_executor.executor.parallel:run_until_complete finished with '0'
[0.721s] DEBUG:colcon.colcon_core.event_reactor:joining thread
[0.726s] INFO:colcon.colcon_core.plugin_system:Skipping extension 'colcon_notification.desktop_notification.terminal_notifier': Not used on non-Darwin systems
[0.726s] INFO:colcon.colcon_core.plugin_system:Skipping extension 'colcon_notification.desktop_notification.win32': Not used on non-Windows systems
[0.726s] INFO:colcon.colcon_notification.desktop_notification:Sending desktop notification using 'notify2'
[0.745s] DEBUG:colcon.colcon_core.event_reactor:joined thread
[0.745s] INFO:colcon.colcon_core.shell:Creating prefix script '/home/timi/ros2_ws/install/local_setup.ps1'
[0.746s] INFO:colcon.colcon_core.shell:Creating prefix util module '/home/timi/ros2_ws/install/_local_setup_util_ps1.py'
[0.747s] INFO:colcon.colcon_core.shell:Creating prefix chain script '/home/timi/ros2_ws/install/setup.ps1'
[0.748s] INFO:colcon.colcon_core.shell:Creating prefix script '/home/timi/ros2_ws/install/local_setup.sh'
[0.749s] INFO:colcon.colcon_core.shell:Creating prefix util module '/home/timi/ros2_ws/install/_local_setup_util_sh.py'
[0.749s] INFO:colcon.colcon_core.shell:Creating prefix chain script '/home/timi/ros2_ws/install/setup.sh'
[0.750s] INFO:colcon.colcon_core.shell:Creating prefix script '/home/timi/ros2_ws/install/local_setup.bash'
[0.750s] INFO:colcon.colcon_core.shell:Creating prefix chain script '/home/timi/ros2_ws/install/setup.bash'
[0.751s] INFO:colcon.colcon_core.shell:Creating prefix script '/home/timi/ros2_ws/install/local_setup.zsh'
[0.751s] INFO:colcon.colcon_core.shell:Creating prefix chain script '/home/timi/ros2_ws/install/setup.zsh'
