[0.010s] Invoking command in '/home/timi/ros2_ws/build/jetracer_description': CMAKE_PREFIX_PATH=${CMAKE_PREFIX_PATH}:/opt/ros/humble /usr/bin/cmake --build /home/timi/ros2_ws/build/jetracer_description -- -j20 -l20
[0.037s] Invoked command in '/home/timi/ros2_ws/build/jetracer_description' returned '0': CMAKE_PREFIX_PATH=${CMAKE_PREFIX_PATH}:/opt/ros/humble /usr/bin/cmake --build /home/timi/ros2_ws/build/jetracer_description -- -j20 -l20
[0.043s] Invoking command in '/home/timi/ros2_ws/build/jetracer_description': CMAKE_PREFIX_PATH=${CMAKE_PREFIX_PATH}:/opt/ros/humble /usr/bin/cmake --install /home/timi/ros2_ws/build/jetracer_description
[0.048s] -- Install configuration: ""
[0.048s] -- Execute custom install script
[0.048s] -- Up-to-date symlink: /home/timi/ros2_ws/install/jetracer_description/share/jetracer_description/urdf/common_properties.xacro
[0.048s] -- Up-to-date symlink: /home/timi/ros2_ws/install/jetracer_description/share/jetracer_description/urdf/jetracer.xacro
[0.048s] -- Up-to-date symlink: /home/timi/ros2_ws/install/jetracer_description/share/jetracer_description/urdf/jetracer_gazebo.xacro
[0.048s] -- Up-to-date symlink: /home/timi/ros2_ws/install/jetracer_description/share/jetracer_description/launch/display.launch.py
[0.048s] -- Up-to-date symlink: /home/timi/ros2_ws/install/jetracer_description/share/jetracer_description/launch/display.launch.xml
[0.048s] -- Up-to-date symlink: /home/timi/ros2_ws/install/jetracer_description/share/jetracer_description/rviz/jetracer.rviz
[0.049s] -- Up-to-date symlink: /home/timi/ros2_ws/install/jetracer_description/share/ament_index/resource_index/package_run_dependencies/jetracer_description
[0.049s] -- Up-to-date symlink: /home/timi/ros2_ws/install/jetracer_description/share/ament_index/resource_index/parent_prefix_path/jetracer_description
[0.049s] -- Up-to-date symlink: /home/timi/ros2_ws/install/jetracer_description/share/jetracer_description/environment/ament_prefix_path.sh
[0.049s] -- Up-to-date symlink: /home/timi/ros2_ws/install/jetracer_description/share/jetracer_description/environment/ament_prefix_path.dsv
[0.049s] -- Up-to-date symlink: /home/timi/ros2_ws/install/jetracer_description/share/jetracer_description/environment/path.sh
[0.049s] -- Up-to-date symlink: /home/timi/ros2_ws/install/jetracer_description/share/jetracer_description/environment/path.dsv
[0.049s] -- Up-to-date symlink: /home/timi/ros2_ws/install/jetracer_description/share/jetracer_description/local_setup.bash
[0.049s] -- Up-to-date symlink: /home/timi/ros2_ws/install/jetracer_description/share/jetracer_description/local_setup.sh
[0.049s] -- Up-to-date symlink: /home/timi/ros2_ws/install/jetracer_description/share/jetracer_description/local_setup.zsh
[0.049s] -- Up-to-date symlink: /home/timi/ros2_ws/install/jetracer_description/share/jetracer_description/local_setup.dsv
[0.049s] -- Symlinking: /home/timi/ros2_ws/install/jetracer_description/share/jetracer_description/package.dsv
[0.055s] -- Up-to-date symlink: /home/timi/ros2_ws/install/jetracer_description/share/ament_index/resource_index/packages/jetracer_description
[0.055s] -- Up-to-date symlink: /home/timi/ros2_ws/install/jetracer_description/share/jetracer_description/cmake/jetracer_descriptionConfig.cmake
[0.055s] -- Up-to-date symlink: /home/timi/ros2_ws/install/jetracer_description/share/jetracer_description/cmake/jetracer_descriptionConfig-version.cmake
[0.055s] -- Up-to-date symlink: /home/timi/ros2_ws/install/jetracer_description/share/jetracer_description/package.xml
[0.056s] Invoked command in '/home/timi/ros2_ws/build/jetracer_description' returned '0': CMAKE_PREFIX_PATH=${CMAKE_PREFIX_PATH}:/opt/ros/humble /usr/bin/cmake --install /home/timi/ros2_ws/build/jetracer_description
