[0.010s] Invoking command in '/home/timi/ros2_ws/build/my_robot_description': CMAKE_PREFIX_PATH=${CMAKE_PREFIX_PATH}:/opt/ros/humble /usr/bin/cmake /home/timi/ros2_ws/src/my_robot_description -DCMAKE_INSTALL_PREFIX=/home/timi/ros2_ws/install/my_robot_description
[0.017s] -- Found ament_cmake: 1.3.11 (/opt/ros/humble/share/ament_cmake/cmake)
[0.092s] -- Override CMake install command with custom implementation using symlinks instead of copying resources
[0.139s] -- Configuring done
[0.140s] -- Generating done
[0.140s] -- Build files have been written to: /home/timi/ros2_ws/build/my_robot_description
[0.143s] Invoked command in '/home/timi/ros2_ws/build/my_robot_description' returned '0': CMAKE_PREFIX_PATH=${CMAKE_PREFIX_PATH}:/opt/ros/humble /usr/bin/cmake /home/timi/ros2_ws/src/my_robot_description -DCMAKE_INSTALL_PREFIX=/home/timi/ros2_ws/install/my_robot_description
[0.144s] Invoking command in '/home/timi/ros2_ws/build/my_robot_description': CMAKE_PREFIX_PATH=${CMAKE_PREFIX_PATH}:/opt/ros/humble /usr/bin/cmake --build /home/timi/ros2_ws/build/my_robot_description -- -j20 -l20
[0.177s] Invoked command in '/home/timi/ros2_ws/build/my_robot_description' returned '0': CMAKE_PREFIX_PATH=${CMAKE_PREFIX_PATH}:/opt/ros/humble /usr/bin/cmake --build /home/timi/ros2_ws/build/my_robot_description -- -j20 -l20
[0.178s] Invoking command in '/home/timi/ros2_ws/build/my_robot_description': CMAKE_PREFIX_PATH=${CMAKE_PREFIX_PATH}:/opt/ros/humble /usr/bin/cmake --install /home/timi/ros2_ws/build/my_robot_description
[0.184s] -- Install configuration: ""
[0.184s] -- Execute custom install script
[0.184s] -- Up-to-date symlink: /home/timi/ros2_ws/install/my_robot_description/share/my_robot_description//urdf/common_properties.xacro
[0.184s] -- Up-to-date symlink: /home/timi/ros2_ws/install/my_robot_description/share/my_robot_description//urdf/mobile_base.xacro
[0.184s] -- Up-to-date symlink: /home/timi/ros2_ws/install/my_robot_description/share/my_robot_description//urdf/mobile_base_gazebo.xacro
[0.184s] -- Up-to-date symlink: /home/timi/ros2_ws/install/my_robot_description/share/my_robot_description//urdf/my_robot.urdf.xacro
[0.184s] -- Up-to-date symlink: /home/timi/ros2_ws/install/my_robot_description/share/my_robot_description//launch/display.launch.py
[0.184s] -- Up-to-date symlink: /home/timi/ros2_ws/install/my_robot_description/share/my_robot_description//launch/display.launch.xml
[0.184s] -- Up-to-date symlink: /home/timi/ros2_ws/install/my_robot_description/share/my_robot_description//rviz/urdf_config.rviz
[0.184s] -- Up-to-date symlink: /home/timi/ros2_ws/install/my_robot_description/share/ament_index/resource_index/package_run_dependencies/my_robot_description
[0.185s] -- Up-to-date symlink: /home/timi/ros2_ws/install/my_robot_description/share/ament_index/resource_index/parent_prefix_path/my_robot_description
[0.185s] -- Up-to-date symlink: /home/timi/ros2_ws/install/my_robot_description/share/my_robot_description/environment/ament_prefix_path.sh
[0.185s] -- Up-to-date symlink: /home/timi/ros2_ws/install/my_robot_description/share/my_robot_description/environment/ament_prefix_path.dsv
[0.185s] -- Up-to-date symlink: /home/timi/ros2_ws/install/my_robot_description/share/my_robot_description/environment/path.sh
[0.185s] -- Up-to-date symlink: /home/timi/ros2_ws/install/my_robot_description/share/my_robot_description/environment/path.dsv
[0.185s] -- Up-to-date symlink: /home/timi/ros2_ws/install/my_robot_description/share/my_robot_description/local_setup.bash
[0.185s] -- Up-to-date symlink: /home/timi/ros2_ws/install/my_robot_description/share/my_robot_description/local_setup.sh
[0.185s] -- Up-to-date symlink: /home/timi/ros2_ws/install/my_robot_description/share/my_robot_description/local_setup.zsh
[0.185s] -- Up-to-date symlink: /home/timi/ros2_ws/install/my_robot_description/share/my_robot_description/local_setup.dsv
[0.185s] -- Symlinking: /home/timi/ros2_ws/install/my_robot_description/share/my_robot_description/package.dsv
[0.190s] -- Up-to-date symlink: /home/timi/ros2_ws/install/my_robot_description/share/ament_index/resource_index/packages/my_robot_description
[0.190s] -- Up-to-date symlink: /home/timi/ros2_ws/install/my_robot_description/share/my_robot_description/cmake/my_robot_descriptionConfig.cmake
[0.191s] -- Up-to-date symlink: /home/timi/ros2_ws/install/my_robot_description/share/my_robot_description/cmake/my_robot_descriptionConfig-version.cmake
[0.191s] -- Up-to-date symlink: /home/timi/ros2_ws/install/my_robot_description/share/my_robot_description/package.xml
[0.204s] Invoked command in '/home/timi/ros2_ws/build/my_robot_description' returned '0': CMAKE_PREFIX_PATH=${CMAKE_PREFIX_PATH}:/opt/ros/humble /usr/bin/cmake --install /home/timi/ros2_ws/build/my_robot_description
