-- Found ament_cmake: 1.3.11 (/opt/ros/humble/share/ament_cmake/cmake)
-- Override CMake install command with custom implementation using symlinks instead of copying resources
-- Configuring done
-- Generating done
-- Build files have been written to: /home/timi/ros2_ws/build/jetracer_description
-- Install configuration: ""
-- Execute custom install script
-- Symlinking: /home/timi/ros2_ws/install/jetracer_description/share/jetracer_description/urdf/jetracer.urdf.xacro
-- Symlinking: /home/timi/ros2_ws/install/jetracer_description/share/jetracer_description/launch/display.launch.py
-- Symlinking: /home/timi/ros2_ws/install/jetracer_description/share/jetracer_description/launch/display.launch.xml
-- Symlinking: /home/timi/ros2_ws/install/jetracer_description/share/ament_index/resource_index/package_run_dependencies/jetracer_description
-- Symlinking: /home/timi/ros2_ws/install/jetracer_description/share/ament_index/resource_index/parent_prefix_path/jetracer_description
-- Symlinking: /home/timi/ros2_ws/install/jetracer_description/share/jetracer_description/environment/ament_prefix_path.sh
-- Symlinking: /home/timi/ros2_ws/install/jetracer_description/share/jetracer_description/environment/ament_prefix_path.dsv
-- Symlinking: /home/timi/ros2_ws/install/jetracer_description/share/jetracer_description/environment/path.sh
-- Symlinking: /home/timi/ros2_ws/install/jetracer_description/share/jetracer_description/environment/path.dsv
-- Symlinking: /home/timi/ros2_ws/install/jetracer_description/share/jetracer_description/local_setup.bash
-- Symlinking: /home/timi/ros2_ws/install/jetracer_description/share/jetracer_description/local_setup.sh
-- Symlinking: /home/timi/ros2_ws/install/jetracer_description/share/jetracer_description/local_setup.zsh
-- Symlinking: /home/timi/ros2_ws/install/jetracer_description/share/jetracer_description/local_setup.dsv
-- Symlinking: /home/timi/ros2_ws/install/jetracer_description/share/jetracer_description/package.dsv
-- Symlinking: /home/timi/ros2_ws/install/jetracer_description/share/ament_index/resource_index/packages/jetracer_description
-- Symlinking: /home/timi/ros2_ws/install/jetracer_description/share/jetracer_description/cmake/jetracer_descriptionConfig.cmake
-- Symlinking: /home/timi/ros2_ws/install/jetracer_description/share/jetracer_description/cmake/jetracer_descriptionConfig-version.cmake
-- Symlinking: /home/timi/ros2_ws/install/jetracer_description/share/jetracer_description/package.xml
