[0.006s] Invoking command in '/home/timi/ros2_ws/build/jetracer_description': CMAKE_PREFIX_PATH=${CMAKE_PREFIX_PATH}:/opt/ros/humble /usr/bin/cmake /home/timi/ros2_ws/src/jetracer_description -DAMENT_CMAKE_SYMLINK_INSTALL=1 -DCMAKE_INSTALL_PREFIX=/home/timi/ros2_ws/install/jetracer_description
[0.020s] -- Found ament_cmake: 1.3.11 (/opt/ros/humble/share/ament_cmake/cmake)
[0.103s] -- Override CMake install command with custom implementation using symlinks instead of copying resources
[0.174s] -- Configuring done
[0.175s] -- Generating done
[0.176s] -- Build files have been written to: /home/timi/ros2_ws/build/jetracer_description
[0.178s] Invoked command in '/home/timi/ros2_ws/build/jetracer_description' returned '0': CMAKE_PREFIX_PATH=${CMAKE_PREFIX_PATH}:/opt/ros/humble /usr/bin/cmake /home/timi/ros2_ws/src/jetracer_description -DAMENT_CMAKE_SYMLINK_INSTALL=1 -DCMAKE_INSTALL_PREFIX=/home/timi/ros2_ws/install/jetracer_description
[0.179s] Invoking command in '/home/timi/ros2_ws/build/jetracer_description': CMAKE_PREFIX_PATH=${CMAKE_PREFIX_PATH}:/opt/ros/humble /usr/bin/cmake --build /home/timi/ros2_ws/build/jetracer_description -- -j20 -l20
[0.206s] Invoked command in '/home/timi/ros2_ws/build/jetracer_description' returned '0': CMAKE_PREFIX_PATH=${CMAKE_PREFIX_PATH}:/opt/ros/humble /usr/bin/cmake --build /home/timi/ros2_ws/build/jetracer_description -- -j20 -l20
[0.212s] Invoking command in '/home/timi/ros2_ws/build/jetracer_description': CMAKE_PREFIX_PATH=${CMAKE_PREFIX_PATH}:/opt/ros/humble /usr/bin/cmake --install /home/timi/ros2_ws/build/jetracer_description
[0.216s] -- Install configuration: ""
[0.216s] -- Execute custom install script
[0.216s] -- Symlinking: /home/timi/ros2_ws/install/jetracer_description/share/jetracer_description/urdf/jetracer.urdf.xacro
[0.223s] -- Symlinking: /home/timi/ros2_ws/install/jetracer_description/share/jetracer_description/launch/display.launch.py
[0.229s] -- Symlinking: /home/timi/ros2_ws/install/jetracer_description/share/jetracer_description/launch/display.launch.xml
[0.237s] -- Symlinking: /home/timi/ros2_ws/install/jetracer_description/share/ament_index/resource_index/package_run_dependencies/jetracer_description
[0.249s] -- Symlinking: /home/timi/ros2_ws/install/jetracer_description/share/ament_index/resource_index/parent_prefix_path/jetracer_description
[0.258s] -- Symlinking: /home/timi/ros2_ws/install/jetracer_description/share/jetracer_description/environment/ament_prefix_path.sh
[0.268s] -- Symlinking: /home/timi/ros2_ws/install/jetracer_description/share/jetracer_description/environment/ament_prefix_path.dsv
[0.275s] -- Symlinking: /home/timi/ros2_ws/install/jetracer_description/share/jetracer_description/environment/path.sh
[0.284s] -- Symlinking: /home/timi/ros2_ws/install/jetracer_description/share/jetracer_description/environment/path.dsv
[0.291s] -- Symlinking: /home/timi/ros2_ws/install/jetracer_description/share/jetracer_description/local_setup.bash
[0.296s] -- Symlinking: /home/timi/ros2_ws/install/jetracer_description/share/jetracer_description/local_setup.sh
[0.301s] -- Symlinking: /home/timi/ros2_ws/install/jetracer_description/share/jetracer_description/local_setup.zsh
[0.307s] -- Symlinking: /home/timi/ros2_ws/install/jetracer_description/share/jetracer_description/local_setup.dsv
[0.314s] -- Symlinking: /home/timi/ros2_ws/install/jetracer_description/share/jetracer_description/package.dsv
[0.322s] -- Symlinking: /home/timi/ros2_ws/install/jetracer_description/share/ament_index/resource_index/packages/jetracer_description
[0.328s] -- Symlinking: /home/timi/ros2_ws/install/jetracer_description/share/jetracer_description/cmake/jetracer_descriptionConfig.cmake
[0.334s] -- Symlinking: /home/timi/ros2_ws/install/jetracer_description/share/jetracer_description/cmake/jetracer_descriptionConfig-version.cmake
[0.340s] -- Symlinking: /home/timi/ros2_ws/install/jetracer_description/share/jetracer_description/package.xml
[0.348s] Invoked command in '/home/timi/ros2_ws/build/jetracer_description' returned '0': CMAKE_PREFIX_PATH=${CMAKE_PREFIX_PATH}:/opt/ros/humble /usr/bin/cmake --install /home/timi/ros2_ws/build/jetracer_description
