[0.056s] DEBUG:colcon:Command line arguments: ['/usr/bin/colcon', 'build']
[0.056s] DEBUG:colcon:Parsed command line arguments: Namespace(log_base=None, log_level=None, verb_name='build', build_base='build', install_base='install', merge_install=False, symlink_install=False, test_result_base=None, continue_on_error=False, executor='parallel', parallel_workers=20, event_handlers=None, ignore_user_meta=False, metas=['./colcon.meta'], base_paths=['.'], packages_ignore=None, packages_ignore_regex=None, paths=None, packages_up_to=None, packages_up_to_regex=None, packages_above=None, packages_above_and_dependencies=None, packages_above_depth=None, packages_select_by_dep=None, packages_skip_by_dep=None, packages_skip_up_to=None, packages_select_build_failed=False, packages_skip_build_finished=False, packages_select_test_failures=False, packages_skip_test_passed=False, packages_select=None, packages_skip=None, packages_select_regex=None, packages_skip_regex=None, packages_start=None, packages_end=None, allow_overriding=[], cmake_args=None, cmake_target=None, cmake_target_skip_unavailable=False, cmake_clean_cache=False, cmake_clean_first=False, cmake_force_configure=False, ament_cmake_args=None, catkin_cmake_args=None, catkin_skip_building_tests=False, mixin_files=None, mixin=None, verb_parser=<colcon_mixin.mixin.mixin_argument.MixinArgumentDecorator object at 0x7be96fc569b0>, verb_extension=<colcon_core.verb.build.BuildVerb object at 0x7be96fc564a0>, main=<bound method BuildVerb.main of <colcon_core.verb.build.BuildVerb object at 0x7be96fc564a0>>, mixin_verb=('build',))
[0.153s] Level 1:colcon.colcon_core.package_discovery:discover_packages(colcon_meta) check parameters
[0.153s] Level 1:colcon.colcon_core.package_discovery:discover_packages(recursive) check parameters
[0.153s] Level 1:colcon.colcon_core.package_discovery:discover_packages(ignore) check parameters
[0.153s] Level 1:colcon.colcon_core.package_discovery:discover_packages(path) check parameters
[0.153s] Level 1:colcon.colcon_core.package_discovery:discover_packages(colcon_meta) discover
[0.153s] Level 1:colcon.colcon_core.package_discovery:discover_packages(recursive) discover
[0.153s] INFO:colcon.colcon_core.package_discovery:Crawling recursively for packages in '/home/timi/ros2_ws'
[0.153s] Level 1:colcon.colcon_core.package_identification:_identify(.) by extensions ['ignore', 'ignore_ament_install']
[0.153s] Level 1:colcon.colcon_core.package_identification:_identify(.) by extension 'ignore'
[0.153s] Level 1:colcon.colcon_core.package_identification:_identify(.) by extension 'ignore_ament_install'
[0.153s] Level 1:colcon.colcon_core.package_identification:_identify(.) by extensions ['colcon_pkg']
[0.153s] Level 1:colcon.colcon_core.package_identification:_identify(.) by extension 'colcon_pkg'
[0.153s] Level 1:colcon.colcon_core.package_identification:_identify(.) by extensions ['colcon_meta']
[0.153s] Level 1:colcon.colcon_core.package_identification:_identify(.) by extension 'colcon_meta'
[0.153s] Level 1:colcon.colcon_core.package_identification:_identify(.) by extensions ['ros']
[0.153s] Level 1:colcon.colcon_core.package_identification:_identify(.) by extension 'ros'
[0.164s] Level 1:colcon.colcon_core.package_identification:_identify(.) by extensions ['cmake', 'python']
[0.164s] Level 1:colcon.colcon_core.package_identification:_identify(.) by extension 'cmake'
[0.164s] Level 1:colcon.colcon_core.package_identification:_identify(.) by extension 'python'
[0.164s] Level 1:colcon.colcon_core.package_identification:_identify(.) by extensions ['python_setup_py']
[0.164s] Level 1:colcon.colcon_core.package_identification:_identify(.) by extension 'python_setup_py'
[0.164s] Level 1:colcon.colcon_core.package_identification:_identify(build) by extensions ['ignore', 'ignore_ament_install']
[0.164s] Level 1:colcon.colcon_core.package_identification:_identify(build) by extension 'ignore'
[0.164s] Level 1:colcon.colcon_core.package_identification:_identify(build) ignored
[0.164s] Level 1:colcon.colcon_core.package_identification:_identify(install) by extensions ['ignore', 'ignore_ament_install']
[0.164s] Level 1:colcon.colcon_core.package_identification:_identify(install) by extension 'ignore'
[0.165s] Level 1:colcon.colcon_core.package_identification:_identify(install) ignored
[0.165s] Level 1:colcon.colcon_core.package_identification:_identify(log) by extensions ['ignore', 'ignore_ament_install']
[0.165s] Level 1:colcon.colcon_core.package_identification:_identify(log) by extension 'ignore'
[0.165s] Level 1:colcon.colcon_core.package_identification:_identify(log) ignored
[0.165s] Level 1:colcon.colcon_core.package_identification:_identify(src) by extensions ['ignore', 'ignore_ament_install']
[0.165s] Level 1:colcon.colcon_core.package_identification:_identify(src) by extension 'ignore'
[0.165s] Level 1:colcon.colcon_core.package_identification:_identify(src) by extension 'ignore_ament_install'
[0.165s] Level 1:colcon.colcon_core.package_identification:_identify(src) by extensions ['colcon_pkg']
[0.165s] Level 1:colcon.colcon_core.package_identification:_identify(src) by extension 'colcon_pkg'
[0.165s] Level 1:colcon.colcon_core.package_identification:_identify(src) by extensions ['colcon_meta']
[0.165s] Level 1:colcon.colcon_core.package_identification:_identify(src) by extension 'colcon_meta'
[0.165s] Level 1:colcon.colcon_core.package_identification:_identify(src) by extensions ['ros']
[0.165s] Level 1:colcon.colcon_core.package_identification:_identify(src) by extension 'ros'
[0.165s] Level 1:colcon.colcon_core.package_identification:_identify(src) by extensions ['cmake', 'python']
[0.165s] Level 1:colcon.colcon_core.package_identification:_identify(src) by extension 'cmake'
[0.165s] Level 1:colcon.colcon_core.package_identification:_identify(src) by extension 'python'
[0.165s] Level 1:colcon.colcon_core.package_identification:_identify(src) by extensions ['python_setup_py']
[0.165s] Level 1:colcon.colcon_core.package_identification:_identify(src) by extension 'python_setup_py'
[0.165s] Level 1:colcon.colcon_core.package_identification:_identify(src/jetracer_bringup) by extensions ['ignore', 'ignore_ament_install']
[0.165s] Level 1:colcon.colcon_core.package_identification:_identify(src/jetracer_bringup) by extension 'ignore'
[0.165s] Level 1:colcon.colcon_core.package_identification:_identify(src/jetracer_bringup) by extension 'ignore_ament_install'
[0.165s] Level 1:colcon.colcon_core.package_identification:_identify(src/jetracer_bringup) by extensions ['colcon_pkg']
[0.165s] Level 1:colcon.colcon_core.package_identification:_identify(src/jetracer_bringup) by extension 'colcon_pkg'
[0.165s] Level 1:colcon.colcon_core.package_identification:_identify(src/jetracer_bringup) by extensions ['colcon_meta']
[0.165s] Level 1:colcon.colcon_core.package_identification:_identify(src/jetracer_bringup) by extension 'colcon_meta'
[0.165s] Level 1:colcon.colcon_core.package_identification:_identify(src/jetracer_bringup) by extensions ['ros']
[0.165s] Level 1:colcon.colcon_core.package_identification:_identify(src/jetracer_bringup) by extension 'ros'
[0.166s] DEBUG:colcon.colcon_core.package_identification:Package 'src/jetracer_bringup' with type 'ros.ament_cmake' and name 'jetracer_bringup'
[0.167s] Level 1:colcon.colcon_core.package_identification:_identify(src/jetracer_description) by extensions ['ignore', 'ignore_ament_install']
[0.167s] Level 1:colcon.colcon_core.package_identification:_identify(src/jetracer_description) by extension 'ignore'
[0.167s] Level 1:colcon.colcon_core.package_identification:_identify(src/jetracer_description) by extension 'ignore_ament_install'
[0.167s] Level 1:colcon.colcon_core.package_identification:_identify(src/jetracer_description) by extensions ['colcon_pkg']
[0.167s] Level 1:colcon.colcon_core.package_identification:_identify(src/jetracer_description) by extension 'colcon_pkg'
[0.167s] Level 1:colcon.colcon_core.package_identification:_identify(src/jetracer_description) by extensions ['colcon_meta']
[0.167s] Level 1:colcon.colcon_core.package_identification:_identify(src/jetracer_description) by extension 'colcon_meta'
[0.167s] Level 1:colcon.colcon_core.package_identification:_identify(src/jetracer_description) by extensions ['ros']
[0.167s] Level 1:colcon.colcon_core.package_identification:_identify(src/jetracer_description) by extension 'ros'
[0.167s] DEBUG:colcon.colcon_core.package_identification:Package 'src/jetracer_description' with type 'ros.ament_cmake' and name 'jetracer_description'
[0.167s] Level 1:colcon.colcon_core.package_identification:_identify(src/my_robot_bringup) by extensions ['ignore', 'ignore_ament_install']
[0.167s] Level 1:colcon.colcon_core.package_identification:_identify(src/my_robot_bringup) by extension 'ignore'
[0.167s] Level 1:colcon.colcon_core.package_identification:_identify(src/my_robot_bringup) by extension 'ignore_ament_install'
[0.167s] Level 1:colcon.colcon_core.package_identification:_identify(src/my_robot_bringup) by extensions ['colcon_pkg']
[0.167s] Level 1:colcon.colcon_core.package_identification:_identify(src/my_robot_bringup) by extension 'colcon_pkg'
[0.167s] Level 1:colcon.colcon_core.package_identification:_identify(src/my_robot_bringup) by extensions ['colcon_meta']
[0.167s] Level 1:colcon.colcon_core.package_identification:_identify(src/my_robot_bringup) by extension 'colcon_meta'
[0.167s] Level 1:colcon.colcon_core.package_identification:_identify(src/my_robot_bringup) by extensions ['ros']
[0.167s] Level 1:colcon.colcon_core.package_identification:_identify(src/my_robot_bringup) by extension 'ros'
[0.167s] DEBUG:colcon.colcon_core.package_identification:Package 'src/my_robot_bringup' with type 'ros.ament_cmake' and name 'my_robot_bringup'
[0.167s] Level 1:colcon.colcon_core.package_identification:_identify(src/my_robot_description) by extensions ['ignore', 'ignore_ament_install']
[0.168s] Level 1:colcon.colcon_core.package_identification:_identify(src/my_robot_description) by extension 'ignore'
[0.168s] Level 1:colcon.colcon_core.package_identification:_identify(src/my_robot_description) by extension 'ignore_ament_install'
[0.168s] Level 1:colcon.colcon_core.package_identification:_identify(src/my_robot_description) by extensions ['colcon_pkg']
[0.168s] Level 1:colcon.colcon_core.package_identification:_identify(src/my_robot_description) by extension 'colcon_pkg'
[0.168s] Level 1:colcon.colcon_core.package_identification:_identify(src/my_robot_description) by extensions ['colcon_meta']
[0.168s] Level 1:colcon.colcon_core.package_identification:_identify(src/my_robot_description) by extension 'colcon_meta'
[0.168s] Level 1:colcon.colcon_core.package_identification:_identify(src/my_robot_description) by extensions ['ros']
[0.168s] Level 1:colcon.colcon_core.package_identification:_identify(src/my_robot_description) by extension 'ros'
[0.168s] DEBUG:colcon.colcon_core.package_identification:Package 'src/my_robot_description' with type 'ros.ament_cmake' and name 'my_robot_description'
[0.168s] Level 1:colcon.colcon_core.package_discovery:discover_packages(recursive) using defaults
[0.168s] Level 1:colcon.colcon_core.package_discovery:discover_packages(ignore) discover
[0.168s] Level 1:colcon.colcon_core.package_discovery:discover_packages(ignore) using defaults
[0.168s] Level 1:colcon.colcon_core.package_discovery:discover_packages(path) discover
[0.168s] Level 1:colcon.colcon_core.package_discovery:discover_packages(path) using defaults
[0.178s] Level 1:colcon.colcon_core.package_discovery:discover_packages(prefix_path) check parameters
[0.178s] Level 1:colcon.colcon_core.package_discovery:discover_packages(prefix_path) discover
[0.179s] DEBUG:colcon.colcon_installed_package_information.package_discovery:Found 4 installed packages in /home/timi/ros2_ws/install
[0.180s] DEBUG:colcon.colcon_installed_package_information.package_discovery:Found 417 installed packages in /opt/ros/humble
[0.182s] Level 1:colcon.colcon_core.package_discovery:discover_packages(prefix_path) using defaults
[0.207s] Level 5:colcon.colcon_core.verb:set package 'jetracer_bringup' build argument 'cmake_args' from command line to 'None'
[0.207s] Level 5:colcon.colcon_core.verb:set package 'jetracer_bringup' build argument 'cmake_target' from command line to 'None'
[0.207s] Level 5:colcon.colcon_core.verb:set package 'jetracer_bringup' build argument 'cmake_target_skip_unavailable' from command line to 'False'
[0.207s] Level 5:colcon.colcon_core.verb:set package 'jetracer_bringup' build argument 'cmake_clean_cache' from command line to 'False'
[0.207s] Level 5:colcon.colcon_core.verb:set package 'jetracer_bringup' build argument 'cmake_clean_first' from command line to 'False'
[0.207s] Level 5:colcon.colcon_core.verb:set package 'jetracer_bringup' build argument 'cmake_force_configure' from command line to 'False'
[0.207s] Level 5:colcon.colcon_core.verb:set package 'jetracer_bringup' build argument 'ament_cmake_args' from command line to 'None'
[0.207s] Level 5:colcon.colcon_core.verb:set package 'jetracer_bringup' build argument 'catkin_cmake_args' from command line to 'None'
[0.207s] Level 5:colcon.colcon_core.verb:set package 'jetracer_bringup' build argument 'catkin_skip_building_tests' from command line to 'False'
[0.207s] DEBUG:colcon.colcon_core.verb:Building package 'jetracer_bringup' with the following arguments: {'ament_cmake_args': None, 'build_base': '/home/timi/ros2_ws/build/jetracer_bringup', 'catkin_cmake_args': None, 'catkin_skip_building_tests': False, 'cmake_args': None, 'cmake_clean_cache': False, 'cmake_clean_first': False, 'cmake_force_configure': False, 'cmake_target': None, 'cmake_target_skip_unavailable': False, 'install_base': '/home/timi/ros2_ws/install/jetracer_bringup', 'merge_install': False, 'path': '/home/timi/ros2_ws/src/jetracer_bringup', 'symlink_install': False, 'test_result_base': None}
[0.207s] Level 5:colcon.colcon_core.verb:set package 'jetracer_description' build argument 'cmake_args' from command line to 'None'
[0.207s] Level 5:colcon.colcon_core.verb:set package 'jetracer_description' build argument 'cmake_target' from command line to 'None'
[0.207s] Level 5:colcon.colcon_core.verb:set package 'jetracer_description' build argument 'cmake_target_skip_unavailable' from command line to 'False'
[0.207s] Level 5:colcon.colcon_core.verb:set package 'jetracer_description' build argument 'cmake_clean_cache' from command line to 'False'
[0.207s] Level 5:colcon.colcon_core.verb:set package 'jetracer_description' build argument 'cmake_clean_first' from command line to 'False'
[0.207s] Level 5:colcon.colcon_core.verb:set package 'jetracer_description' build argument 'cmake_force_configure' from command line to 'False'
[0.207s] Level 5:colcon.colcon_core.verb:set package 'jetracer_description' build argument 'ament_cmake_args' from command line to 'None'
[0.207s] Level 5:colcon.colcon_core.verb:set package 'jetracer_description' build argument 'catkin_cmake_args' from command line to 'None'
[0.207s] Level 5:colcon.colcon_core.verb:set package 'jetracer_description' build argument 'catkin_skip_building_tests' from command line to 'False'
[0.207s] DEBUG:colcon.colcon_core.verb:Building package 'jetracer_description' with the following arguments: {'ament_cmake_args': None, 'build_base': '/home/timi/ros2_ws/build/jetracer_description', 'catkin_cmake_args': None, 'catkin_skip_building_tests': False, 'cmake_args': None, 'cmake_clean_cache': False, 'cmake_clean_first': False, 'cmake_force_configure': False, 'cmake_target': None, 'cmake_target_skip_unavailable': False, 'install_base': '/home/timi/ros2_ws/install/jetracer_description', 'merge_install': False, 'path': '/home/timi/ros2_ws/src/jetracer_description', 'symlink_install': False, 'test_result_base': None}
[0.208s] Level 5:colcon.colcon_core.verb:set package 'my_robot_bringup' build argument 'cmake_args' from command line to 'None'
[0.208s] Level 5:colcon.colcon_core.verb:set package 'my_robot_bringup' build argument 'cmake_target' from command line to 'None'
[0.208s] Level 5:colcon.colcon_core.verb:set package 'my_robot_bringup' build argument 'cmake_target_skip_unavailable' from command line to 'False'
[0.208s] Level 5:colcon.colcon_core.verb:set package 'my_robot_bringup' build argument 'cmake_clean_cache' from command line to 'False'
[0.208s] Level 5:colcon.colcon_core.verb:set package 'my_robot_bringup' build argument 'cmake_clean_first' from command line to 'False'
[0.208s] Level 5:colcon.colcon_core.verb:set package 'my_robot_bringup' build argument 'cmake_force_configure' from command line to 'False'
[0.208s] Level 5:colcon.colcon_core.verb:set package 'my_robot_bringup' build argument 'ament_cmake_args' from command line to 'None'
[0.208s] Level 5:colcon.colcon_core.verb:set package 'my_robot_bringup' build argument 'catkin_cmake_args' from command line to 'None'
[0.208s] Level 5:colcon.colcon_core.verb:set package 'my_robot_bringup' build argument 'catkin_skip_building_tests' from command line to 'False'
[0.208s] DEBUG:colcon.colcon_core.verb:Building package 'my_robot_bringup' with the following arguments: {'ament_cmake_args': None, 'build_base': '/home/timi/ros2_ws/build/my_robot_bringup', 'catkin_cmake_args': None, 'catkin_skip_building_tests': False, 'cmake_args': None, 'cmake_clean_cache': False, 'cmake_clean_first': False, 'cmake_force_configure': False, 'cmake_target': None, 'cmake_target_skip_unavailable': False, 'install_base': '/home/timi/ros2_ws/install/my_robot_bringup', 'merge_install': False, 'path': '/home/timi/ros2_ws/src/my_robot_bringup', 'symlink_install': False, 'test_result_base': None}
[0.208s] Level 5:colcon.colcon_core.verb:set package 'my_robot_description' build argument 'cmake_args' from command line to 'None'
[0.208s] Level 5:colcon.colcon_core.verb:set package 'my_robot_description' build argument 'cmake_target' from command line to 'None'
[0.208s] Level 5:colcon.colcon_core.verb:set package 'my_robot_description' build argument 'cmake_target_skip_unavailable' from command line to 'False'
[0.208s] Level 5:colcon.colcon_core.verb:set package 'my_robot_description' build argument 'cmake_clean_cache' from command line to 'False'
[0.208s] Level 5:colcon.colcon_core.verb:set package 'my_robot_description' build argument 'cmake_clean_first' from command line to 'False'
[0.208s] Level 5:colcon.colcon_core.verb:set package 'my_robot_description' build argument 'cmake_force_configure' from command line to 'False'
[0.208s] Level 5:colcon.colcon_core.verb:set package 'my_robot_description' build argument 'ament_cmake_args' from command line to 'None'
[0.208s] Level 5:colcon.colcon_core.verb:set package 'my_robot_description' build argument 'catkin_cmake_args' from command line to 'None'
[0.208s] Level 5:colcon.colcon_core.verb:set package 'my_robot_description' build argument 'catkin_skip_building_tests' from command line to 'False'
[0.208s] DEBUG:colcon.colcon_core.verb:Building package 'my_robot_description' with the following arguments: {'ament_cmake_args': None, 'build_base': '/home/timi/ros2_ws/build/my_robot_description', 'catkin_cmake_args': None, 'catkin_skip_building_tests': False, 'cmake_args': None, 'cmake_clean_cache': False, 'cmake_clean_first': False, 'cmake_force_configure': False, 'cmake_target': None, 'cmake_target_skip_unavailable': False, 'install_base': '/home/timi/ros2_ws/install/my_robot_description', 'merge_install': False, 'path': '/home/timi/ros2_ws/src/my_robot_description', 'symlink_install': False, 'test_result_base': None}
[0.208s] INFO:colcon.colcon_core.executor:Executing jobs using 'parallel' executor
[0.209s] DEBUG:colcon.colcon_parallel_executor.executor.parallel:run_until_complete
[0.209s] INFO:colcon.colcon_ros.task.ament_cmake.build:Building ROS package in '/home/timi/ros2_ws/src/jetracer_bringup' with build type 'ament_cmake'
[0.209s] INFO:colcon.colcon_cmake.task.cmake.build:Building CMake package in '/home/timi/ros2_ws/src/jetracer_bringup'
[0.210s] INFO:colcon.colcon_core.plugin_system:Skipping extension 'colcon_core.shell.bat': Not used on non-Windows systems
[0.210s] INFO:colcon.colcon_core.shell:Skip shell extension 'powershell' for command environment: Not usable outside of PowerShell
[0.210s] DEBUG:colcon.colcon_core.shell:Skip shell extension 'dsv' for command environment
[0.212s] INFO:colcon.colcon_ros.task.ament_cmake.build:Building ROS package in '/home/timi/ros2_ws/src/jetracer_description' with build type 'ament_cmake'
[0.213s] INFO:colcon.colcon_cmake.task.cmake.build:Building CMake package in '/home/timi/ros2_ws/src/jetracer_description'
[0.213s] INFO:colcon.colcon_core.shell:Skip shell extension 'powershell' for command environment: Not usable outside of PowerShell
[0.213s] DEBUG:colcon.colcon_core.shell:Skip shell extension 'dsv' for command environment
[0.215s] INFO:colcon.colcon_ros.task.ament_cmake.build:Building ROS package in '/home/timi/ros2_ws/src/my_robot_bringup' with build type 'ament_cmake'
[0.215s] INFO:colcon.colcon_cmake.task.cmake.build:Building CMake package in '/home/timi/ros2_ws/src/my_robot_bringup'
[0.215s] INFO:colcon.colcon_core.shell:Skip shell extension 'powershell' for command environment: Not usable outside of PowerShell
[0.215s] DEBUG:colcon.colcon_core.shell:Skip shell extension 'dsv' for command environment
[0.217s] INFO:colcon.colcon_ros.task.ament_cmake.build:Building ROS package in '/home/timi/ros2_ws/src/my_robot_description' with build type 'ament_cmake'
[0.217s] INFO:colcon.colcon_cmake.task.cmake.build:Building CMake package in '/home/timi/ros2_ws/src/my_robot_description'
[0.217s] INFO:colcon.colcon_core.shell:Skip shell extension 'powershell' for command environment: Not usable outside of PowerShell
[0.217s] DEBUG:colcon.colcon_core.shell:Skip shell extension 'dsv' for command environment
[0.223s] DEBUG:colcon.colcon_core.event_handler.log_command:Invoking command in '/home/timi/ros2_ws/build/jetracer_bringup': CMAKE_PREFIX_PATH=${CMAKE_PREFIX_PATH}:/opt/ros/humble /usr/bin/cmake --build /home/timi/ros2_ws/build/jetracer_bringup -- -j20 -l20
[0.224s] DEBUG:colcon.colcon_core.event_handler.log_command:Invoking command in '/home/timi/ros2_ws/build/jetracer_description': CMAKE_PREFIX_PATH=${CMAKE_PREFIX_PATH}:/opt/ros/humble /usr/bin/cmake --build /home/timi/ros2_ws/build/jetracer_description -- -j20 -l20
[0.225s] DEBUG:colcon.colcon_core.event_handler.log_command:Invoking command in '/home/timi/ros2_ws/build/my_robot_bringup': CMAKE_PREFIX_PATH=${CMAKE_PREFIX_PATH}:/opt/ros/humble /usr/bin/cmake --build /home/timi/ros2_ws/build/my_robot_bringup -- -j20 -l20
[0.227s] DEBUG:colcon.colcon_core.event_handler.log_command:Invoking command in '/home/timi/ros2_ws/build/my_robot_description': CMAKE_PREFIX_PATH=${CMAKE_PREFIX_PATH}:/opt/ros/humble /usr/bin/cmake --build /home/timi/ros2_ws/build/my_robot_description -- -j20 -l20
[0.251s] DEBUG:colcon.colcon_core.event_handler.log_command:Invoked command in '/home/timi/ros2_ws/build/my_robot_description' returned '0': CMAKE_PREFIX_PATH=${CMAKE_PREFIX_PATH}:/opt/ros/humble /usr/bin/cmake --build /home/timi/ros2_ws/build/my_robot_description -- -j20 -l20
[0.259s] DEBUG:colcon.colcon_core.event_handler.log_command:Invoking command in '/home/timi/ros2_ws/build/my_robot_description': CMAKE_PREFIX_PATH=${CMAKE_PREFIX_PATH}:/opt/ros/humble /usr/bin/cmake --install /home/timi/ros2_ws/build/my_robot_description
[0.260s] DEBUG:colcon.colcon_core.event_handler.log_command:Invoked command in '/home/timi/ros2_ws/build/jetracer_description' returned '0': CMAKE_PREFIX_PATH=${CMAKE_PREFIX_PATH}:/opt/ros/humble /usr/bin/cmake --build /home/timi/ros2_ws/build/jetracer_description -- -j20 -l20
[0.261s] DEBUG:colcon.colcon_core.event_handler.log_command:Invoking command in '/home/timi/ros2_ws/build/jetracer_description': CMAKE_PREFIX_PATH=${CMAKE_PREFIX_PATH}:/opt/ros/humble /usr/bin/cmake --install /home/timi/ros2_ws/build/jetracer_description
[0.261s] DEBUG:colcon.colcon_core.event_handler.log_command:Invoked command in '/home/timi/ros2_ws/build/jetracer_bringup' returned '0': CMAKE_PREFIX_PATH=${CMAKE_PREFIX_PATH}:/opt/ros/humble /usr/bin/cmake --build /home/timi/ros2_ws/build/jetracer_bringup -- -j20 -l20
[0.261s] DEBUG:colcon.colcon_core.event_handler.log_command:Invoking command in '/home/timi/ros2_ws/build/jetracer_bringup': CMAKE_PREFIX_PATH=${CMAKE_PREFIX_PATH}:/opt/ros/humble /usr/bin/cmake --install /home/timi/ros2_ws/build/jetracer_bringup
[0.262s] DEBUG:colcon.colcon_core.event_handler.log_command:Invoked command in '/home/timi/ros2_ws/build/my_robot_bringup' returned '0': CMAKE_PREFIX_PATH=${CMAKE_PREFIX_PATH}:/opt/ros/humble /usr/bin/cmake --build /home/timi/ros2_ws/build/my_robot_bringup -- -j20 -l20
[0.263s] DEBUG:colcon.colcon_core.event_handler.log_command:Invoking command in '/home/timi/ros2_ws/build/my_robot_bringup': CMAKE_PREFIX_PATH=${CMAKE_PREFIX_PATH}:/opt/ros/humble /usr/bin/cmake --install /home/timi/ros2_ws/build/my_robot_bringup
[0.272s] Level 1:colcon.colcon_core.environment:create_environment_scripts_only(my_robot_description)
[0.273s] DEBUG:colcon.colcon_core.event_handler.log_command:Invoked command in '/home/timi/ros2_ws/build/my_robot_description' returned '0': CMAKE_PREFIX_PATH=${CMAKE_PREFIX_PATH}:/opt/ros/humble /usr/bin/cmake --install /home/timi/ros2_ws/build/my_robot_description
[0.274s] Level 1:colcon.colcon_core.environment:checking '/home/timi/ros2_ws/install/my_robot_description' for CMake module files
[0.275s] Level 1:colcon.colcon_core.environment:checking '/home/timi/ros2_ws/install/my_robot_description' for CMake config files
[0.275s] Level 1:colcon.colcon_core.shell:create_environment_hook('my_robot_description', 'cmake_prefix_path')
[0.275s] INFO:colcon.colcon_core.shell:Creating environment hook '/home/timi/ros2_ws/install/my_robot_description/share/my_robot_description/hook/cmake_prefix_path.ps1'
[0.276s] INFO:colcon.colcon_core.shell:Creating environment descriptor '/home/timi/ros2_ws/install/my_robot_description/share/my_robot_description/hook/cmake_prefix_path.dsv'
[0.276s] INFO:colcon.colcon_core.shell:Creating environment hook '/home/timi/ros2_ws/install/my_robot_description/share/my_robot_description/hook/cmake_prefix_path.sh'
[0.277s] Level 1:colcon.colcon_core.environment:checking '/home/timi/ros2_ws/install/my_robot_description/bin'
[0.277s] Level 1:colcon.colcon_core.environment:checking '/home/timi/ros2_ws/install/my_robot_description/lib/pkgconfig/my_robot_description.pc'
[0.277s] Level 1:colcon.colcon_core.environment:checking '/home/timi/ros2_ws/install/my_robot_description/lib/python3.10/site-packages'
[0.277s] Level 1:colcon.colcon_core.environment:checking '/home/timi/ros2_ws/install/my_robot_description/bin'
[0.278s] INFO:colcon.colcon_core.shell:Creating package script '/home/timi/ros2_ws/install/my_robot_description/share/my_robot_description/package.ps1'
[0.278s] INFO:colcon.colcon_core.shell:Creating package descriptor '/home/timi/ros2_ws/install/my_robot_description/share/my_robot_description/package.dsv'
[0.278s] INFO:colcon.colcon_core.shell:Creating package script '/home/timi/ros2_ws/install/my_robot_description/share/my_robot_description/package.sh'
[0.279s] INFO:colcon.colcon_core.shell:Creating package script '/home/timi/ros2_ws/install/my_robot_description/share/my_robot_description/package.bash'
[0.279s] INFO:colcon.colcon_core.shell:Creating package script '/home/timi/ros2_ws/install/my_robot_description/share/my_robot_description/package.zsh'
[0.280s] Level 1:colcon.colcon_core.environment:create_file_with_runtime_dependencies(/home/timi/ros2_ws/install/my_robot_description/share/colcon-core/packages/my_robot_description)
[0.280s] Level 1:colcon.colcon_core.environment:create_environment_scripts_only(my_robot_description)
[0.280s] Level 1:colcon.colcon_core.environment:checking '/home/timi/ros2_ws/install/my_robot_description' for CMake module files
[0.280s] Level 1:colcon.colcon_core.environment:checking '/home/timi/ros2_ws/install/my_robot_description' for CMake config files
[0.280s] Level 1:colcon.colcon_core.shell:create_environment_hook('my_robot_description', 'cmake_prefix_path')
[0.280s] INFO:colcon.colcon_core.shell:Creating environment hook '/home/timi/ros2_ws/install/my_robot_description/share/my_robot_description/hook/cmake_prefix_path.ps1'
[0.281s] INFO:colcon.colcon_core.shell:Creating environment descriptor '/home/timi/ros2_ws/install/my_robot_description/share/my_robot_description/hook/cmake_prefix_path.dsv'
[0.281s] INFO:colcon.colcon_core.shell:Creating environment hook '/home/timi/ros2_ws/install/my_robot_description/share/my_robot_description/hook/cmake_prefix_path.sh'
[0.281s] Level 1:colcon.colcon_core.environment:checking '/home/timi/ros2_ws/install/my_robot_description/bin'
[0.281s] Level 1:colcon.colcon_core.environment:checking '/home/timi/ros2_ws/install/my_robot_description/lib/pkgconfig/my_robot_description.pc'
[0.281s] Level 1:colcon.colcon_core.environment:checking '/home/timi/ros2_ws/install/my_robot_description/lib/python3.10/site-packages'
[0.281s] Level 1:colcon.colcon_core.environment:checking '/home/timi/ros2_ws/install/my_robot_description/bin'
[0.282s] INFO:colcon.colcon_core.shell:Creating package script '/home/timi/ros2_ws/install/my_robot_description/share/my_robot_description/package.ps1'
[0.282s] INFO:colcon.colcon_core.shell:Creating package descriptor '/home/timi/ros2_ws/install/my_robot_description/share/my_robot_description/package.dsv'
[0.282s] INFO:colcon.colcon_core.shell:Creating package script '/home/timi/ros2_ws/install/my_robot_description/share/my_robot_description/package.sh'
[0.282s] INFO:colcon.colcon_core.shell:Creating package script '/home/timi/ros2_ws/install/my_robot_description/share/my_robot_description/package.bash'
[0.282s] INFO:colcon.colcon_core.shell:Creating package script '/home/timi/ros2_ws/install/my_robot_description/share/my_robot_description/package.zsh'
[0.283s] Level 1:colcon.colcon_core.environment:create_file_with_runtime_dependencies(/home/timi/ros2_ws/install/my_robot_description/share/colcon-core/packages/my_robot_description)
[0.284s] Level 1:colcon.colcon_core.environment:create_environment_scripts_only(jetracer_bringup)
[0.284s] Level 1:colcon.colcon_core.environment:checking '/home/timi/ros2_ws/install/jetracer_bringup' for CMake module files
[0.284s] DEBUG:colcon.colcon_core.event_handler.log_command:Invoked command in '/home/timi/ros2_ws/build/jetracer_bringup' returned '0': CMAKE_PREFIX_PATH=${CMAKE_PREFIX_PATH}:/opt/ros/humble /usr/bin/cmake --install /home/timi/ros2_ws/build/jetracer_bringup
[0.284s] Level 1:colcon.colcon_core.environment:checking '/home/timi/ros2_ws/install/jetracer_bringup' for CMake config files
[0.284s] Level 1:colcon.colcon_core.shell:create_environment_hook('jetracer_bringup', 'cmake_prefix_path')
[0.285s] INFO:colcon.colcon_core.shell:Creating environment hook '/home/timi/ros2_ws/install/jetracer_bringup/share/jetracer_bringup/hook/cmake_prefix_path.ps1'
[0.285s] INFO:colcon.colcon_core.shell:Creating environment descriptor '/home/timi/ros2_ws/install/jetracer_bringup/share/jetracer_bringup/hook/cmake_prefix_path.dsv'
[0.285s] INFO:colcon.colcon_core.shell:Creating environment hook '/home/timi/ros2_ws/install/jetracer_bringup/share/jetracer_bringup/hook/cmake_prefix_path.sh'
[0.285s] Level 1:colcon.colcon_core.environment:checking '/home/timi/ros2_ws/install/jetracer_bringup/bin'
[0.285s] Level 1:colcon.colcon_core.environment:checking '/home/timi/ros2_ws/install/jetracer_bringup/lib/pkgconfig/jetracer_bringup.pc'
[0.285s] Level 1:colcon.colcon_core.environment:checking '/home/timi/ros2_ws/install/jetracer_bringup/lib/python3.10/site-packages'
[0.286s] Level 1:colcon.colcon_core.environment:checking '/home/timi/ros2_ws/install/jetracer_bringup/bin'
[0.286s] INFO:colcon.colcon_core.shell:Creating package script '/home/timi/ros2_ws/install/jetracer_bringup/share/jetracer_bringup/package.ps1'
[0.286s] INFO:colcon.colcon_core.shell:Creating package descriptor '/home/timi/ros2_ws/install/jetracer_bringup/share/jetracer_bringup/package.dsv'
[0.286s] INFO:colcon.colcon_core.shell:Creating package script '/home/timi/ros2_ws/install/jetracer_bringup/share/jetracer_bringup/package.sh'
[0.286s] INFO:colcon.colcon_core.shell:Creating package script '/home/timi/ros2_ws/install/jetracer_bringup/share/jetracer_bringup/package.bash'
[0.287s] INFO:colcon.colcon_core.shell:Creating package script '/home/timi/ros2_ws/install/jetracer_bringup/share/jetracer_bringup/package.zsh'
[0.287s] Level 1:colcon.colcon_core.environment:create_file_with_runtime_dependencies(/home/timi/ros2_ws/install/jetracer_bringup/share/colcon-core/packages/jetracer_bringup)
[0.287s] Level 1:colcon.colcon_core.environment:create_environment_scripts_only(jetracer_bringup)
[0.287s] Level 1:colcon.colcon_core.environment:checking '/home/timi/ros2_ws/install/jetracer_bringup' for CMake module files
[0.287s] Level 1:colcon.colcon_core.environment:checking '/home/timi/ros2_ws/install/jetracer_bringup' for CMake config files
[0.287s] Level 1:colcon.colcon_core.shell:create_environment_hook('jetracer_bringup', 'cmake_prefix_path')
[0.288s] INFO:colcon.colcon_core.shell:Creating environment hook '/home/timi/ros2_ws/install/jetracer_bringup/share/jetracer_bringup/hook/cmake_prefix_path.ps1'
[0.288s] INFO:colcon.colcon_core.shell:Creating environment descriptor '/home/timi/ros2_ws/install/jetracer_bringup/share/jetracer_bringup/hook/cmake_prefix_path.dsv'
[0.288s] INFO:colcon.colcon_core.shell:Creating environment hook '/home/timi/ros2_ws/install/jetracer_bringup/share/jetracer_bringup/hook/cmake_prefix_path.sh'
[0.288s] Level 1:colcon.colcon_core.environment:checking '/home/timi/ros2_ws/install/jetracer_bringup/bin'
[0.288s] Level 1:colcon.colcon_core.environment:checking '/home/timi/ros2_ws/install/jetracer_bringup/lib/pkgconfig/jetracer_bringup.pc'
[0.288s] Level 1:colcon.colcon_core.environment:checking '/home/timi/ros2_ws/install/jetracer_bringup/lib/python3.10/site-packages'
[0.288s] Level 1:colcon.colcon_core.environment:checking '/home/timi/ros2_ws/install/jetracer_bringup/bin'
[0.289s] INFO:colcon.colcon_core.shell:Creating package script '/home/timi/ros2_ws/install/jetracer_bringup/share/jetracer_bringup/package.ps1'
[0.289s] INFO:colcon.colcon_core.shell:Creating package descriptor '/home/timi/ros2_ws/install/jetracer_bringup/share/jetracer_bringup/package.dsv'
[0.289s] INFO:colcon.colcon_core.shell:Creating package script '/home/timi/ros2_ws/install/jetracer_bringup/share/jetracer_bringup/package.sh'
[0.289s] INFO:colcon.colcon_core.shell:Creating package script '/home/timi/ros2_ws/install/jetracer_bringup/share/jetracer_bringup/package.bash'
[0.290s] INFO:colcon.colcon_core.shell:Creating package script '/home/timi/ros2_ws/install/jetracer_bringup/share/jetracer_bringup/package.zsh'
[0.290s] Level 1:colcon.colcon_core.environment:create_file_with_runtime_dependencies(/home/timi/ros2_ws/install/jetracer_bringup/share/colcon-core/packages/jetracer_bringup)
[0.290s] Level 1:colcon.colcon_core.environment:create_environment_scripts_only(jetracer_description)
[0.290s] Level 1:colcon.colcon_core.environment:checking '/home/timi/ros2_ws/install/jetracer_description' for CMake module files
[0.291s] DEBUG:colcon.colcon_core.event_handler.log_command:Invoked command in '/home/timi/ros2_ws/build/jetracer_description' returned '0': CMAKE_PREFIX_PATH=${CMAKE_PREFIX_PATH}:/opt/ros/humble /usr/bin/cmake --install /home/timi/ros2_ws/build/jetracer_description
[0.291s] Level 1:colcon.colcon_core.environment:checking '/home/timi/ros2_ws/install/jetracer_description' for CMake config files
[0.291s] Level 1:colcon.colcon_core.shell:create_environment_hook('jetracer_description', 'cmake_prefix_path')
[0.291s] INFO:colcon.colcon_core.shell:Creating environment hook '/home/timi/ros2_ws/install/jetracer_description/share/jetracer_description/hook/cmake_prefix_path.ps1'
[0.291s] INFO:colcon.colcon_core.shell:Creating environment descriptor '/home/timi/ros2_ws/install/jetracer_description/share/jetracer_description/hook/cmake_prefix_path.dsv'
[0.291s] INFO:colcon.colcon_core.shell:Creating environment hook '/home/timi/ros2_ws/install/jetracer_description/share/jetracer_description/hook/cmake_prefix_path.sh'
[0.292s] Level 1:colcon.colcon_core.environment:checking '/home/timi/ros2_ws/install/jetracer_description/bin'
[0.292s] Level 1:colcon.colcon_core.environment:checking '/home/timi/ros2_ws/install/jetracer_description/lib/pkgconfig/jetracer_description.pc'
[0.292s] Level 1:colcon.colcon_core.environment:checking '/home/timi/ros2_ws/install/jetracer_description/lib/python3.10/site-packages'
[0.292s] Level 1:colcon.colcon_core.environment:checking '/home/timi/ros2_ws/install/jetracer_description/bin'
[0.292s] INFO:colcon.colcon_core.shell:Creating package script '/home/timi/ros2_ws/install/jetracer_description/share/jetracer_description/package.ps1'
[0.292s] INFO:colcon.colcon_core.shell:Creating package descriptor '/home/timi/ros2_ws/install/jetracer_description/share/jetracer_description/package.dsv'
[0.292s] INFO:colcon.colcon_core.shell:Creating package script '/home/timi/ros2_ws/install/jetracer_description/share/jetracer_description/package.sh'
[0.293s] INFO:colcon.colcon_core.shell:Creating package script '/home/timi/ros2_ws/install/jetracer_description/share/jetracer_description/package.bash'
[0.293s] INFO:colcon.colcon_core.shell:Creating package script '/home/timi/ros2_ws/install/jetracer_description/share/jetracer_description/package.zsh'
[0.293s] Level 1:colcon.colcon_core.environment:create_file_with_runtime_dependencies(/home/timi/ros2_ws/install/jetracer_description/share/colcon-core/packages/jetracer_description)
[0.293s] Level 1:colcon.colcon_core.environment:create_environment_scripts_only(jetracer_description)
[0.293s] Level 1:colcon.colcon_core.environment:checking '/home/timi/ros2_ws/install/jetracer_description' for CMake module files
[0.294s] Level 1:colcon.colcon_core.environment:checking '/home/timi/ros2_ws/install/jetracer_description' for CMake config files
[0.294s] Level 1:colcon.colcon_core.shell:create_environment_hook('jetracer_description', 'cmake_prefix_path')
[0.294s] INFO:colcon.colcon_core.shell:Creating environment hook '/home/timi/ros2_ws/install/jetracer_description/share/jetracer_description/hook/cmake_prefix_path.ps1'
[0.294s] INFO:colcon.colcon_core.shell:Creating environment descriptor '/home/timi/ros2_ws/install/jetracer_description/share/jetracer_description/hook/cmake_prefix_path.dsv'
[0.294s] INFO:colcon.colcon_core.shell:Creating environment hook '/home/timi/ros2_ws/install/jetracer_description/share/jetracer_description/hook/cmake_prefix_path.sh'
[0.295s] Level 1:colcon.colcon_core.environment:checking '/home/timi/ros2_ws/install/jetracer_description/bin'
[0.295s] Level 1:colcon.colcon_core.environment:checking '/home/timi/ros2_ws/install/jetracer_description/lib/pkgconfig/jetracer_description.pc'
[0.295s] Level 1:colcon.colcon_core.environment:checking '/home/timi/ros2_ws/install/jetracer_description/lib/python3.10/site-packages'
[0.295s] Level 1:colcon.colcon_core.environment:checking '/home/timi/ros2_ws/install/jetracer_description/bin'
[0.295s] INFO:colcon.colcon_core.shell:Creating package script '/home/timi/ros2_ws/install/jetracer_description/share/jetracer_description/package.ps1'
[0.295s] INFO:colcon.colcon_core.shell:Creating package descriptor '/home/timi/ros2_ws/install/jetracer_description/share/jetracer_description/package.dsv'
[0.295s] INFO:colcon.colcon_core.shell:Creating package script '/home/timi/ros2_ws/install/jetracer_description/share/jetracer_description/package.sh'
[0.296s] INFO:colcon.colcon_core.shell:Creating package script '/home/timi/ros2_ws/install/jetracer_description/share/jetracer_description/package.bash'
[0.296s] INFO:colcon.colcon_core.shell:Creating package script '/home/timi/ros2_ws/install/jetracer_description/share/jetracer_description/package.zsh'
[0.296s] Level 1:colcon.colcon_core.environment:create_file_with_runtime_dependencies(/home/timi/ros2_ws/install/jetracer_description/share/colcon-core/packages/jetracer_description)
[0.296s] Level 1:colcon.colcon_core.environment:create_environment_scripts_only(my_robot_bringup)
[0.296s] Level 1:colcon.colcon_core.environment:checking '/home/timi/ros2_ws/install/my_robot_bringup' for CMake module files
[0.297s] DEBUG:colcon.colcon_core.event_handler.log_command:Invoked command in '/home/timi/ros2_ws/build/my_robot_bringup' returned '0': CMAKE_PREFIX_PATH=${CMAKE_PREFIX_PATH}:/opt/ros/humble /usr/bin/cmake --install /home/timi/ros2_ws/build/my_robot_bringup
[0.297s] Level 1:colcon.colcon_core.environment:checking '/home/timi/ros2_ws/install/my_robot_bringup' for CMake config files
[0.297s] Level 1:colcon.colcon_core.shell:create_environment_hook('my_robot_bringup', 'cmake_prefix_path')
[0.297s] INFO:colcon.colcon_core.shell:Creating environment hook '/home/timi/ros2_ws/install/my_robot_bringup/share/my_robot_bringup/hook/cmake_prefix_path.ps1'
[0.297s] INFO:colcon.colcon_core.shell:Creating environment descriptor '/home/timi/ros2_ws/install/my_robot_bringup/share/my_robot_bringup/hook/cmake_prefix_path.dsv'
[0.298s] INFO:colcon.colcon_core.shell:Creating environment hook '/home/timi/ros2_ws/install/my_robot_bringup/share/my_robot_bringup/hook/cmake_prefix_path.sh'
[0.298s] Level 1:colcon.colcon_core.environment:checking '/home/timi/ros2_ws/install/my_robot_bringup/bin'
[0.298s] Level 1:colcon.colcon_core.environment:checking '/home/timi/ros2_ws/install/my_robot_bringup/lib/pkgconfig/my_robot_bringup.pc'
[0.298s] Level 1:colcon.colcon_core.environment:checking '/home/timi/ros2_ws/install/my_robot_bringup/lib/python3.10/site-packages'
[0.298s] Level 1:colcon.colcon_core.environment:checking '/home/timi/ros2_ws/install/my_robot_bringup/bin'
[0.298s] INFO:colcon.colcon_core.shell:Creating package script '/home/timi/ros2_ws/install/my_robot_bringup/share/my_robot_bringup/package.ps1'
[0.298s] INFO:colcon.colcon_core.shell:Creating package descriptor '/home/timi/ros2_ws/install/my_robot_bringup/share/my_robot_bringup/package.dsv'
[0.299s] INFO:colcon.colcon_core.shell:Creating package script '/home/timi/ros2_ws/install/my_robot_bringup/share/my_robot_bringup/package.sh'
[0.299s] INFO:colcon.colcon_core.shell:Creating package script '/home/timi/ros2_ws/install/my_robot_bringup/share/my_robot_bringup/package.bash'
[0.299s] INFO:colcon.colcon_core.shell:Creating package script '/home/timi/ros2_ws/install/my_robot_bringup/share/my_robot_bringup/package.zsh'
[0.299s] Level 1:colcon.colcon_core.environment:create_file_with_runtime_dependencies(/home/timi/ros2_ws/install/my_robot_bringup/share/colcon-core/packages/my_robot_bringup)
[0.300s] Level 1:colcon.colcon_core.environment:create_environment_scripts_only(my_robot_bringup)
[0.300s] Level 1:colcon.colcon_core.environment:checking '/home/timi/ros2_ws/install/my_robot_bringup' for CMake module files
[0.300s] Level 1:colcon.colcon_core.environment:checking '/home/timi/ros2_ws/install/my_robot_bringup' for CMake config files
[0.300s] Level 1:colcon.colcon_core.shell:create_environment_hook('my_robot_bringup', 'cmake_prefix_path')
[0.300s] INFO:colcon.colcon_core.shell:Creating environment hook '/home/timi/ros2_ws/install/my_robot_bringup/share/my_robot_bringup/hook/cmake_prefix_path.ps1'
[0.300s] INFO:colcon.colcon_core.shell:Creating environment descriptor '/home/timi/ros2_ws/install/my_robot_bringup/share/my_robot_bringup/hook/cmake_prefix_path.dsv'
[0.301s] INFO:colcon.colcon_core.shell:Creating environment hook '/home/timi/ros2_ws/install/my_robot_bringup/share/my_robot_bringup/hook/cmake_prefix_path.sh'
[0.301s] Level 1:colcon.colcon_core.environment:checking '/home/timi/ros2_ws/install/my_robot_bringup/bin'
[0.301s] Level 1:colcon.colcon_core.environment:checking '/home/timi/ros2_ws/install/my_robot_bringup/lib/pkgconfig/my_robot_bringup.pc'
[0.301s] Level 1:colcon.colcon_core.environment:checking '/home/timi/ros2_ws/install/my_robot_bringup/lib/python3.10/site-packages'
[0.301s] Level 1:colcon.colcon_core.environment:checking '/home/timi/ros2_ws/install/my_robot_bringup/bin'
[0.301s] INFO:colcon.colcon_core.shell:Creating package script '/home/timi/ros2_ws/install/my_robot_bringup/share/my_robot_bringup/package.ps1'
[0.301s] INFO:colcon.colcon_core.shell:Creating package descriptor '/home/timi/ros2_ws/install/my_robot_bringup/share/my_robot_bringup/package.dsv'
[0.302s] INFO:colcon.colcon_core.shell:Creating package script '/home/timi/ros2_ws/install/my_robot_bringup/share/my_robot_bringup/package.sh'
[0.302s] INFO:colcon.colcon_core.shell:Creating package script '/home/timi/ros2_ws/install/my_robot_bringup/share/my_robot_bringup/package.bash'
[0.302s] INFO:colcon.colcon_core.shell:Creating package script '/home/timi/ros2_ws/install/my_robot_bringup/share/my_robot_bringup/package.zsh'
[0.302s] Level 1:colcon.colcon_core.environment:create_file_with_runtime_dependencies(/home/timi/ros2_ws/install/my_robot_bringup/share/colcon-core/packages/my_robot_bringup)
[0.303s] DEBUG:colcon.colcon_parallel_executor.executor.parallel:closing loop
[0.303s] DEBUG:colcon.colcon_parallel_executor.executor.parallel:loop closed
[0.303s] DEBUG:colcon.colcon_parallel_executor.executor.parallel:run_until_complete finished with '0'
[0.303s] DEBUG:colcon.colcon_core.event_reactor:joining thread
[0.306s] INFO:colcon.colcon_core.plugin_system:Skipping extension 'colcon_notification.desktop_notification.terminal_notifier': Not used on non-Darwin systems
[0.306s] INFO:colcon.colcon_core.plugin_system:Skipping extension 'colcon_notification.desktop_notification.win32': Not used on non-Windows systems
[0.306s] INFO:colcon.colcon_notification.desktop_notification:Sending desktop notification using 'notify2'
[0.315s] DEBUG:colcon.colcon_core.event_reactor:joined thread
[0.315s] INFO:colcon.colcon_core.shell:Creating prefix script '/home/timi/ros2_ws/install/local_setup.ps1'
[0.316s] INFO:colcon.colcon_core.shell:Creating prefix util module '/home/timi/ros2_ws/install/_local_setup_util_ps1.py'
[0.316s] INFO:colcon.colcon_core.shell:Creating prefix chain script '/home/timi/ros2_ws/install/setup.ps1'
[0.317s] INFO:colcon.colcon_core.shell:Creating prefix script '/home/timi/ros2_ws/install/local_setup.sh'
[0.317s] INFO:colcon.colcon_core.shell:Creating prefix util module '/home/timi/ros2_ws/install/_local_setup_util_sh.py'
[0.317s] INFO:colcon.colcon_core.shell:Creating prefix chain script '/home/timi/ros2_ws/install/setup.sh'
[0.318s] INFO:colcon.colcon_core.shell:Creating prefix script '/home/timi/ros2_ws/install/local_setup.bash'
[0.318s] INFO:colcon.colcon_core.shell:Creating prefix chain script '/home/timi/ros2_ws/install/setup.bash'
[0.319s] INFO:colcon.colcon_core.shell:Creating prefix script '/home/timi/ros2_ws/install/local_setup.zsh'
[0.319s] INFO:colcon.colcon_core.shell:Creating prefix chain script '/home/timi/ros2_ws/install/setup.zsh'
