[0.014s] Invoking command in '/home/timi/ros2_ws/build/my_robot_description': CMAKE_PREFIX_PATH=${CMAKE_PREFIX_PATH}:/opt/ros/humble /usr/bin/cmake /home/timi/ros2_ws/src/my_robot_description -DCMAKE_INSTALL_PREFIX=/home/timi/ros2_ws/install/my_robot_description
[0.024s] -- Found ament_cmake: 1.3.11 (/opt/ros/humble/share/ament_cmake/cmake)
[0.113s] -- Override CMake install command with custom implementation using symlinks instead of copying resources
[0.177s] -- Configuring done
[0.182s] -- Generating done
[0.183s] -- Build files have been written to: /home/timi/ros2_ws/build/my_robot_description
[0.189s] Invoked command in '/home/timi/ros2_ws/build/my_robot_description' returned '0': CMAKE_PREFIX_PATH=${CMAKE_PREFIX_PATH}:/opt/ros/humble /usr/bin/cmake /home/timi/ros2_ws/src/my_robot_description -DCMAKE_INSTALL_PREFIX=/home/timi/ros2_ws/install/my_robot_description
[0.190s] Invoking command in '/home/timi/ros2_ws/build/my_robot_description': CMAKE_PREFIX_PATH=${CMAKE_PREFIX_PATH}:/opt/ros/humble /usr/bin/cmake --build /home/timi/ros2_ws/build/my_robot_description -- -j20 -l20
[0.227s] Invoked command in '/home/timi/ros2_ws/build/my_robot_description' returned '0': CMAKE_PREFIX_PATH=${CMAKE_PREFIX_PATH}:/opt/ros/humble /usr/bin/cmake --build /home/timi/ros2_ws/build/my_robot_description -- -j20 -l20
[0.229s] Invoking command in '/home/timi/ros2_ws/build/my_robot_description': CMAKE_PREFIX_PATH=${CMAKE_PREFIX_PATH}:/opt/ros/humble /usr/bin/cmake --install /home/timi/ros2_ws/build/my_robot_description
[0.232s] -- Install configuration: ""
[0.233s] -- Execute custom install script
[0.233s] -- Up-to-date symlink: /home/timi/ros2_ws/install/my_robot_description/share/my_robot_description//urdf/common_properties.xacro
[0.233s] -- Up-to-date symlink: /home/timi/ros2_ws/install/my_robot_description/share/my_robot_description//urdf/mobile_base.xacro
[0.234s] -- Up-to-date symlink: /home/timi/ros2_ws/install/my_robot_description/share/my_robot_description//urdf/mobile_base_gazebo.xacro
[0.234s] -- Up-to-date symlink: /home/timi/ros2_ws/install/my_robot_description/share/my_robot_description//urdf/my_robot.urdf.xacro
[0.234s] -- Up-to-date symlink: /home/timi/ros2_ws/install/my_robot_description/share/my_robot_description//launch/display.launch.py
[0.235s] -- Up-to-date symlink: /home/timi/ros2_ws/install/my_robot_description/share/my_robot_description//launch/display.launch.xml
[0.235s] -- Up-to-date symlink: /home/timi/ros2_ws/install/my_robot_description/share/my_robot_description//rviz/urdf_config.rviz
[0.235s] -- Up-to-date symlink: /home/timi/ros2_ws/install/my_robot_description/share/ament_index/resource_index/package_run_dependencies/my_robot_description
[0.235s] -- Up-to-date symlink: /home/timi/ros2_ws/install/my_robot_description/share/ament_index/resource_index/parent_prefix_path/my_robot_description
[0.236s] -- Up-to-date symlink: /home/timi/ros2_ws/install/my_robot_description/share/my_robot_description/environment/ament_prefix_path.sh
[0.237s] -- Up-to-date symlink: /home/timi/ros2_ws/install/my_robot_description/share/my_robot_description/environment/ament_prefix_path.dsv
[0.237s] -- Up-to-date symlink: /home/timi/ros2_ws/install/my_robot_description/share/my_robot_description/environment/path.sh
[0.237s] -- Up-to-date symlink: /home/timi/ros2_ws/install/my_robot_description/share/my_robot_description/environment/path.dsv
[0.237s] -- Up-to-date symlink: /home/timi/ros2_ws/install/my_robot_description/share/my_robot_description/local_setup.bash
[0.237s] -- Up-to-date symlink: /home/timi/ros2_ws/install/my_robot_description/share/my_robot_description/local_setup.sh
[0.237s] -- Up-to-date symlink: /home/timi/ros2_ws/install/my_robot_description/share/my_robot_description/local_setup.zsh
[0.238s] -- Up-to-date symlink: /home/timi/ros2_ws/install/my_robot_description/share/my_robot_description/local_setup.dsv
[0.238s] -- Symlinking: /home/timi/ros2_ws/install/my_robot_description/share/my_robot_description/package.dsv
[0.243s] -- Up-to-date symlink: /home/timi/ros2_ws/install/my_robot_description/share/ament_index/resource_index/packages/my_robot_description
[0.243s] -- Up-to-date symlink: /home/timi/ros2_ws/install/my_robot_description/share/my_robot_description/cmake/my_robot_descriptionConfig.cmake
[0.244s] -- Up-to-date symlink: /home/timi/ros2_ws/install/my_robot_description/share/my_robot_description/cmake/my_robot_descriptionConfig-version.cmake
[0.244s] -- Up-to-date symlink: /home/timi/ros2_ws/install/my_robot_description/share/my_robot_description/package.xml
[0.272s] Invoked command in '/home/timi/ros2_ws/build/my_robot_description' returned '0': CMAKE_PREFIX_PATH=${CMAKE_PREFIX_PATH}:/opt/ros/humble /usr/bin/cmake --install /home/timi/ros2_ws/build/my_robot_description
