[0.021s] Invoking command in '/home/timi/ros2_ws/build/my_robot_bringup': CMAKE_PREFIX_PATH=${CMAKE_PREFIX_PATH}:/opt/ros/humble /usr/bin/cmake /home/timi/ros2_ws/src/my_robot_bringup -DCMAKE_INSTALL_PREFIX=/home/timi/ros2_ws/install/my_robot_bringup
[0.178s] -- The C compiler identification is GNU 11.4.0
[0.281s] -- The CXX compiler identification is GNU 11.4.0
[0.291s] -- Detecting C compiler ABI info
[0.345s] -- Detecting C compiler ABI info - done
[0.349s] -- Check for working C compiler: /usr/bin/cc - skipped
[0.350s] -- Detecting C compile features
[0.351s] -- Detecting C compile features - done
[0.354s] -- Detecting CXX compiler ABI info
[0.415s] -- Detecting CXX compiler ABI info - done
[0.420s] -- Check for working CXX compiler: /usr/bin/c++ - skipped
[0.420s] -- Detecting CXX compile features
[0.420s] -- Detecting CXX compile features - done
[0.430s] -- Found ament_cmake: 1.3.11 (/opt/ros/humble/share/ament_cmake/cmake)
[0.544s] -- Found Python3: /usr/bin/python3 (found version "3.10.12") found components: Interpreter 
[0.680s] -- Configuring done
[0.681s] -- Generating done
[0.682s] -- Build files have been written to: /home/timi/ros2_ws/build/my_robot_bringup
[0.685s] Invoked command in '/home/timi/ros2_ws/build/my_robot_bringup' returned '0': CMAKE_PREFIX_PATH=${CMAKE_PREFIX_PATH}:/opt/ros/humble /usr/bin/cmake /home/timi/ros2_ws/src/my_robot_bringup -DCMAKE_INSTALL_PREFIX=/home/timi/ros2_ws/install/my_robot_bringup
[0.686s] Invoking command in '/home/timi/ros2_ws/build/my_robot_bringup': CMAKE_PREFIX_PATH=${CMAKE_PREFIX_PATH}:/opt/ros/humble /usr/bin/cmake --build /home/timi/ros2_ws/build/my_robot_bringup -- -j20 -l20
[0.713s] Invoked command in '/home/timi/ros2_ws/build/my_robot_bringup' returned '0': CMAKE_PREFIX_PATH=${CMAKE_PREFIX_PATH}:/opt/ros/humble /usr/bin/cmake --build /home/timi/ros2_ws/build/my_robot_bringup -- -j20 -l20
[0.715s] Invoking command in '/home/timi/ros2_ws/build/my_robot_bringup': CMAKE_PREFIX_PATH=${CMAKE_PREFIX_PATH}:/opt/ros/humble /usr/bin/cmake --install /home/timi/ros2_ws/build/my_robot_bringup
[0.720s] -- Install configuration: ""
[0.720s] -- Installing: /home/timi/ros2_ws/install/my_robot_bringup/share/my_robot_bringup//launch
[0.720s] -- Installing: /home/timi/ros2_ws/install/my_robot_bringup/share/my_robot_bringup//launch/my_robot_gazebo.launch.xml
[0.720s] -- Installing: /home/timi/ros2_ws/install/my_robot_bringup/share/my_robot_bringup//config
[0.720s] -- Installing: /home/timi/ros2_ws/install/my_robot_bringup/share/my_robot_bringup//config/gazebo_bridge.yaml
[0.720s] -- Installing: /home/timi/ros2_ws/install/my_robot_bringup/share/my_robot_bringup//worlds
[0.721s] -- Installing: /home/timi/ros2_ws/install/my_robot_bringup/share/my_robot_bringup//worlds/test_world.sdf
[0.721s] -- Installing: /home/timi/ros2_ws/install/my_robot_bringup/share/ament_index/resource_index/package_run_dependencies/my_robot_bringup
[0.721s] -- Installing: /home/timi/ros2_ws/install/my_robot_bringup/share/ament_index/resource_index/parent_prefix_path/my_robot_bringup
[0.721s] -- Installing: /home/timi/ros2_ws/install/my_robot_bringup/share/my_robot_bringup/environment/ament_prefix_path.sh
[0.721s] -- Installing: /home/timi/ros2_ws/install/my_robot_bringup/share/my_robot_bringup/environment/ament_prefix_path.dsv
[0.721s] -- Installing: /home/timi/ros2_ws/install/my_robot_bringup/share/my_robot_bringup/environment/path.sh
[0.721s] -- Installing: /home/timi/ros2_ws/install/my_robot_bringup/share/my_robot_bringup/environment/path.dsv
[0.721s] -- Installing: /home/timi/ros2_ws/install/my_robot_bringup/share/my_robot_bringup/local_setup.bash
[0.721s] -- Installing: /home/timi/ros2_ws/install/my_robot_bringup/share/my_robot_bringup/local_setup.sh
[0.721s] -- Installing: /home/timi/ros2_ws/install/my_robot_bringup/share/my_robot_bringup/local_setup.zsh
[0.721s] -- Installing: /home/timi/ros2_ws/install/my_robot_bringup/share/my_robot_bringup/local_setup.dsv
[0.721s] -- Installing: /home/timi/ros2_ws/install/my_robot_bringup/share/my_robot_bringup/package.dsv
[0.721s] -- Installing: /home/timi/ros2_ws/install/my_robot_bringup/share/ament_index/resource_index/packages/my_robot_bringup
[0.721s] -- Installing: /home/timi/ros2_ws/install/my_robot_bringup/share/my_robot_bringup/cmake/my_robot_bringupConfig.cmake
[0.722s] -- Installing: /home/timi/ros2_ws/install/my_robot_bringup/share/my_robot_bringup/cmake/my_robot_bringupConfig-version.cmake
[0.722s] -- Installing: /home/timi/ros2_ws/install/my_robot_bringup/share/my_robot_bringup/package.xml
[0.723s] Invoked command in '/home/timi/ros2_ws/build/my_robot_bringup' returned '0': CMAKE_PREFIX_PATH=${CMAKE_PREFIX_PATH}:/opt/ros/humble /usr/bin/cmake --install /home/timi/ros2_ws/build/my_robot_bringup
